Archive member included to satisfy reference by file (symbol)

C:/devkitPro/libctru/lib\libcitro2d.a(base.o)
                              main.o (C2D_Init)
C:/devkitPro/libctru/lib\libcitro2d.a(spritesheet.o)
                              main.o (C2D_SpriteSheetLoad)
C:/devkitPro/libctru/lib\libcitro2d.a(render2d.shbin.o)
                              C:/devkitPro/libctru/lib\libcitro2d.a(base.o) (render2d_shbin)
C:/devkitPro/libctru/lib\libcitro3d.a(base.o)
                              main.o (C3D_Init)
C:/devkitPro/libctru/lib\libcitro3d.a(renderqueue.o)
                              C:/devkitPro/libctru/lib\libcitro3d.a(base.o) (C3Di_RenderQueueEnableVBlank)
C:/devkitPro/libctru/lib\libcitro3d.a(texture.o)
                              C:/devkitPro/libctru/lib\libcitro2d.a(base.o) (C3D_TexBind)
C:/devkitPro/libctru/lib\libcitro3d.a(tex3ds.o)
                              C:/devkitPro/libctru/lib\libcitro2d.a(spritesheet.o) (Tex3DS_TextureImport)
C:/devkitPro/libctru/lib\libcitro3d.a(framebuffer.o)
                              C:/devkitPro/libctru/lib\libcitro3d.a(renderqueue.o) (C3D_CalcColorBufSize)
C:/devkitPro/libctru/lib\libcitro3d.a(texenv.o)
                              C:/devkitPro/libctru/lib\libcitro2d.a(base.o) (C3D_GetTexEnv)
C:/devkitPro/libctru/lib\libcitro3d.a(drawElements.o)
                              C:/devkitPro/libctru/lib\libcitro2d.a(base.o) (C3D_DrawElements)
C:/devkitPro/libctru/lib\libcitro3d.a(proctex.o)
                              C:/devkitPro/libctru/lib\libcitro2d.a(base.o) (C3D_ProcTexInit)
C:/devkitPro/libctru/lib\libcitro3d.a(buffers.o)
                              C:/devkitPro/libctru/lib\libcitro2d.a(base.o) (BufInfo_Init)
C:/devkitPro/libctru/lib\libcitro3d.a(effect.o)
                              C:/devkitPro/libctru/lib\libcitro3d.a(base.o) (C3D_DepthMap)
C:/devkitPro/libctru/lib\libcitro3d.a(attribs.o)
                              C:/devkitPro/libctru/lib\libcitro2d.a(base.o) (AttrInfo_Init)
C:/devkitPro/libctru/lib\libcitro3d.a(immediate.o)
                              C:/devkitPro/libctru/lib\libcitro3d.a(base.o) (C3D_ImmSendAttrib)
C:/devkitPro/libctru/lib\libcitro3d.a(uniforms.o)
                              C:/devkitPro/libctru/lib\libcitro3d.a(base.o) (C3D_UpdateUniforms)
C:/devkitPro/libctru/lib\libcitro3d.a(mtx_ortho.o)
                              C:/devkitPro/libctru/lib\libcitro2d.a(base.o) (Mtx_Ortho)
C:/devkitPro/libctru/lib\libcitro3d.a(mtx_scale.o)
                              C:/devkitPro/libctru/lib\libcitro2d.a(base.o) (Mtx_Scale)
C:/devkitPro/libctru/lib\libcitro3d.a(mtx_multiply.o)
                              C:/devkitPro/libctru/lib\libcitro2d.a(base.o) (Mtx_Multiply)
C:/devkitPro/libctru/lib\libcitro3d.a(mtx_orthotilt.o)
                              C:/devkitPro/libctru/lib\libcitro2d.a(base.o) (Mtx_OrthoTilt)
C:/devkitPro/libctru/lib\libcitro3d.a(mtx_translate.o)
                              C:/devkitPro/libctru/lib\libcitro2d.a(base.o) (Mtx_Translate)
C:/devkitPro/libctru/lib\libcitro3d.a(mtx_rotatez.o)
                              C:/devkitPro/libctru/lib\libcitro2d.a(base.o) (Mtx_RotateZ)
C:/devkitPro/libctru/lib\libctru.a(vram.o)
                              C:/devkitPro/libctru/lib\libcitro3d.a(renderqueue.o) (vramAlloc)
C:/devkitPro/libctru/lib\libctru.a(linear.o)
                              C:/devkitPro/libctru/lib\libcitro2d.a(base.o) (linearAlloc)
C:/devkitPro/libctru/lib\libctru.a(mem_pool.o)
                              C:/devkitPro/libctru/lib\libctru.a(vram.o) (MemPool::Allocate(MemChunk&, unsigned long, int))
C:/devkitPro/libctru/lib\libctru.a(romfs_dev.o)
                              main.o (romfsMountSelf)
C:/devkitPro/libctru/lib\libctru.a(os.o)
                              C:/devkitPro/libctru/lib\libcitro3d.a(texture.o) (osConvertVirtToPhys)
C:/devkitPro/libctru/lib\libctru.a(console.o)
                              main.o (consoleInit)
C:/devkitPro/libctru/lib\libctru.a(path_buf.o)
                              C:/devkitPro/libctru/lib\libctru.a(romfs_dev.o) (__ctru_dev_utf16_buf)
C:/devkitPro/libctru/lib\libctru.a(gfx.o)
                              C:/devkitPro/libctru/lib\libcitro2d.a(base.o) (gfxIsWide)
C:/devkitPro/libctru/lib\libctru.a(shaderProgram.o)
                              C:/devkitPro/libctru/lib\libcitro2d.a(base.o) (shaderInstanceGetUniformLocation)
C:/devkitPro/libctru/lib\libctru.a(shbin.o)
                              C:/devkitPro/libctru/lib\libcitro2d.a(base.o) (DVLB_ParseFile)
C:/devkitPro/libctru/lib\libctru.a(gx.o)
                              C:/devkitPro/libctru/lib\libcitro3d.a(renderqueue.o) (GX_BindQueue)
C:/devkitPro/libctru/lib\libctru.a(gxqueue.o)
                              C:/devkitPro/libctru/lib\libcitro3d.a(renderqueue.o) (gxCmdQueueClear)
C:/devkitPro/libctru/lib\libctru.a(gpu.o)
                              C:/devkitPro/libctru/lib\libcitro3d.a(base.o) (gpuCmdBufOffset)
C:/devkitPro/libctru/lib\libctru.a(gspgpu.o)
[...]
Memory Configuration

Name             Origin             Length             Attributes
*default*        0x00000000         0xffffffff

Linker script and memory map

                0x00100000                        PROVIDE (__start__ = 0x100000)
                0x00100000                        . = __start__

.text           0x00100000    0x28950
 *(.crt0)
 .crt0          0x00100000       0x94 c:/devkitpro/devkitarm/bin/../lib/gcc/arm-none-eabi/12.2.0/../../../../arm-none-eabi/lib/armv6k/fpu/3dsx_crt0.o
                0x00100000                _start
                0x00100008                __service_ptr
                0x0010000c                __apt_appid
                0x00100010                __heap_size
                0x00100014                __linear_heap_size
                0x00100018                __system_arglist
                0x0010001c                __system_runflags
 *(.init)
 .init          0x00100094        0xc c:/devkitpro/devkitarm/bin/../lib/gcc/arm-none-eabi/12.2.0/armv6k/fpu/crti.o
                0x00100094                _init
 .init          0x001000a0        0xc c:/devkitpro/devkitarm/bin/../lib/gcc/arm-none-eabi/12.2.0/armv6k/fpu/crtn.o
                0x001000ac                        . = ALIGN (0x4)
 *(.text)
 .text          0x001000ac      0x20c c:/devkitpro/devkitarm/bin/../lib/gcc/arm-none-eabi/12.2.0/armv6k/fpu\libgcc.a(_udivsi3.o)
                0x001000ac                __aeabi_uidiv
                0x001000ac                __udivsi3
                0x00100298                __aeabi_uidivmod
 .text          0x001002b8      0x240 c:/devkitpro/devkitarm/bin/../lib/gcc/arm-none-eabi/12.2.0/armv6k/fpu\libgcc.a(_divsi3.o)
                0x001002b8                __divsi3
                0x001002b8                __aeabi_idiv
                0x001004d8                __aeabi_idivmod
 .text          0x001004f8        0x4 c:/devkitpro/devkitarm/bin/../lib/gcc/arm-none-eabi/12.2.0/armv6k/fpu\libgcc.a(_dvmd_tls.o)
                0x001004f8                __aeabi_idiv0
                0x001004f8                __aeabi_ldiv0
 .text          0x001004fc      0x3c0 c:/devkitpro/devkitarm/bin/../lib/gcc/arm-none-eabi/12.2.0/armv6k/fpu\libgcc.a(_arm_addsubdf3.o)
                0x001004fc                __aeabi_drsub
                0x00100504                __aeabi_dsub
                0x00100504                __subdf3
                0x00100508                __aeabi_dadd
                0x00100508                __adddf3
                0x001007b4                __floatunsidf
                0x001007b4                __aeabi_ui2d
                0x001007d8                __floatsidf
                0x001007d8                __aeabi_i2d
                0x00100800                __aeabi_f2d
                0x00100800                __extendsfdf2
                0x00100848                __floatundidf
                0x00100848                __aeabi_ul2d
                0x0010085c                __floatdidf
                0x0010085c                __aeabi_l2d
 .text          0x001008bc       0xd4 c:/devkitpro/devkitarm/bin/../lib/gcc/arm-none-eabi/12.2.0/armv6k/fpu\libgcc.a(_aeabi_ldivmod.o)
                0x001008bc                __aeabi_ldivmod
 .text          0x00100990       0x3c c:/devkitpro/devkitarm/bin/../lib/gcc/arm-none-eabi/12.2.0/armv6k/fpu\libgcc.a(_aeabi_uldivmod.o)
                0x00100990                __aeabi_uldivmod
 *fill*         0x001009cc       0x14 
 .text          0x001009e0      0x390 c:/devkitpro/devkitarm/bin/../lib/gcc/arm-none-eabi/12.2.0/../../../../arm-none-eabi/lib/armv6k/fpu\libg.a(libc_a-strcmp.o)
                0x001009e8                strcmp
 *(.text.*)
 .text.__do_global_dtors_aux
                0x00100d70       0x40 c:/devkitpro/devkitarm/bin/../lib/gcc/arm-none-eabi/12.2.0/armv6k/fpu/crtbegin.o
 .text.frame_dummy
                0x00100db0       0x2c c:/devkitpro/devkitarm/bin/../lib/gcc/arm-none-eabi/12.2.0/armv6k/fpu/crtbegin.o
 .text.startup.main
                0x00100ddc     0x16a8 main.o
                0x00100ddc                main
 .text.C2Di_FrameEndHook
                0x00102484       0x44 C:/devkitPro/libctru/lib\libcitro2d.a(base.o)
 .text.C2D_Init
                0x001024c8      0x36c C:/devkitPro/libctru/lib\libcitro2d.a(base.o)
                0x001024c8                C2D_Init
 .text.C2D_Fini
                0x00102834       0x4c C:/devkitPro/libctru/lib\libcitro2d.a(base.o)
                0x00102834                C2D_Fini
 .text.C2D_Prepare
                0x00102880       0xb8 C:/devkitPro/libctru/lib\libcitro2d.a(base.o)
                0x00102880                C2D_Prepare
 .text.C2D_Flush
                0x00102938       0x48 C:/devkitPro/libctru/lib\libcitro2d.a(base.o)
                0x00102938                C2D_Flush
 .text.C2D_SceneSize
                0x00102980      0x104 C:/devkitPro/libctru/lib\libcitro2d.a(base.o)
                0x00102980                C2D_SceneSize
 .text.C2D_CreateScreenTarget
                0x00102a84       0x58 C:/devkitPro/libctru/lib\libcitro2d.a(base.o)
                0x00102a84                C2D_CreateScreenTarget
 .text.C2D_TargetClear
                0x00102adc       0x64 C:/devkitPro/libctru/lib\libcitro2d.a(base.o)
                0x00102adc                C2D_TargetClear
 .text.C2Di_CalcQuad
                0x00102b40      0x13c C:/devkitPro/libctru/lib\libcitro2d.a(base.o)
                0x00102b40                C2Di_CalcQuad
 .text.C2Di_AppendQuad
                0x00102c7c       0x58 C:/devkitPro/libctru/lib\libcitro2d.a(base.o)
                0x00102c7c                C2Di_AppendQuad
 .text.C2Di_Update
                0x00102cd4      0x550 C:/devkitPro/libctru/lib\libcitro2d.a(base.o)
                0x00102cd4                C2Di_Update
 .text.C2D_DrawImage
                0x00103224      0x2b0 C:/devkitPro/libctru/lib\libcitro2d.a(base.o)
                0x00103224                C2D_DrawImage
 .text.C2D_DrawLine
                0x001034d4      0x1dc C:/devkitPro/libctru/lib\libcitro2d.a(base.o)
                0x001034d4                C2D_DrawLine
 .text.C2D_SpriteSheetLoadFromHandle
                0x001036b0       0x6c C:/devkitPro/libctru/lib\libcitro2d.a(spritesheet.o)
                0x001036b0                C2D_SpriteSheetLoadFromHandle
 .text.C2D_SpriteSheetLoad
                0x0010371c       0x48 C:/devkitPro/libctru/lib\libcitro2d.a(spritesheet.o)
                0x0010371c                C2D_SpriteSheetLoad
 .text.C2D_SpriteSheetFree
                0x00103764       0x28 C:/devkitPro/libctru/lib\libcitro2d.a(spritesheet.o)
                0x00103764                C2D_SpriteSheetFree
 .text.C2D_SpriteSheetCount
                0x0010378c        0x8 C:/devkitPro/libctru/lib\libcitro2d.a(spritesheet.o)
                0x0010378c                C2D_SpriteSheetCount
 .text.C2D_SpriteSheetGetImage
                0x00103794       0x2c C:/devkitPro/libctru/lib\libcitro2d.a(spritesheet.o)
                0x00103794                C2D_SpriteSheetGetImage
 .text.C3Di_LightEnvUpdate
                0x001037c0        0x4 C:/devkitPro/libctru/lib\libcitro3d.a(base.o)
                0x001037c0                C3Di_LightEnvUpdate
 .text.C3Di_LightEnvDirty
                0x001037c4        0x4 C:/devkitPro/libctru/lib\libcitro3d.a(base.o)
                0x001037c4                C3Di_LightEnvDirty
 .text.C3Di_AptEventHook
                0x001037c8       0xb4 C:/devkitPro/libctru/lib\libcitro3d.a(base.o)
 .text.C3Di_GasUpdate
                0x0010387c        0x4 C:/devkitPro/libctru/lib\libcitro3d.a(base.o)
                0x0010387c                C3Di_GasUpdate
 .text.C3D_Init
                0x00103880      0x1e0 C:/devkitPro/libctru/lib\libcitro3d.a(base.o)
                0x00103880                C3D_Init
 .text.C3D_SetViewport
                0x00103a60       0x98 C:/devkitPro/libctru/lib\libcitro3d.a(base.o)
                0x00103a60                C3D_SetViewport
 .text.C3Di_UpdateContext
                0x00103af8      0x4e8 C:/devkitPro/libctru/lib\libcitro3d.a(base.o)
                0x00103af8                C3Di_UpdateContext
 .text.C3Di_SplitFrame
                0x00103fe0       0xe0 C:/devkitPro/libctru/lib\libcitro3d.a(base.o)
                0x00103fe0                C3Di_SplitFrame
 .text.C3D_Fini
                0x001040c0       0x44 C:/devkitPro/libctru/lib\libcitro3d.a(base.o)
                0x001040c0                C3D_Fini
 .text.C3D_BindProgram
                0x00104104      0x114 C:/devkitPro/libctru/lib\libcitro3d.a(base.o)
                0x00104104                C3D_BindProgram
 .text.onVBlank0
                0x00104218       0x4c C:/devkitPro/libctru/lib\libcitro3d.a(renderqueue.o)
 .text.onVBlank1
                0x00104264       0x4c C:/devkitPro/libctru/lib\libcitro3d.a(renderqueue.o)
 .text.C3Di_RenderTargetDestroy
                0x001042b0       0x80 C:/devkitPro/libctru/lib\libcitro3d.a(renderqueue.o)
 .text.onQueueFinish
                0x00104330       0xf4 C:/devkitPro/libctru/lib\libcitro3d.a(renderqueue.o)
 .text.C3Di_RenderQueueEnableVBlank
                0x00104424       0x38 C:/devkitPro/libctru/lib\libcitro3d.a(renderqueue.o)
                0x00104424                C3Di_RenderQueueEnableVBlank
 .text.C3Di_RenderQueueDisableVBlank
                0x0010445c       0x30 C:/devkitPro/libctru/lib\libcitro3d.a(renderqueue.o)
                0x0010445c                C3Di_RenderQueueDisableVBlank
 .text.C3Di_RenderQueueInit
                0x0010448c       0x60 C:/devkitPro/libctru/lib\libcitro3d.a(renderqueue.o)
                0x0010448c                C3Di_RenderQueueInit
 .text.C3Di_RenderQueueExit
                0x001044ec       0xb0 C:/devkitPro/libctru/lib\libcitro3d.a(renderqueue.o)
                0x001044ec                C3Di_RenderQueueExit
 .text.C3Di_RenderQueueWaitDone
                0x0010459c       0x34 C:/devkitPro/libctru/lib\libcitro3d.a(renderqueue.o)
                0x0010459c                C3Di_RenderQueueWaitDone
 .text.C3D_FrameBegin
                0x001045d0       0xe4 C:/devkitPro/libctru/lib\libcitro3d.a(renderqueue.o)
                0x001045d0                C3D_FrameBegin
 .text.C3D_FrameDrawOn
                0x001046b4       0x48 C:/devkitPro/libctru/lib\libcitro3d.a(renderqueue.o)
                0x001046b4                C3D_FrameDrawOn
 .text.C3D_FrameSplit
                0x001046fc       0x58 C:/devkitPro/libctru/lib\libcitro3d.a(renderqueue.o)
                0x001046fc                C3D_FrameSplit
 .text.C3D_FrameEnd
                0x00104754      0x1d8 C:/devkitPro/libctru/lib\libcitro3d.a(renderqueue.o)
                0x00104754                C3D_FrameEnd
 .text.C3D_FrameEndHook
                0x0010492c       0x1c C:/devkitPro/libctru/lib\libcitro3d.a(renderqueue.o)
                0x0010492c                C3D_FrameEndHook
 .text.C3D_RenderTargetCreate
                0x00104948      0x184 C:/devkitPro/libctru/lib\libcitro3d.a(renderqueue.o)
                0x00104948                C3D_RenderTargetCreate
 .text.C3D_RenderTargetSetOutput
                0x00104acc       0xa8 C:/devkitPro/libctru/lib\libcitro3d.a(renderqueue.o)
                0x00104acc                C3D_RenderTargetSetOutput
 .text.C3D_SyncTextureCopy
                0x00104b74       0xfc C:/devkitPro/libctru/lib\libcitro3d.a(renderqueue.o)
                0x00104b74                C3D_SyncTextureCopy
 .text.C3D_TexInitWithParams
                0x00104c70      0x294 C:/devkitPro/libctru/lib\libcitro3d.a(texture.o)
                0x00104c70                C3D_TexInitWithParams
 .text.C3D_TexLoadImage
                0x00104f04       0xc8 C:/devkitPro/libctru/lib\libcitro3d.a(texture.o)
                0x00104f04                C3D_TexLoadImage
 .text.C3D_TexBind
                0x00104fcc       0x44 C:/devkitPro/libctru/lib\libcitro3d.a(texture.o)
                0x00104fcc                C3D_TexBind
 .text.C3D_TexDelete
                0x00105010       0x74 C:/devkitPro/libctru/lib\libcitro3d.a(texture.o)
                0x00105010                C3D_TexDelete
 .text.C3Di_SetTex
                0x00105084      0x16c C:/devkitPro/libctru/lib\libcitro3d.a(texture.o)
                0x00105084                C3Di_SetTex
 .text.Tex3DSi_ImportCommon
                0x001051f0      0x3f4 C:/devkitPro/libctru/lib\libcitro3d.a(tex3ds.o)
 .text.Tex3DS_TextureImportStdio
                0x001055e4       0x38 C:/devkitPro/libctru/lib\libcitro3d.a(tex3ds.o)
                0x001055e4                Tex3DS_TextureImportStdio
 .text.Tex3DS_GetNumSubTextures
                0x0010561c        0x8 C:/devkitPro/libctru/lib\libcitro3d.a(tex3ds.o)
                0x0010561c                Tex3DS_GetNumSubTextures
 .text.Tex3DS_GetSubTexture
                0x00105624       0x1c C:/devkitPro/libctru/lib\libcitro3d.a(tex3ds.o)
                0x00105624                Tex3DS_GetSubTexture
 .text.Tex3DS_TextureFree
                0x00105640        0x4 C:/devkitPro/libctru/lib\libcitro3d.a(tex3ds.o)
                0x00105640                Tex3DS_TextureFree
 .text.C3D_CalcColorBufSize
                0x00105644       0x1c C:/devkitPro/libctru/lib\libcitro3d.a(framebuffer.o)
                0x00105644                C3D_CalcColorBufSize
 .text.C3D_CalcDepthBufSize
                0x00105660       0x1c C:/devkitPro/libctru/lib\libcitro3d.a(framebuffer.o)
                0x00105660                C3D_CalcDepthBufSize
 .text.C3D_SetFrameBuf
                0x0010567c       0x44 C:/devkitPro/libctru/lib\libcitro3d.a(framebuffer.o)
                0x0010567c                C3D_SetFrameBuf
 .text.C3Di_FrameBufBind
                0x001056c0      0x16c C:/devkitPro/libctru/lib\libcitro3d.a(framebuffer.o)
                0x001056c0                C3Di_FrameBufBind
 .text.C3D_FrameBufClear
                0x0010582c       0xc8 C:/devkitPro/libctru/lib\libcitro3d.a(framebuffer.o)
                0x0010582c                C3D_FrameBufClear
 .text.C3D_FrameBufTransfer
                0x001058f4       0x44 C:/devkitPro/libctru/lib\libcitro3d.a(framebuffer.o)
                0x001058f4                C3D_FrameBufTransfer
 .text.C3D_GetTexEnv
                0x00105938       0x34 C:/devkitPro/libctru/lib\libcitro3d.a(texenv.o)
                0x00105938                C3D_GetTexEnv
 .text.C3Di_TexEnvBind
                0x0010596c       0x24 C:/devkitPro/libctru/lib\libcitro3d.a(texenv.o)
                0x0010596c                C3Di_TexEnvBind
 .text.C3D_DrawElements
                0x00105990      0x218 C:/devkitPro/libctru/lib\libcitro3d.a(drawElements.o)
                0x00105990                C3D_DrawElements
 .text.C3D_ProcTexInit
                0x00105ba8       0x70 C:/devkitPro/libctru/lib\libcitro3d.a(proctex.o)
                0x00105ba8                C3D_ProcTexInit
 .text.C3D_ProcTexBind
                0x00105c18       0x54 C:/devkitPro/libctru/lib\libcitro3d.a(proctex.o)
                0x00105c18                C3D_ProcTexBind
 .text.C3D_ProcTexLutBind
                0x00105c6c       0x5c C:/devkitPro/libctru/lib\libcitro3d.a(proctex.o)
                0x00105c6c                C3D_ProcTexLutBind
 .text.ProcTexLut_FromArray
                0x00105cc8       0xa4 C:/devkitPro/libctru/lib\libcitro3d.a(proctex.o)
                0x00105cc8                ProcTexLut_FromArray
 .text.C3Di_ProcTexUpdate
                0x00105d6c      0x17c C:/devkitPro/libctru/lib\libcitro3d.a(proctex.o)
                0x00105d6c                C3Di_ProcTexUpdate
 .text.C3Di_ProcTexDirty
                0x00105ee8       0x68 C:/devkitPro/libctru/lib\libcitro3d.a(proctex.o)
                0x00105ee8                C3Di_ProcTexDirty
 .text.BufInfo_Init
                0x00105f50       0x24 C:/devkitPro/libctru/lib\libcitro3d.a(buffers.o)
                0x00105f50                BufInfo_Init
 .text.BufInfo_Add
                0x00105f74       0x80 C:/devkitPro/libctru/lib\libcitro3d.a(buffers.o)
                0x00105f74                BufInfo_Add
 .text.C3D_SetBufInfo
                0x00105ff4       0x40 C:/devkitPro/libctru/lib\libcitro3d.a(buffers.o)
                0x00105ff4                C3D_SetBufInfo
 .text.C3Di_BufInfoBind
                0x00106034       0x48 C:/devkitPro/libctru/lib\libcitro3d.a(buffers.o)
                0x00106034                C3Di_BufInfoBind
 .text.C3D_DepthMap
                0x0010607c       0x40 C:/devkitPro/libctru/lib\libcitro3d.a(effect.o)
                0x0010607c                C3D_DepthMap
 .text.C3D_CullFace
                0x001060bc       0x1c C:/devkitPro/libctru/lib\libcitro3d.a(effect.o)
                0x001060bc                C3D_CullFace
 .text.C3D_StencilTest
                0x001060d8       0x40 C:/devkitPro/libctru/lib\libcitro3d.a(effect.o)
                0x001060d8                C3D_StencilTest
 .text.C3D_StencilOp
                0x00106118       0x24 C:/devkitPro/libctru/lib\libcitro3d.a(effect.o)
                0x00106118                C3D_StencilOp
 .text.C3D_BlendingColor
                0x0010613c       0x1c C:/devkitPro/libctru/lib\libcitro3d.a(effect.o)
                0x0010613c                C3D_BlendingColor
 .text.C3D_EarlyDepthTest
                0x00106158       0x24 C:/devkitPro/libctru/lib\libcitro3d.a(effect.o)
                0x00106158                C3D_EarlyDepthTest
 .text.C3D_DepthTest
                0x0010617c       0x2c C:/devkitPro/libctru/lib\libcitro3d.a(effect.o)
                0x0010617c                C3D_DepthTest
 .text.C3D_AlphaTest
                0x001061a8       0x2c C:/devkitPro/libctru/lib\libcitro3d.a(effect.o)
                0x001061a8                C3D_AlphaTest
 .text.C3D_AlphaBlend
                0x001061d4       0x50 C:/devkitPro/libctru/lib\libcitro3d.a(effect.o)
                0x001061d4                C3D_AlphaBlend
 .text.C3D_FragOpMode
                0x00106224       0x30 C:/devkitPro/libctru/lib\libcitro3d.a(effect.o)
                0x00106224                C3D_FragOpMode
 .text.C3D_FragOpShadow
                0x00106254       0x44 C:/devkitPro/libctru/lib\libcitro3d.a(effect.o)
                0x00106254                C3D_FragOpShadow
 .text.C3Di_EffectBind
                0x00106298      0x1ac C:/devkitPro/libctru/lib\libcitro3d.a(effect.o)
                0x00106298                C3Di_EffectBind
 .text.AttrInfo_Init
                0x00106444       0x28 C:/devkitPro/libctru/lib\libcitro3d.a(attribs.o)
                0x00106444                AttrInfo_Init
 .text.AttrInfo_AddLoader
                0x0010646c       0x94 C:/devkitPro/libctru/lib\libcitro3d.a(attribs.o)
                0x0010646c                AttrInfo_AddLoader
 .text.C3D_SetAttrInfo
                0x00106500       0x54 C:/devkitPro/libctru/lib\libcitro3d.a(attribs.o)
                0x00106500                C3D_SetAttrInfo
 .text.C3Di_AttrInfoBind
                0x00106554       0x80 C:/devkitPro/libctru/lib\libcitro3d.a(attribs.o)
                0x00106554                C3Di_AttrInfoBind
 .text.C3D_ImmSendAttrib
                0x001065d4       0xa8 C:/devkitPro/libctru/lib\libcitro3d.a(immediate.o)
                0x001065d4                C3D_ImmSendAttrib
 .text.C3D_UpdateUniforms
                0x0010667c      0x280 C:/devkitPro/libctru/lib\libcitro3d.a(uniforms.o)
                0x0010667c                C3D_UpdateUniforms
 .text.C3Di_DirtyUniforms
                0x001068fc       0xc0 C:/devkitPro/libctru/lib\libcitro3d.a(uniforms.o)
                0x001068fc                C3Di_DirtyUniforms
 .text.C3Di_LoadShaderUniforms
                0x001069bc       0xd8 C:/devkitPro/libctru/lib\libcitro3d.a(uniforms.o)
                0x001069bc                C3Di_LoadShaderUniforms
 .text.C3Di_ClearShaderUniforms
                0x00106a94       0x28 C:/devkitPro/libctru/lib\libcitro3d.a(uniforms.o)
                0x00106a94                C3Di_ClearShaderUniforms
 .text.Mtx_Ortho
                0x00106abc       0xcc C:/devkitPro/libctru/lib\libcitro3d.a(mtx_ortho.o)
                0x00106abc                Mtx_Ortho
 .text.Mtx_OrthoTilt
                0x00106b88       0xcc C:/devkitPro/libctru/lib\libcitro3d.a(mtx_orthotilt.o)
                0x00106b88                Mtx_OrthoTilt
 .text._ZL21addrMapNodeComparatorPK11rbtree_nodeS1_
                0x00106c54       0x24 C:/devkitPro/libctru/lib\libctru.a(vram.o)
 .text._ZL21addrMapNodeDestructorP11rbtree_node
                0x00106c78        0x4 C:/devkitPro/libctru/lib\libctru.a(vram.o)
 .text.vramMemAlignAt
                0x00106c7c      0x250 C:/devkitPro/libctru/lib\libctru.a(vram.o)
                0x00106c7c                vramMemAlignAt
 .text.vramAlloc
                0x00106ecc        0xc C:/devkitPro/libctru/lib\libctru.a(vram.o)
                0x00106ecc                vramAlloc
 .text.vramAllocAt
                0x00106ed8        0xc C:/devkitPro/libctru/lib\libctru.a(vram.o)
                0x00106ed8                vramAllocAt
 .text.vramFree
                0x00106ee4       0x90 C:/devkitPro/libctru/lib\libctru.a(vram.o)
                0x00106ee4                vramFree
 .text._ZL21addrMapNodeComparatorPK11rbtree_nodeS1_
                0x00106f74       0x24 C:/devkitPro/libctru/lib\libctru.a(linear.o)
 .text._ZL21addrMapNodeDestructorP11rbtree_node
                0x00106f98        0x4 C:/devkitPro/libctru/lib\libctru.a(linear.o)
 .text.linearMemAlign
                0x00106f9c      0x120 C:/devkitPro/libctru/lib\libctru.a(linear.o)
                0x00106f9c                linearMemAlign
 .text.linearAlloc
                0x001070bc        0x8 C:/devkitPro/libctru/lib\libctru.a(linear.o)
                0x001070bc                linearAlloc
 .text.linearFree
                0x001070c4       0x5c C:/devkitPro/libctru/lib\libctru.a(linear.o)
                0x001070c4                linearFree
 .text._ZN7MemPool13CoalesceRightEP8MemBlock
                0x00107120       0x80 C:/devkitPro/libctru/lib\libctru.a(mem_pool.o)
                0x00107120                MemPool::CoalesceRight(MemBlock*)
 .text._ZN7MemPool8AllocateER8MemChunkmi
                0x001071a0      0x16c C:/devkitPro/libctru/lib\libctru.a(mem_pool.o)
                0x001071a0                MemPool::Allocate(MemChunk&, unsigned long, int)
 .text._ZN7MemPool10DeallocateERK8MemChunk
                0x0010730c       0xfc C:/devkitPro/libctru/lib\libctru.a(mem_pool.o)
                0x0010730c                MemPool::Deallocate(MemChunk const&)
 .text._ZN7MemPool12GetFreeSpaceEv
                0x00107408       0x30 C:/devkitPro/libctru/lib\libctru.a(mem_pool.o)
                0x00107408                MemPool::GetFreeSpace()
 .text.romfs_close
                0x00107438        0x8 C:/devkitPro/libctru/lib\libctru.a(romfs_dev.o)
 .text.romfs_seek
                0x00107440       0xc0 C:/devkitPro/libctru/lib\libctru.a(romfs_dev.o)
 .text.romfs_dirreset
                0x00107500       0x24 C:/devkitPro/libctru/lib\libctru.a(romfs_dev.o)
 .text.fill_dir
                0x00107524       0xc8 C:/devkitPro/libctru/lib\libctru.a(romfs_dev.o)
 .text.romfs_dirnext
                0x001075ec      0x28c C:/devkitPro/libctru/lib\libctru.a(romfs_dev.o)
 .text.romfs_free
                0x00107878       0x84 C:/devkitPro/libctru/lib\libctru.a(romfs_dev.o)
 .text.searchForFile.constprop.0
                0x001078fc       0xd4 C:/devkitPro/libctru/lib\libctru.a(romfs_dev.o)
 .text.searchForDir.constprop.0
                0x001079d0       0xd8 C:/devkitPro/libctru/lib\libctru.a(romfs_dev.o)
 .text.navigateToDir.constprop.0
                0x00107aa8      0x1c0 C:/devkitPro/libctru/lib\libctru.a(romfs_dev.o)
 .text.romfs_open
                0x00107c68      0x10c C:/devkitPro/libctru/lib\libctru.a(romfs_dev.o)
 .text.romfs_chdir
                0x00107d74       0x4c C:/devkitPro/libctru/lib\libctru.a(romfs_dev.o)
 .text.romfs_diropen
                0x00107dc0       0x70 C:/devkitPro/libctru/lib\libctru.a(romfs_dev.o)
 .text.romfs_stat
                0x00107e30      0x174 C:/devkitPro/libctru/lib\libctru.a(romfs_dev.o)
 .text.romfs_dirclose
                0x00107fa4        0x8 C:/devkitPro/libctru/lib\libctru.a(romfs_dev.o)
 *fill*         0x00107fac        0x4 
 .text.romfs_fstat
                0x00107fb0       0x84 C:/devkitPro/libctru/lib\libctru.a(romfs_dev.o)
 .text.romfs_read
                0x00108034       0xd0 C:/devkitPro/libctru/lib\libctru.a(romfs_dev.o)
 .text.romfsMountFromFile
                0x00108104      0x28c C:/devkitPro/libctru/lib\libctru.a(romfs_dev.o)
                0x00108104                romfsMountFromFile
 .text.romfsMountFromCurrentProcess
                0x00108390       0x98 C:/devkitPro/libctru/lib\libctru.a(romfs_dev.o)
                0x00108390                romfsMountFromCurrentProcess
 .text.romfsMountSelf
                0x00108428      0x260 C:/devkitPro/libctru/lib\libctru.a(romfs_dev.o)
                0x00108428                romfsMountSelf
 .text.romfsUnmount
                0x00108688       0xa0 C:/devkitPro/libctru/lib\libctru.a(romfs_dev.o)
                0x00108688                romfsUnmount
 .text.osConvertVirtToPhys
                0x00108728       0x74 C:/devkitPro/libctru/lib\libctru.a(os.o)
                0x00108728                osConvertVirtToPhys
 .text.osGetTimeRef
                0x0010879c       0x54 C:/devkitPro/libctru/lib\libctru.a(os.o)
                0x0010879c                osGetTimeRef
 .text.osGetTime
                0x001087f0       0xec C:/devkitPro/libctru/lib\libctru.a(os.o)
                0x001087f0                osGetTime
 .text.__ctru_speedup_config
                0x001088dc       0x34 C:/devkitPro/libctru/lib\libctru.a(os.o)
                0x001088dc                __ctru_speedup_config
 .text.parseColor
                0x00108910      0x1e8 C:/devkitPro/libctru/lib\libctru.a(console.o)
 .text.consoleDrawChar
                0x00108af8      0x1ac C:/devkitPro/libctru/lib\libctru.a(console.o)
                0x00108af8                consoleDrawChar
 .text.consolePrintChar
                0x00108ca4      0x124 C:/devkitPro/libctru/lib\libctru.a(console.o)
                0x00108ca4                consolePrintChar
 .text.con_write
                0x00108dc8      0xb94 C:/devkitPro/libctru/lib\libctru.a(console.o)
                0x00108dc8                con_write
 .text.newRow   0x0010995c       0xfc C:/devkitPro/libctru/lib\libctru.a(console.o)
 .text.consoleInit
                0x00109a58      0x170 C:/devkitPro/libctru/lib\libctru.a(console.o)
                0x00109a58                consoleInit
 .text.gfxPresentFramebuffer
                0x00109bc8       0xd0 C:/devkitPro/libctru/lib\libctru.a(gfx.o)
 .text.gfxIsWide
                0x00109c98       0x1c C:/devkitPro/libctru/lib\libctru.a(gfx.o)
                0x00109c98                gfxIsWide
 .text.gfxSetScreenFormat
                0x00109cb4       0xec C:/devkitPro/libctru/lib\libctru.a(gfx.o)
                0x00109cb4                gfxSetScreenFormat
 .text.gfxSetDoubleBuffering
                0x00109da0       0x10 C:/devkitPro/libctru/lib\libctru.a(gfx.o)
                0x00109da0                gfxSetDoubleBuffering
 .text.gfxInit  0x00109db0       0xe0 C:/devkitPro/libctru/lib\libctru.a(gfx.o)
                0x00109db0                gfxInit
 .text.gfxInitDefault
                0x00109e90       0x10 C:/devkitPro/libctru/lib\libctru.a(gfx.o)
                0x00109e90                gfxInitDefault
 .text.gfxExit  0x00109ea0       0xb4 C:/devkitPro/libctru/lib\libctru.a(gfx.o)
                0x00109ea0                gfxExit
 .text.gfxGetFramebuffer
                0x00109f54       0xa0 C:/devkitPro/libctru/lib\libctru.a(gfx.o)
                0x00109f54                gfxGetFramebuffer
 .text.gfxFlushBuffers
                0x00109ff4      0x104 C:/devkitPro/libctru/lib\libctru.a(gfx.o)
                0x00109ff4                gfxFlushBuffers
 .text.gfxScreenSwapBuffers
                0x0010a0f8       0x30 C:/devkitPro/libctru/lib\libctru.a(gfx.o)
                0x0010a0f8                gfxScreenSwapBuffers
 .text.gfxSwapBuffersGpu
                0x0010a128       0x50 C:/devkitPro/libctru/lib\libctru.a(gfx.o)
                0x0010a128                gfxSwapBuffersGpu
 .text.shaderInstanceInit
                0x0010a178      0x1d4 C:/devkitPro/libctru/lib\libctru.a(shaderProgram.o)
                0x0010a178                shaderInstanceInit
 .text.shaderInstanceGetUniformLocation
                0x0010a34c       0x18 C:/devkitPro/libctru/lib\libctru.a(shaderProgram.o)
                0x0010a34c                shaderInstanceGetUniformLocation
 .text.shaderProgramInit
                0x0010a364       0x1c C:/devkitPro/libctru/lib\libctru.a(shaderProgram.o)
                0x0010a364                shaderProgramInit
 .text.shaderProgramFree
                0x0010a380       0x64 C:/devkitPro/libctru/lib\libctru.a(shaderProgram.o)
                0x0010a380                shaderProgramFree
 .text.shaderProgramSetVsh
                0x0010a3e4       0x80 C:/devkitPro/libctru/lib\libctru.a(shaderProgram.o)
                0x0010a3e4                shaderProgramSetVsh
 .text.shaderProgramConfigure
                0x0010a464      0x8e0 C:/devkitPro/libctru/lib\libctru.a(shaderProgram.o)
                0x0010a464                shaderProgramConfigure
 .text.DVLE_GenerateOutmap.part.0
                0x0010ad44      0x1cc C:/devkitPro/libctru/lib\libctru.a(shbin.o)
 .text.DVLB_ParseFile
                0x0010af10      0x1b4 C:/devkitPro/libctru/lib\libctru.a(shbin.o)
                0x0010af10                DVLB_ParseFile
 .text.DVLB_Free
                0x0010b0c4       0x38 C:/devkitPro/libctru/lib\libctru.a(shbin.o)
                0x0010b0c4                DVLB_Free
 .text.DVLE_GetUniformRegister
                0x0010b0fc       0x74 C:/devkitPro/libctru/lib\libctru.a(shbin.o)
                0x0010b0fc                DVLE_GetUniformRegister
 .text.GX_BindQueue
                0x0010b170       0x10 C:/devkitPro/libctru/lib\libctru.a(gx.o)
                0x0010b170                GX_BindQueue
 .text.GX_ProcessCommandList
                0x0010b180       0x78 C:/devkitPro/libctru/lib\libctru.a(gx.o)
                0x0010b180                GX_ProcessCommandList
 .text.GX_MemoryFill
                0x0010b1f8       0x74 C:/devkitPro/libctru/lib\libctru.a(gx.o)
                0x0010b1f8                GX_MemoryFill
 .text.GX_DisplayTransfer
                0x0010b26c       0x70 C:/devkitPro/libctru/lib\libctru.a(gx.o)
                0x0010b26c                GX_DisplayTransfer
 .text.GX_TextureCopy
                0x0010b2dc       0x74 C:/devkitPro/libctru/lib\libctru.a(gx.o)
                0x0010b2dc                GX_TextureCopy
 .text.gxCmdQueueDoCommands.part.0
                0x0010b350       0x68 C:/devkitPro/libctru/lib\libctru.a(gxqueue.o)
 .text.gxCmdQueueInterrupt
                0x0010b3b8       0xc8 C:/devkitPro/libctru/lib\libctru.a(gxqueue.o)
                0x0010b3b8                gxCmdQueueInterrupt
 .text.gxCmdQueueClear
                0x0010b480       0x4c C:/devkitPro/libctru/lib\libctru.a(gxqueue.o)
                0x0010b480                gxCmdQueueClear
 .text.gxCmdQueueAdd
                0x0010b4cc       0xf8 C:/devkitPro/libctru/lib\libctru.a(gxqueue.o)
                0x0010b4cc                gxCmdQueueAdd
 .text.gxCmdQueueRun
                0x0010b5c4       0x80 C:/devkitPro/libctru/lib\libctru.a(gxqueue.o)
                0x0010b5c4                gxCmdQueueRun
 .text.gxCmdQueueStop
                0x0010b644       0x60 C:/devkitPro/libctru/lib\libctru.a(gxqueue.o)
                0x0010b644                gxCmdQueueStop
 .text.gxCmdQueueWait
                0x0010b6a4       0x74 C:/devkitPro/libctru/lib\libctru.a(gxqueue.o)
                0x0010b6a4                gxCmdQueueWait
 .text.GPUCMD_Add
                0x0010b718      0x13c C:/devkitPro/libctru/lib\libctru.a(gpu.o)
                0x0010b718                GPUCMD_Add
 .text.GPUCMD_Split
                0x0010b854       0xb0 C:/devkitPro/libctru/lib\libctru.a(gpu.o)
                0x0010b854                GPUCMD_Split
 .text.f32tof16
                0x0010b904       0x34 C:/devkitPro/libctru/lib\libctru.a(gpu.o)
                0x0010b904                f32tof16
 .text.f32tof24
                0x0010b938       0x34 C:/devkitPro/libctru/lib\libctru.a(gpu.o)
                0x0010b938                f32tof24
 .text.f32tof31
                0x0010b96c       0x38 C:/devkitPro/libctru/lib\libctru.a(gpu.o)
                0x0010b96c                f32tof31
 .text.gspHardwareInit
                0x0010b9a4      0xc58 C:/devkitPro/libctru/lib\libctru.a(gspgpu.o)
 .text.gspInit  0x0010c5fc      0x248 C:/devkitPro/libctru/lib\libctru.a(gspgpu.o)
                0x0010c5fc                gspInit
 .text.gspExit  0x0010c844       0xf0 C:/devkitPro/libctru/lib\libctru.a(gspgpu.o)
                0x0010c844                gspExit
 .text.gspHasGpuRight
                0x0010c934       0x10 C:/devkitPro/libctru/lib\libctru.a(gspgpu.o)
                0x0010c934                gspHasGpuRight
 .text.gspPresentBuffer
                0x0010c944       0xa0 C:/devkitPro/libctru/lib\libctru.a(gspgpu.o)
                0x0010c944                gspPresentBuffer
 .text.gspSetEventCallback
                0x0010c9e4       0x30 C:/devkitPro/libctru/lib\libctru.a(gspgpu.o)
                0x0010c9e4                gspSetEventCallback
 .text.gspWaitForEvent
                0x0010ca14       0x44 C:/devkitPro/libctru/lib\libctru.a(gspgpu.o)
                0x0010ca14                gspWaitForEvent
 .text.gspWaitForAnyEvent
                0x0010ca58       0x4c C:/devkitPro/libctru/lib\libctru.a(gspgpu.o)
                0x0010ca58                gspWaitForAnyEvent
 .text.gspEventThreadMain
                0x0010caa4      0x158 C:/devkitPro/libctru/lib\libctru.a(gspgpu.o)
 .text.gspSubmitGxCommand
                0x0010cbfc      0x130 C:/devkitPro/libctru/lib\libctru.a(gspgpu.o)
                0x0010cbfc                gspSubmitGxCommand
 .text.GSPGPU_FlushDataCache
                0x0010cd2c       0x50 C:/devkitPro/libctru/lib\libctru.a(gspgpu.o)
                0x0010cd2c                GSPGPU_FlushDataCache
 .text.GSPGPU_SetLcdForceBlack
                0x0010cd7c       0x34 C:/devkitPro/libctru/lib\libctru.a(gspgpu.o)
                0x0010cd7c                GSPGPU_SetLcdForceBlack
 .text.GSPGPU_AcquireRight
                0x0010cdb0       0x68 C:/devkitPro/libctru/lib\libctru.a(gspgpu.o)
                0x0010cdb0                GSPGPU_AcquireRight
 .text.GSPGPU_ReleaseRight
                0x0010ce18       0x48 C:/devkitPro/libctru/lib\libctru.a(gspgpu.o)
                0x0010ce18                GSPGPU_ReleaseRight
 .text.GSPGPU_ImportDisplayCaptureInfo
                0x0010ce60       0x7c C:/devkitPro/libctru/lib\libctru.a(gspgpu.o)
                0x0010ce60                GSPGPU_ImportDisplayCaptureInfo
 .text.GSPGPU_SaveVramSysArea
                0x0010cedc       0x2c C:/devkitPro/libctru/lib\libctru.a(gspgpu.o)
                0x0010cedc                GSPGPU_SaveVramSysArea
 .text.GSPGPU_RestoreVramSysArea
                0x0010cf08       0x2c C:/devkitPro/libctru/lib\libctru.a(gspgpu.o)
                0x0010cf08                GSPGPU_RestoreVramSysArea
 .text.hidShouldUseIrrst
                0x0010cf34       0x24 C:/devkitPro/libctru/lib\libctru.a(hid.o)
                0x0010cf34                hidShouldUseIrrst
 .text.hidInit  0x0010cf58      0x18c C:/devkitPro/libctru/lib\libctru.a(hid.o)
                0x0010cf58                hidInit
 .text.hidExit  0x0010d0e4       0xe8 C:/devkitPro/libctru/lib\libctru.a(hid.o)
                0x0010d0e4                hidExit
 .text.hidScanInput
                0x0010d1cc      0x2a4 C:/devkitPro/libctru/lib\libctru.a(hid.o)
                0x0010d1cc                hidScanInput
 .text.hidKeysHeld
                0x0010d470       0x10 C:/devkitPro/libctru/lib\libctru.a(hid.o)
                0x0010d470                hidKeysHeld
 .text.hidKeysDown
                0x0010d480       0x10 C:/devkitPro/libctru/lib\libctru.a(hid.o)
                0x0010d480                hidKeysDown
 .text.aptConvertScreenForCapture
                0x0010d490      0x1a4 C:/devkitPro/libctru/lib\libctru.a(apt.o)
 .text.aptDspSleep
                0x0010d634        0x8 C:/devkitPro/libctru/lib\libctru.a(apt.o)
                0x0010d634                aptDspSleep
 .text.aptDspWakeup
                0x0010d63c        0x4 C:/devkitPro/libctru/lib\libctru.a(apt.o)
                0x0010d63c                aptDspWakeup
 .text.aptDspCancel
                0x0010d640        0x4 C:/devkitPro/libctru/lib\libctru.a(apt.o)
                0x0010d640                aptDspCancel
 .text.aptSendCommand
                0x0010d644      0x158 C:/devkitPro/libctru/lib\libctru.a(apt.o)
                0x0010d644                aptSendCommand
 *fill*         0x0010d79c        0x4 
 .text.aptExitProcess
                0x0010d7a0       0x44 C:/devkitPro/libctru/lib\libctru.a(apt.o)
 .text.aptExit  0x0010d7e4      0x38c C:/devkitPro/libctru/lib\libctru.a(apt.o)
                0x0010d7e4                aptExit
 .text.aptHandleSleep
                0x0010db70       0xe0 C:/devkitPro/libctru/lib\libctru.a(apt.o)
                0x0010db70                aptHandleSleep
 .text.aptHook  0x0010dc50       0x30 C:/devkitPro/libctru/lib\libctru.a(apt.o)
                0x0010dc50                aptHook
 .text.aptUnhook
                0x0010dc80       0x30 C:/devkitPro/libctru/lib\libctru.a(apt.o)
                0x0010dc80                aptUnhook
 .text.APT_SleepIfShellClosed
                0x0010dcb0       0x84 C:/devkitPro/libctru/lib\libctru.a(apt.o)
                0x0010dcb0                APT_SleepIfShellClosed
 .text.aptSetSleepAllowed
                0x0010dd34       0x84 C:/devkitPro/libctru/lib\libctru.a(apt.o)
                0x0010dd34                aptSetSleepAllowed
 .text.APT_UnlockTransition
                0x0010ddb8       0x84 C:/devkitPro/libctru/lib\libctru.a(apt.o)
                0x0010ddb8                APT_UnlockTransition
 *fill*         0x0010de3c        0x4 
 .text.aptEventHandler
                0x0010de40      0x4a4 C:/devkitPro/libctru/lib\libctru.a(apt.o)
 .text.APT_ReceiveParameter
                0x0010e2e4       0xb0 C:/devkitPro/libctru/lib\libctru.a(apt.o)
                0x0010e2e4                APT_ReceiveParameter
 .text.aptReceiveParameter.constprop.0
                0x0010e394       0xb0 C:/devkitPro/libctru/lib\libctru.a(apt.o)
 *fill*         0x0010e444        0x4 
 .text.aptScreenTransfer
                0x0010e448      0x2ac C:/devkitPro/libctru/lib\libctru.a(apt.o)
 .text.aptWaitForWakeUp.isra.0
                0x0010e6f4      0x344 C:/devkitPro/libctru/lib\libctru.a(apt.o)
 .text.aptJumpToHomeMenu
                0x0010ea38      0x100 C:/devkitPro/libctru/lib\libctru.a(apt.o)
                0x0010ea38                aptJumpToHomeMenu
 .text.aptMainLoop
                0x0010eb38       0x48 C:/devkitPro/libctru/lib\libctru.a(apt.o)
                0x0010eb38                aptMainLoop
 .text.aptInit  0x0010eb80      0x22c C:/devkitPro/libctru/lib\libctru.a(apt.o)
                0x0010eb80                aptInit
 .text.APT_CheckNew3DS
                0x0010edac       0x7c C:/devkitPro/libctru/lib\libctru.a(apt.o)
                0x0010edac                APT_CheckNew3DS
 .text.ptmSysmInit
                0x0010ee28       0x74 C:/devkitPro/libctru/lib\libctru.a(ptmsysm.o)
                0x0010ee28                ptmSysmInit
 .text.ptmSysmExit
                0x0010ee9c       0x3c C:/devkitPro/libctru/lib\libctru.a(ptmsysm.o)
                0x0010ee9c                ptmSysmExit
 .text.PTMSYSM_ConfigureNew3DSCPU
                0x0010eed8       0x34 C:/devkitPro/libctru/lib\libctru.a(ptmsysm.o)
                0x0010eed8                PTMSYSM_ConfigureNew3DSCPU
 .text.fsInit   0x0010ef0c       0xcc C:/devkitPro/libctru/lib\libctru.a(fs.o)
                0x0010ef0c                fsInit
 .text.fsExit   0x0010efd8       0x3c C:/devkitPro/libctru/lib\libctru.a(fs.o)
                0x0010efd8                fsExit
 .text.fsExemptFromSession
                0x0010f014       0x60 C:/devkitPro/libctru/lib\libctru.a(fs.o)
                0x0010f014                fsExemptFromSession
 .text.fsUnexemptFromSession
                0x0010f074       0x50 C:/devkitPro/libctru/lib\libctru.a(fs.o)
                0x0010f074                fsUnexemptFromSession
 .text.FSUSER_OpenFile
                0x0010f0c4       0xcc C:/devkitPro/libctru/lib\libctru.a(fs.o)
                0x0010f0c4                FSUSER_OpenFile
 .text.FSUSER_OpenFileDirectly
                0x0010f190       0xd4 C:/devkitPro/libctru/lib\libctru.a(fs.o)
                0x0010f190                FSUSER_OpenFileDirectly
 .text.FSUSER_DeleteFile
                0x0010f264       0xbc C:/devkitPro/libctru/lib\libctru.a(fs.o)
                0x0010f264                FSUSER_DeleteFile
 .text.FSUSER_RenameFile
                0x0010f320       0xf8 C:/devkitPro/libctru/lib\libctru.a(fs.o)
                0x0010f320                FSUSER_RenameFile
 .text.FSUSER_DeleteDirectory
                0x0010f418       0xbc C:/devkitPro/libctru/lib\libctru.a(fs.o)
                0x0010f418                FSUSER_DeleteDirectory
 .text.FSUSER_CreateFile
                0x0010f4d4       0xd4 C:/devkitPro/libctru/lib\libctru.a(fs.o)
                0x0010f4d4                FSUSER_CreateFile
 .text.FSUSER_CreateDirectory
                0x0010f5a8       0xc4 C:/devkitPro/libctru/lib\libctru.a(fs.o)
                0x0010f5a8                FSUSER_CreateDirectory
 .text.FSUSER_RenameDirectory
                0x0010f66c       0xf8 C:/devkitPro/libctru/lib\libctru.a(fs.o)
                0x0010f66c                FSUSER_RenameDirectory
 .text.FSUSER_OpenDirectory
                0x0010f764       0xb4 C:/devkitPro/libctru/lib\libctru.a(fs.o)
                0x0010f764                FSUSER_OpenDirectory
 .text.FSUSER_OpenArchive
                0x0010f818       0x98 C:/devkitPro/libctru/lib\libctru.a(fs.o)
                0x0010f818                FSUSER_OpenArchive
 .text.FSUSER_CloseArchive
                0x0010f8b0       0x8c C:/devkitPro/libctru/lib\libctru.a(fs.o)
                0x0010f8b0                FSUSER_CloseArchive
 .text.FSUSER_GetSdmcArchiveResource
                0x0010f93c       0x74 C:/devkitPro/libctru/lib\libctru.a(fs.o)
                0x0010f93c                FSUSER_GetSdmcArchiveResource
 .text.FSUSER_IsSdmcWritable
                0x0010f9b0       0x64 C:/devkitPro/libctru/lib\libctru.a(fs.o)
                0x0010f9b0                FSUSER_IsSdmcWritable
 .text.FSFILE_Read
                0x0010fa14       0x58 C:/devkitPro/libctru/lib\libctru.a(fs.o)
                0x0010fa14                FSFILE_Read
 .text.FSFILE_Write
                0x0010fa6c       0x60 C:/devkitPro/libctru/lib\libctru.a(fs.o)
                0x0010fa6c                FSFILE_Write
 .text.FSFILE_GetSize
                0x0010facc       0x3c C:/devkitPro/libctru/lib\libctru.a(fs.o)
                0x0010facc                FSFILE_GetSize
 .text.FSFILE_SetSize
                0x0010fb08       0x28 C:/devkitPro/libctru/lib\libctru.a(fs.o)
                0x0010fb08                FSFILE_SetSize
 .text.FSFILE_Close
                0x0010fb30       0x3c C:/devkitPro/libctru/lib\libctru.a(fs.o)
                0x0010fb30                FSFILE_Close
 .text.FSFILE_Flush
                0x0010fb6c       0x24 C:/devkitPro/libctru/lib\libctru.a(fs.o)
                0x0010fb6c                FSFILE_Flush
 .text.FSDIR_Read
                0x0010fb90       0x50 C:/devkitPro/libctru/lib\libctru.a(fs.o)
                0x0010fb90                FSDIR_Read
 .text.FSDIR_Close
                0x0010fbe0       0x3c C:/devkitPro/libctru/lib\libctru.a(fs.o)
                0x0010fbe0                FSDIR_Close
 .text.buffer_read
                0x0010fc1c       0xc4 C:/devkitPro/libctru/lib\libctru.a(decompress.o)
 .text.iov_read
                0x0010fce0       0xd0 C:/devkitPro/libctru/lib\libctru.a(decompress.o)
 .text.iov_memmove
                0x0010fdb0      0x138 C:/devkitPro/libctru/lib\libctru.a(decompress.o)
 .text.decompress_rle
                0x0010fee8      0x1dc C:/devkitPro/libctru/lib\libctru.a(decompress.o)
 .text.decompress_lzss
                0x001100c4      0x244 C:/devkitPro/libctru/lib\libctru.a(decompress.o)
 .text.decompress_lz11
                0x00110308      0x424 C:/devkitPro/libctru/lib\libctru.a(decompress.o)
 .text.decompress_huff
                0x0011072c      0x2d8 C:/devkitPro/libctru/lib\libctru.a(decompress.o)
 .text.decompressCallback_Stdio
                0x00110a04       0x10 C:/devkitPro/libctru/lib\libctru.a(decompress.o)
                0x00110a04                decompressCallback_Stdio
 .text.decompressHeader
                0x00110a14       0xdc C:/devkitPro/libctru/lib\libctru.a(decompress.o)
                0x00110a14                decompressHeader
 .text.decompressV
                0x00110af0      0x240 C:/devkitPro/libctru/lib\libctru.a(decompress.o)
                0x00110af0                decompressV
 .text.rbtree_init
                0x00110d30       0x10 C:/devkitPro/libctru/lib\libctru.a(rbtree_init.o)
                0x00110d30                rbtree_init
 .text.do_insert
                0x00110d40      0x1b4 C:/devkitPro/libctru/lib\libctru.a(rbtree_insert.o)
 .text.rbtree_insert
                0x00110ef4        0x8 C:/devkitPro/libctru/lib\libctru.a(rbtree_insert.o)
                0x00110ef4                rbtree_insert
 .text.rbtree_rotate
                0x00110efc       0x90 C:/devkitPro/libctru/lib\libctru.a(rbtree_rotate.o)
                0x00110efc                rbtree_rotate
 .text.rbtree_remove
                0x00110f8c      0x318 C:/devkitPro/libctru/lib\libctru.a(rbtree_remove.o)
                0x00110f8c                rbtree_remove
 .text.rbtree_find
                0x001112a4       0x74 C:/devkitPro/libctru/lib\libctru.a(rbtree_find.o)
                0x001112a4                rbtree_find
 .text.utf8_to_utf16
                0x00111318       0xc0 C:/devkitPro/libctru/lib\libctru.a(utf8_to_utf16.o)
                0x00111318                utf8_to_utf16
 .text.decode_utf8
                0x001113d8      0x13c C:/devkitPro/libctru/lib\libctru.a(decode_utf8.o)
                0x001113d8                decode_utf8
 .text.utf16_to_utf8
                0x00111514       0xe8 C:/devkitPro/libctru/lib\libctru.a(utf16_to_utf8.o)
                0x00111514                utf16_to_utf8
 *fill*         0x001115fc        0x4 
 .text.__system_allocateHeaps
                0x00111600      0x1e0 C:/devkitPro/libctru/lib\libctru.a(allocateHeaps.o)
                0x00111600                __system_allocateHeaps
 .text.__libctru_init
                0x001117e0       0x38 C:/devkitPro/libctru/lib\libctru.a(ctru_init.o)
                0x001117e0                __libctru_init
 .text.__system_initArgv
                0x00111818      0x170 C:/devkitPro/libctru/lib\libctru.a(initArgv.o)
                0x00111818                __system_initArgv
 .text.svcControlMemory
                0x00111988       0x20 C:/devkitPro/libctru/lib\libctru.a(svc.o)
                0x00111988                svcControlMemory
 .text.svcQueryMemory
                0x001119a8       0x30 C:/devkitPro/libctru/lib\libctru.a(svc.o)
                0x001119a8                svcQueryMemory
 .text.svcExitProcess
                0x001119d8        0x8 C:/devkitPro/libctru/lib\libctru.a(svc.o)
                0x001119d8                svcExitProcess
 .text.svcCreateThread
                0x001119e0       0x20 C:/devkitPro/libctru/lib\libctru.a(svc.o)
                0x001119e0                svcCreateThread
 .text.svcExitThread
                0x00111a00        0x8 C:/devkitPro/libctru/lib\libctru.a(svc.o)
                0x00111a00                svcExitThread
 .text.svcSleepThread
                0x00111a08        0x8 C:/devkitPro/libctru/lib\libctru.a(svc.o)
                0x00111a08                svcSleepThread
 .text.svcReleaseMutex
                0x00111a10        0x8 C:/devkitPro/libctru/lib\libctru.a(svc.o)
                0x00111a10                svcReleaseMutex
 .text.svcCreateEvent
                0x00111a18       0x14 C:/devkitPro/libctru/lib\libctru.a(svc.o)
                0x00111a18                svcCreateEvent
 .text.svcSignalEvent
                0x00111a2c        0x8 C:/devkitPro/libctru/lib\libctru.a(svc.o)
                0x00111a2c                svcSignalEvent
 .text.svcClearEvent
                0x00111a34        0x8 C:/devkitPro/libctru/lib\libctru.a(svc.o)
                0x00111a34                svcClearEvent
 .text.svcMapMemoryBlock
                0x00111a3c        0x8 C:/devkitPro/libctru/lib\libctru.a(svc.o)
                0x00111a3c                svcMapMemoryBlock
 .text.svcUnmapMemoryBlock
                0x00111a44        0x8 C:/devkitPro/libctru/lib\libctru.a(svc.o)
                0x00111a44                svcUnmapMemoryBlock
 .text.svcCreateAddressArbiter
                0x00111a4c       0x14 C:/devkitPro/libctru/lib\libctru.a(svc.o)
                0x00111a4c                svcCreateAddressArbiter
 .text.svcArbitrateAddressNoTimeout
                0x00111a60        0x8 C:/devkitPro/libctru/lib\libctru.a(svc.o)
                0x00111a60                svcArbitrateAddressNoTimeout
 .text.svcCloseHandle
                0x00111a68        0x8 C:/devkitPro/libctru/lib\libctru.a(svc.o)
                0x00111a68                svcCloseHandle
 .text.svcWaitSynchronization
                0x00111a70        0x8 C:/devkitPro/libctru/lib\libctru.a(svc.o)
                0x00111a70                svcWaitSynchronization
 .text.svcWaitSynchronizationN
                0x00111a78       0x28 C:/devkitPro/libctru/lib\libctru.a(svc.o)
                0x00111a78                svcWaitSynchronizationN
 .text.svcDuplicateHandle
                0x00111aa0       0x14 C:/devkitPro/libctru/lib\libctru.a(svc.o)
                0x00111aa0                svcDuplicateHandle
 .text.svcGetSystemTick
                0x00111ab4        0x8 C:/devkitPro/libctru/lib\libctru.a(svc.o)
                0x00111ab4                svcGetSystemTick
 .text.svcConnectToPort
                0x00111abc       0x14 C:/devkitPro/libctru/lib\libctru.a(svc.o)
                0x00111abc                svcConnectToPort
 .text.svcSendSyncRequest
                0x00111ad0        0x8 C:/devkitPro/libctru/lib\libctru.a(svc.o)
                0x00111ad0                svcSendSyncRequest
 .text.svcGetResourceLimit
                0x00111ad8       0x14 C:/devkitPro/libctru/lib\libctru.a(svc.o)
                0x00111ad8                svcGetResourceLimit
 .text.svcGetResourceLimitLimitValues
                0x00111aec        0x8 C:/devkitPro/libctru/lib\libctru.a(svc.o)
                0x00111aec                svcGetResourceLimitLimitValues
 .text.svcGetResourceLimitCurrentValues
                0x00111af4        0x8 C:/devkitPro/libctru/lib\libctru.a(svc.o)
                0x00111af4                svcGetResourceLimitCurrentValues
 .text.svcBreak
                0x00111afc        0x8 C:/devkitPro/libctru/lib\libctru.a(svc.o)
                0x00111afc                svcBreak
 .text.initSystem
                0x00111b04       0x50 C:/devkitPro/libctru/lib\libctru.a(stack_adjust.o)
                0x00111b04                initSystem
 .text.__ctru_exit
                0x00111b54       0x18 C:/devkitPro/libctru/lib\libctru.a(stack_adjust.o)
                0x00111b54                __ctru_exit
 .text.__aeabi_read_tp
                0x00111b6c        0xc C:/devkitPro/libctru/lib\libctru.a(readtp.o)
                0x00111b6c                __aeabi_read_tp
 .text.envGetHandle
                0x00111b78       0x84 C:/devkitPro/libctru/lib\libctru.a(env.o)
                0x00111b78                envGetHandle
 .text.envDestroyHandles
                0x00111bfc       0x50 C:/devkitPro/libctru/lib\libctru.a(env.o)
                0x00111bfc                envDestroyHandles
 .text.__sync_init
                0x00111c4c        0xc C:/devkitPro/libctru/lib\libctru.a(synchronization.o)
                0x00111c4c                __sync_init
 .text.__sync_fini
                0x00111c58       0x18 C:/devkitPro/libctru/lib\libctru.a(synchronization.o)
                0x00111c58                __sync_fini
 .text.syncArbitrateAddress
                0x00111c70       0x2c C:/devkitPro/libctru/lib\libctru.a(synchronization.o)
                0x00111c70                syncArbitrateAddress
 .text.LightLock_Lock
                0x00111c9c       0xb0 C:/devkitPro/libctru/lib\libctru.a(synchronization.o)
                0x00111c9c                LightLock_Lock
 .text.LightLock_Unlock
                0x00111d4c       0x40 C:/devkitPro/libctru/lib\libctru.a(synchronization.o)
                0x00111d4c                LightLock_Unlock
 .text.RecursiveLock_Lock
                0x00111d8c       0x30 C:/devkitPro/libctru/lib\libctru.a(synchronization.o)
                0x00111d8c                RecursiveLock_Lock
 .text.RecursiveLock_Unlock
                0x00111dbc       0x54 C:/devkitPro/libctru/lib\libctru.a(synchronization.o)
                0x00111dbc                RecursiveLock_Unlock
 .text.LightEvent_Init
                0x00111e10       0x40 C:/devkitPro/libctru/lib\libctru.a(synchronization.o)
                0x00111e10                LightEvent_Init
 .text.LightEvent_Clear
                0x00111e50       0xa4 C:/devkitPro/libctru/lib\libctru.a(synchronization.o)
                0x00111e50                LightEvent_Clear
 .text.LightEvent_Signal
                0x00111ef4       0xc8 C:/devkitPro/libctru/lib\libctru.a(synchronization.o)
                0x00111ef4                LightEvent_Signal
 .text.LightEvent_TryWait
                0x00111fbc       0x50 C:/devkitPro/libctru/lib\libctru.a(synchronization.o)
                0x00111fbc                LightEvent_TryWait
 .text.LightEvent_Wait
                0x0011200c       0xb0 C:/devkitPro/libctru/lib\libctru.a(synchronization.o)
                0x0011200c                LightEvent_Wait
 .text.srvInit  0x001120bc      0x130 C:/devkitPro/libctru/lib\libctru.a(srv.o)
                0x001120bc                srvInit
 .text.srvExit  0x001121ec       0x58 C:/devkitPro/libctru/lib\libctru.a(srv.o)
                0x001121ec                srvExit
 .text.srvEnableNotification
                0x00112244       0x60 C:/devkitPro/libctru/lib\libctru.a(srv.o)
                0x00112244                srvEnableNotification
 .text.srvGetServiceHandleDirect
                0x001122a4       0xa0 C:/devkitPro/libctru/lib\libctru.a(srv.o)
                0x001122a4                srvGetServiceHandleDirect
 .text.srvGetServiceHandle
                0x00112344       0x38 C:/devkitPro/libctru/lib\libctru.a(srv.o)
                0x00112344                srvGetServiceHandle
 .text.srvSubscribe
                0x0011237c       0x34 C:/devkitPro/libctru/lib\libctru.a(srv.o)
                0x0011237c                srvSubscribe
 .text.srvReceiveNotification
                0x001123b0       0x60 C:/devkitPro/libctru/lib\libctru.a(srv.o)
                0x001123b0                srvReceiveNotification
 .text.srvPublishToSubscriber
                0x00112410       0x38 C:/devkitPro/libctru/lib\libctru.a(srv.o)
                0x00112410                srvPublishToSubscriber
 .text.threadCreate
                0x00112448      0x1d4 C:/devkitPro/libctru/lib\libctru.a(thread.o)
                0x00112448                threadCreate
 .text.threadFree
                0x0011261c       0x2c C:/devkitPro/libctru/lib\libctru.a(thread.o)
                0x0011261c                threadFree
 .text.threadJoin
                0x00112648       0x24 C:/devkitPro/libctru/lib\libctru.a(thread.o)
                0x00112648                threadJoin
 .text.threadGetCurrent
                0x0011266c       0x30 C:/devkitPro/libctru/lib\libctru.a(thread.o)
                0x0011266c                threadGetCurrent
 .text.threadExit
                0x0011269c       0x40 C:/devkitPro/libctru/lib\libctru.a(thread.o)
                0x0011269c                threadExit
 .text._thread_begin
                0x001126dc       0x20 C:/devkitPro/libctru/lib\libctru.a(thread.o)
 .text.mappableFindAddressWithin
                0x001126fc       0xb4 C:/devkitPro/libctru/lib\libctru.a(mappable.o)
 .text.mappableInit
                0x001127b0       0x28 C:/devkitPro/libctru/lib\libctru.a(mappable.o)
                0x001127b0                mappableInit
 .text.mappableAlloc
                0x001127d8       0x80 C:/devkitPro/libctru/lib\libctru.a(mappable.o)
                0x001127d8                mappableAlloc
 .text.mappableFree
                0x00112858        0x4 C:/devkitPro/libctru/lib\libctru.a(mappable.o)
                0x00112858                mappableFree
 .text.irrstInit
                0x0011285c      0x164 C:/devkitPro/libctru/lib\libctru.a(irrst.o)
                0x0011285c                irrstInit
 .text.irrstExit
                0x001129c0       0xcc C:/devkitPro/libctru/lib\libctru.a(irrst.o)
                0x001129c0                irrstExit
 .text.irrstScanInput
                0x00112a8c       0xb4 C:/devkitPro/libctru/lib\libctru.a(irrst.o)
                0x00112a8c                irrstScanInput
 .text.irrstKeysHeld
                0x00112b40       0x24 C:/devkitPro/libctru/lib\libctru.a(irrst.o)
                0x00112b40                irrstKeysHeld
 .text.srvPmGetSessionHandle
                0x00112b64        0xc C:/devkitPro/libctru/lib\libctru.a(srvpm.o)
                0x00112b64                srvPmGetSessionHandle
 .text.rbtree_node_next
                0x00112b70       0x5c C:/devkitPro/libctru/lib\libctru.a(rbtree_iterator.o)
                0x00112b70                rbtree_node_next
 .text.encode_utf16
                0x00112bcc       0x54 C:/devkitPro/libctru/lib\libctru.a(encode_utf16.o)
                0x00112bcc                encode_utf16
 .text.encode_utf8
                0x00112c20       0xe0 C:/devkitPro/libctru/lib\libctru.a(encode_utf8.o)
                0x00112c20                encode_utf8
 .text.decode_utf16
                0x00112d00       0x64 C:/devkitPro/libctru/lib\libctru.a(decode_utf16.o)
                0x00112d00                decode_utf16
 .text.__appInit
                0x00112d64       0x30 C:/devkitPro/libctru/lib\libctru.a(appInit.o)
                0x00112d64                __appInit
 .text.__syscall_getreent
                0x00112d94       0x30 C:/devkitPro/libctru/lib\libctru.a(syscalls.o)
                0x00112d94                __syscall_getreent
 .text.__syscall_gettod_r
                0x00112dc4       0x64 C:/devkitPro/libctru/lib\libctru.a(syscalls.o)
                0x00112dc4                __syscall_gettod_r
 .text.__syscall_lock_acquire
                0x00112e28        0x4 C:/devkitPro/libctru/lib\libctru.a(syscalls.o)
                0x00112e28                __syscall_lock_acquire
 .text.__syscall_lock_release
                0x00112e2c        0x4 C:/devkitPro/libctru/lib\libctru.a(syscalls.o)
                0x00112e2c                __syscall_lock_release
 .text.__syscall_lock_acquire_recursive
                0x00112e30        0x4 C:/devkitPro/libctru/lib\libctru.a(syscalls.o)
                0x00112e30                __syscall_lock_acquire_recursive
 .text.__syscall_lock_release_recursive
                0x00112e34        0x4 C:/devkitPro/libctru/lib\libctru.a(syscalls.o)
                0x00112e34                __syscall_lock_release_recursive
 .text.__syscall_exit
                0x00112e38        0x4 C:/devkitPro/libctru/lib\libctru.a(syscalls.o)
                0x00112e38                __syscall_exit
 .text.initThreadVars
                0x00112e3c       0x50 C:/devkitPro/libctru/lib\libctru.a(syscalls.o)
                0x00112e3c                initThreadVars
 .text.__system_initSyscalls
                0x00112e8c       0x80 C:/devkitPro/libctru/lib\libctru.a(syscalls.o)
                0x00112e8c                __system_initSyscalls
 .text.__appExit
                0x00112f0c       0x30 C:/devkitPro/libctru/lib\libctru.a(appExit.o)
                0x00112f0c                __appExit
 .text.__libctru_exit
                0x00112f3c       0x90 C:/devkitPro/libctru/lib\libctru.a(ctru_exit.o)
                0x00112f3c                __libctru_exit
 .text.archive_link
                0x00112fcc       0x14 C:/devkitPro/libctru/lib\libctru.a(archive_dev.o)
 .text.archive_dirreset
                0x00112fe0       0x14 C:/devkitPro/libctru/lib\libctru.a(archive_dev.o)
 .text.archive_chmod
                0x00112ff4       0x14 C:/devkitPro/libctru/lib\libctru.a(archive_dev.o)
 .text.error_cmp
                0x00113008       0x24 C:/devkitPro/libctru/lib\libctru.a(archive_dev.o)
 .text.archive_translate_error
                0x0011302c       0x50 C:/devkitPro/libctru/lib\libctru.a(archive_dev.o)
 .text.archive_seek
                0x0011307c       0xc8 C:/devkitPro/libctru/lib\libctru.a(archive_dev.o)
 .text._archiveInit.part.0
                0x00113144       0x7c C:/devkitPro/libctru/lib\libctru.a(archive_dev.o)
 .text.archiveFindDevice.part.0
                0x001131c0       0xc4 C:/devkitPro/libctru/lib\libctru.a(archive_dev.o)
 .text.archive_utf16path
                0x00113284      0x25c C:/devkitPro/libctru/lib\libctru.a(archive_dev.o)
 .text._archiveUnmountDeviceStruct.part.0
                0x001134e0       0xa0 C:/devkitPro/libctru/lib\libctru.a(archive_dev.o)
 .text.archive_fchmod
                0x00113580       0x14 C:/devkitPro/libctru/lib\libctru.a(archive_dev.o)
 .text.archive_statvfs
                0x00113594       0x14 C:/devkitPro/libctru/lib\libctru.a(archive_dev.o)
 .text._archiveMountDevice
                0x001135a8      0x164 C:/devkitPro/libctru/lib\libctru.a(archive_dev.o)
 .text.archive_diropen
                0x0011370c       0xe8 C:/devkitPro/libctru/lib\libctru.a(archive_dev.o)
 .text.archive_fstat
                0x001137f4       0xa4 C:/devkitPro/libctru/lib\libctru.a(archive_dev.o)
 .text.archive_close
                0x00113898       0x6c C:/devkitPro/libctru/lib\libctru.a(archive_dev.o)
 .text.archive_fsync
                0x00113904       0x6c C:/devkitPro/libctru/lib\libctru.a(archive_dev.o)
 .text.archive_dirclose
                0x00113970       0x70 C:/devkitPro/libctru/lib\libctru.a(archive_dev.o)
 .text.sdmc_statvfs
                0x001139e0       0xe8 C:/devkitPro/libctru/lib\libctru.a(archive_dev.o)
 .text.archive_chdir
                0x00113ac8       0xec C:/devkitPro/libctru/lib\libctru.a(archive_dev.o)
 .text.archive_ftruncate
                0x00113bb4       0x7c C:/devkitPro/libctru/lib\libctru.a(archive_dev.o)
 .text.archive_read
                0x00113c30       0xac C:/devkitPro/libctru/lib\libctru.a(archive_dev.o)
 .text.archive_unlink
                0x00113cdc       0xa4 C:/devkitPro/libctru/lib\libctru.a(archive_dev.o)
 .text.archive_rmdir
                0x00113d80       0xbc C:/devkitPro/libctru/lib\libctru.a(archive_dev.o)
 .text.archive_mkdir
                0x00113e3c       0xdc C:/devkitPro/libctru/lib\libctru.a(archive_dev.o)
 .text.archive_stat
                0x00113f18      0x19c C:/devkitPro/libctru/lib\libctru.a(archive_dev.o)
 .text.archive_dirnext
                0x001140b4      0x15c C:/devkitPro/libctru/lib\libctru.a(archive_dev.o)
 .text.archive_write
                0x00114210       0xec C:/devkitPro/libctru/lib\libctru.a(archive_dev.o)
 .text.archive_open
                0x001142fc      0x1d4 C:/devkitPro/libctru/lib\libctru.a(archive_dev.o)
 .text.archive_rename
                0x001144d0      0x278 C:/devkitPro/libctru/lib\libctru.a(archive_dev.o)
 .text.archiveMountSdmc
                0x00114748      0x19c C:/devkitPro/libctru/lib\libctru.a(archive_dev.o)
                0x00114748                archiveMountSdmc
 .text.archiveUnmountAll
                0x001148e4       0x54 C:/devkitPro/libctru/lib\libctru.a(archive_dev.o)
                0x001148e4                archiveUnmountAll
 .text.sqrtf    0x00114938       0x50 c:/devkitpro/devkitarm/bin/../lib/gcc/arm-none-eabi/12.2.0/../../../../arm-none-eabi/lib/armv6k/fpu\libm.a(libm_a-wf_sqrt.o)
                0x00114938                sqrtf
 .text.sinf     0x00114988      0x24c c:/devkitpro/devkitarm/bin/../lib/gcc/arm-none-eabi/12.2.0/../../../../arm-none-eabi/lib/armv6k/fpu\libm.a(libm_a-sinf.o)
                0x00114988                sinf
 *fill*         0x00114bd4        0x4 
 .text.cosf     0x00114bd8      0x22c c:/devkitpro/devkitarm/bin/../lib/gcc/arm-none-eabi/12.2.0/../../../../arm-none-eabi/lib/armv6k/fpu\libm.a(libm_a-cosf.o)
                0x00114bd8                cosf
 .text.with_errnof
                0x00114e04       0x24 c:/devkitpro/devkitarm/bin/../lib/gcc/arm-none-eabi/12.2.0/../../../../arm-none-eabi/lib/armv6k/fpu\libm.a(libm_a-math_errf.o)
 .text.__math_invalidf
                0x00114e28       0x1c c:/devkitpro/devkitarm/bin/../lib/gcc/arm-none-eabi/12.2.0/../../../../arm-none-eabi/lib/armv6k/fpu\libm.a(libm_a-math_errf.o)
                0x00114e28                __math_invalidf
 .text.__ieee754_sqrtf
                0x00114e44        0x8 c:/devkitpro/devkitarm/bin/../lib/gcc/arm-none-eabi/12.2.0/../../../../arm-none-eabi/lib/armv6k/fpu\libm.a(libm_a-ef_sqrt.o)
                0x00114e44                __ieee754_sqrtf
 .text.__udivmoddi4
                0x00114e4c      0x120 c:/devkitpro/devkitarm/bin/../lib/gcc/arm-none-eabi/12.2.0/armv6k/fpu\libgcc.a(_udivmoddi4.o)
                0x00114e4c                __udivmoddi4
 .text.calloc   0x00114f6c       0x20 c:/devkitpro/devkitarm/bin/../lib/gcc/arm-none-eabi/12.2.0/../../../../arm-none-eabi/lib/armv6k/fpu\libg.a(libc_a-calloc.o)
                0x00114f6c                calloc
 .text._calloc_r
                0x00114f8c       0xc0 c:/devkitpro/devkitarm/bin/../lib/gcc/arm-none-eabi/12.2.0/../../../../arm-none-eabi/lib/armv6k/fpu\libg.a(libc_a-callocr.o)
                0x00114f8c                _calloc_r
 .text.exit     0x0011504c       0x30 c:/devkitpro/devkitarm/bin/../lib/gcc/arm-none-eabi/12.2.0/../../../../arm-none-eabi/lib/armv6k/fpu\libg.a(libc_a-exit.o)
                0x0011504c                exit
 .text.malloc   0x0011507c       0x18 c:/devkitpro/devkitarm/bin/../lib/gcc/arm-none-eabi/12.2.0/../../../../arm-none-eabi/lib/armv6k/fpu\libg.a(libc_a-malloc.o)
                0x0011507c                malloc
 .text.free     0x00115094       0x18 c:/devkitpro/devkitarm/bin/../lib/gcc/arm-none-eabi/12.2.0/../../../../arm-none-eabi/lib/armv6k/fpu\libg.a(libc_a-malloc.o)
                0x00115094                free
 .text._malloc_r
                0x001150ac      0x7e4 c:/devkitpro/devkitarm/bin/../lib/gcc/arm-none-eabi/12.2.0/../../../../arm-none-eabi/lib/armv6k/fpu\libg.a(libc_a-mallocr.o)
                0x001150ac                _malloc_r
 .text.__malloc_lock
                0x00115890        0xc c:/devkitpro/devkitarm/bin/../lib/gcc/arm-none-eabi/12.2.0/../../../../arm-none-eabi/lib/armv6k/fpu\libg.a(libc_a-mlock.o)
                0x00115890                __malloc_lock
 .text.__malloc_unlock
                0x0011589c        0xc c:/devkitpro/devkitarm/bin/../lib/gcc/arm-none-eabi/12.2.0/../../../../arm-none-eabi/lib/armv6k/fpu\libg.a(libc_a-mlock.o)
                0x0011589c                __malloc_unlock
 .text.srand    0x001158a8       0x1c c:/devkitpro/devkitarm/bin/../lib/gcc/arm-none-eabi/12.2.0/../../../../arm-none-eabi/lib/armv6k/fpu\libg.a(libc_a-rand.o)
                0x001158a8                srand
 .text.rand     0x001158c4       0x44 c:/devkitpro/devkitarm/bin/../lib/gcc/arm-none-eabi/12.2.0/../../../../arm-none-eabi/lib/armv6k/fpu\libg.a(libc_a-rand.o)
                0x001158c4                rand
 .text._strtoul_l.constprop.0
                0x00115908      0x1c4 c:/devkitpro/devkitarm/bin/../lib/gcc/arm-none-eabi/12.2.0/../../../../arm-none-eabi/lib/armv6k/fpu\libg.a(libc_a-strtoul.o)
 .text._strtoul_r
                0x00115acc       0x30 c:/devkitpro/devkitarm/bin/../lib/gcc/arm-none-eabi/12.2.0/../../../../arm-none-eabi/lib/armv6k/fpu\libg.a(libc_a-strtoul.o)
                0x00115acc                _strtoul_r
 .text.strtoul  0x00115afc       0x34 c:/devkitpro/devkitarm/bin/../lib/gcc/arm-none-eabi/12.2.0/../../../../arm-none-eabi/lib/armv6k/fpu\libg.a(libc_a-strtoul.o)
                0x00115afc                strtoul
 .text.memalign
                0x00115b30       0x20 c:/devkitpro/devkitarm/bin/../lib/gcc/arm-none-eabi/12.2.0/../../../../arm-none-eabi/lib/armv6k/fpu\libg.a(libc_a-malign.o)
                0x00115b30                memalign
 .text._memalign_r
                0x00115b50      0x14c c:/devkitpro/devkitarm/bin/../lib/gcc/arm-none-eabi/12.2.0/../../../../arm-none-eabi/lib/armv6k/fpu\libg.a(libc_a-malignr.o)
                0x00115b50                _memalign_r
 .text.bsearch  0x00115c9c       0x78 c:/devkitpro/devkitarm/bin/../lib/gcc/arm-none-eabi/12.2.0/../../../../arm-none-eabi/lib/armv6k/fpu\libg.a(libc_a-bsearch.o)
                0x00115c9c                bsearch
 .text._fclose_r
                0x00115d14      0x148 c:/devkitpro/devkitarm/bin/../lib/gcc/arm-none-eabi/12.2.0/../../../../arm-none-eabi/lib/armv6k/fpu\libg.a(libc_a-fclose.o)
                0x00115d14                _fclose_r
 .text.fclose   0x00115e5c       0x18 c:/devkitpro/devkitarm/bin/../lib/gcc/arm-none-eabi/12.2.0/../../../../arm-none-eabi/lib/armv6k/fpu\libg.a(libc_a-fclose.o)
                0x00115e5c                fclose
 .text.__sflush_r
                0x00115e74      0x234 c:/devkitpro/devkitarm/bin/../lib/gcc/arm-none-eabi/12.2.0/../../../../arm-none-eabi/lib/armv6k/fpu\libg.a(libc_a-fflush.o)
                0x00115e74                __sflush_r
 .text._fflush_r
                0x001160a8       0x94 c:/devkitpro/devkitarm/bin/../lib/gcc/arm-none-eabi/12.2.0/../../../../arm-none-eabi/lib/armv6k/fpu\libg.a(libc_a-fflush.o)
                0x001160a8                _fflush_r
 .text.stdio_exit_handler
                0x0011613c       0x1c c:/devkitpro/devkitarm/bin/../lib/gcc/arm-none-eabi/12.2.0/../../../../arm-none-eabi/lib/armv6k/fpu\libg.a(libc_a-findfp.o)
 .text.cleanup_stdio
                0x00116158       0x5c c:/devkitpro/devkitarm/bin/../lib/gcc/arm-none-eabi/12.2.0/../../../../arm-none-eabi/lib/armv6k/fpu\libg.a(libc_a-findfp.o)
 .text.global_stdio_init.part.0
                0x001161b4      0x154 c:/devkitpro/devkitarm/bin/../lib/gcc/arm-none-eabi/12.2.0/../../../../arm-none-eabi/lib/armv6k/fpu\libg.a(libc_a-findfp.o)
 .text.__sfp    0x00116308      0x134 c:/devkitpro/devkitarm/bin/../lib/gcc/arm-none-eabi/12.2.0/../../../../arm-none-eabi/lib/armv6k/fpu\libg.a(libc_a-findfp.o)
                0x00116308                __sfp
 .text.__sinit  0x0011643c       0x5c c:/devkitpro/devkitarm/bin/../lib/gcc/arm-none-eabi/12.2.0/../../../../arm-none-eabi/lib/armv6k/fpu\libg.a(libc_a-findfp.o)
                0x0011643c                __sinit
 .text.__sfp_lock_acquire
                0x00116498        0xc c:/devkitpro/devkitarm/bin/../lib/gcc/arm-none-eabi/12.2.0/../../../../arm-none-eabi/lib/armv6k/fpu\libg.a(libc_a-findfp.o)
                0x00116498                __sfp_lock_acquire
 .text.__sfp_lock_release
                0x001164a4        0xc c:/devkitpro/devkitarm/bin/../lib/gcc/arm-none-eabi/12.2.0/../../../../arm-none-eabi/lib/armv6k/fpu\libg.a(libc_a-findfp.o)
                0x001164a4                __sfp_lock_release
 .text._fopen_r
                0x001164b0      0x12c c:/devkitpro/devkitarm/bin/../lib/gcc/arm-none-eabi/12.2.0/../../../../arm-none-eabi/lib/armv6k/fpu\libg.a(libc_a-fopen.o)
                0x001164b0                _fopen_r
 .text.fopen    0x001165dc       0x20 c:/devkitpro/devkitarm/bin/../lib/gcc/arm-none-eabi/12.2.0/../../../../arm-none-eabi/lib/armv6k/fpu\libg.a(libc_a-fopen.o)
                0x001165dc                fopen
 .text._fread_r
                0x001165fc      0x344 c:/devkitpro/devkitarm/bin/../lib/gcc/arm-none-eabi/12.2.0/../../../../arm-none-eabi/lib/armv6k/fpu\libg.a(libc_a-fread.o)
                0x001165fc                _fread_r
 .text.fread    0x00116940       0x38 c:/devkitpro/devkitarm/bin/../lib/gcc/arm-none-eabi/12.2.0/../../../../arm-none-eabi/lib/armv6k/fpu\libg.a(libc_a-fread.o)
                0x00116940                fread
 .text._fseek_r
                0x00116978       0x1c c:/devkitpro/devkitarm/bin/../lib/gcc/arm-none-eabi/12.2.0/../../../../arm-none-eabi/lib/armv6k/fpu\libg.a(libc_a-fseek.o)
                0x00116978                _fseek_r
 .text._fwalk_sglue
                0x00116994       0x70 c:/devkitpro/devkitarm/bin/../lib/gcc/arm-none-eabi/12.2.0/../../../../arm-none-eabi/lib/armv6k/fpu\libg.a(libc_a-fwalk.o)
                0x00116994                _fwalk_sglue
 .text.__smakebuf_r
                0x00116a04      0x130 c:/devkitpro/devkitarm/bin/../lib/gcc/arm-none-eabi/12.2.0/../../../../arm-none-eabi/lib/armv6k/fpu\libg.a(libc_a-makebuf.o)
                0x00116a04                __smakebuf_r
 .text.__swhatbuf_r
                0x00116b34       0x8c c:/devkitpro/devkitarm/bin/../lib/gcc/arm-none-eabi/12.2.0/../../../../arm-none-eabi/lib/armv6k/fpu\libg.a(libc_a-makebuf.o)
                0x00116b34                __swhatbuf_r
 .text.lflush   0x00116bc0       0x38 c:/devkitpro/devkitarm/bin/../lib/gcc/arm-none-eabi/12.2.0/../../../../arm-none-eabi/lib/armv6k/fpu\libg.a(libc_a-refill.o)
 .text.__srefill_r
                0x00116bf8      0x19c c:/devkitpro/devkitarm/bin/../lib/gcc/arm-none-eabi/12.2.0/../../../../arm-none-eabi/lib/armv6k/fpu\libg.a(libc_a-refill.o)
                0x00116bf8                __srefill_r
 .text.setvbuf  0x00116d94      0x264 c:/devkitpro/devkitarm/bin/../lib/gcc/arm-none-eabi/12.2.0/../../../../arm-none-eabi/lib/armv6k/fpu\libg.a(libc_a-setvbuf.o)
                0x00116d94                setvbuf
 .text.sscanf   0x00116ff8       0x74 c:/devkitpro/devkitarm/bin/../lib/gcc/arm-none-eabi/12.2.0/../../../../arm-none-eabi/lib/armv6k/fpu\libg.a(libc_a-sscanf.o)
                0x00116ff8                sscanf
 .text.__sread  0x0011706c       0x44 c:/devkitpro/devkitarm/bin/../lib/gcc/arm-none-eabi/12.2.0/../../../../arm-none-eabi/lib/armv6k/fpu\libg.a(libc_a-stdio.o)
                0x0011706c                __sread
 .text.__seofread
                0x001170b0        0x8 c:/devkitpro/devkitarm/bin/../lib/gcc/arm-none-eabi/12.2.0/../../../../arm-none-eabi/lib/armv6k/fpu\libg.a(libc_a-stdio.o)
                0x001170b0                __seofread
 .text.__swrite
                0x001170b8       0x68 c:/devkitpro/devkitarm/bin/../lib/gcc/arm-none-eabi/12.2.0/../../../../arm-none-eabi/lib/armv6k/fpu\libg.a(libc_a-stdio.o)
                0x001170b8                __swrite
 .text.__sseek  0x00117120       0x44 c:/devkitpro/devkitarm/bin/../lib/gcc/arm-none-eabi/12.2.0/../../../../arm-none-eabi/lib/armv6k/fpu\libg.a(libc_a-stdio.o)
                0x00117120                __sseek
 .text.__sclose
                0x00117164        0x8 c:/devkitpro/devkitarm/bin/../lib/gcc/arm-none-eabi/12.2.0/../../../../arm-none-eabi/lib/armv6k/fpu\libg.a(libc_a-stdio.o)
                0x00117164                __sclose
 .text._fseeko_r
                0x0011716c      0x5a0 c:/devkitpro/devkitarm/bin/../lib/gcc/arm-none-eabi/12.2.0/../../../../arm-none-eabi/lib/armv6k/fpu\libg.a(libc_a-fseeko.o)
                0x0011716c                _fseeko_r
 .text.memcmp   0x0011770c       0xb0 c:/devkitpro/devkitarm/bin/../lib/gcc/arm-none-eabi/12.2.0/../../../../arm-none-eabi/lib/armv6k/fpu\libg.a(libc_a-memcmp.o)
                0x0011770c                memcmp
 .text.memset   0x001177bc       0xf4 c:/devkitpro/devkitarm/bin/../lib/gcc/arm-none-eabi/12.2.0/../../../../arm-none-eabi/lib/armv6k/fpu\libg.a(libc_a-memset.o)
                0x001177bc                memset
 .text.strchr   0x001178b0      0x130 c:/devkitpro/devkitarm/bin/../lib/gcc/arm-none-eabi/12.2.0/../../../../arm-none-eabi/lib/armv6k/fpu\libg.a(libc_a-strchr.o)
                0x001178b0                strchr
 .text.strlen   0x001179e0       0x90 c:/devkitpro/devkitarm/bin/../lib/gcc/arm-none-eabi/12.2.0/../../../../arm-none-eabi/lib/armv6k/fpu\libg.a(libc_a-strlen.o)
                0x001179e0                strlen
 .text.strncat  0x00117a70       0xe4 c:/devkitpro/devkitarm/bin/../lib/gcc/arm-none-eabi/12.2.0/../../../../arm-none-eabi/lib/armv6k/fpu\libg.a(libc_a-strncat.o)
                0x00117a70                strncat
 .text.strncmp  0x00117b54       0xe4 c:/devkitpro/devkitarm/bin/../lib/gcc/arm-none-eabi/12.2.0/../../../../arm-none-eabi/lib/armv6k/fpu\libg.a(libc_a-strncmp.o)
                0x00117b54                strncmp
 .text.strncpy  0x00117c38       0xc4 c:/devkitpro/devkitarm/bin/../lib/gcc/arm-none-eabi/12.2.0/../../../../arm-none-eabi/lib/armv6k/fpu\libg.a(libc_a-strncpy.o)
                0x00117c38                strncpy
 .text.strnlen  0x00117cfc       0x48 c:/devkitpro/devkitarm/bin/../lib/gcc/arm-none-eabi/12.2.0/../../../../arm-none-eabi/lib/armv6k/fpu\libg.a(libc_a-strnlen.o)
                0x00117cfc                strnlen
 .text.time     0x00117d44       0x4c c:/devkitpro/devkitarm/bin/../lib/gcc/arm-none-eabi/12.2.0/../../../../arm-none-eabi/lib/armv6k/fpu\libg.a(libc_a-time.o)
                0x00117d44                time
 .text.__errno  0x00117d90        0xc c:/devkitpro/devkitarm/bin/../lib/gcc/arm-none-eabi/12.2.0/../../../../arm-none-eabi/lib/armv6k/fpu\libg.a(libc_a-errno.o)
                0x00117d90                __errno
 .text.__libc_init_array
                0x00117d9c       0x84 c:/devkitpro/devkitarm/bin/../lib/gcc/arm-none-eabi/12.2.0/../../../../arm-none-eabi/lib/armv6k/fpu\libg.a(libc_a-init.o)
                0x00117d9c                __libc_init_array
 .text.__libc_fini_array
                0x00117e20       0x3c c:/devkitpro/devkitarm/bin/../lib/gcc/arm-none-eabi/12.2.0/../../../../arm-none-eabi/lib/armv6k/fpu\libg.a(libc_a-fini.o)
                0x00117e20                __libc_fini_array
 .text.memchr   0x00117e5c       0xe4 c:/devkitpro/devkitarm/bin/../lib/gcc/arm-none-eabi/12.2.0/../../../../arm-none-eabi/lib/armv6k/fpu\libg.a(libc_a-memchr-stub.o)
                0x00117e5c                memchr
 .text.memcpy   0x00117f40      0x118 c:/devkitpro/devkitarm/bin/../lib/gcc/arm-none-eabi/12.2.0/../../../../arm-none-eabi/lib/armv6k/fpu\libg.a(libc_a-memcpy-stub.o)
                0x00117f40                memcpy
 .text.__call_exitprocs
                0x00118058      0x110 c:/devkitpro/devkitarm/bin/../lib/gcc/arm-none-eabi/12.2.0/../../../../arm-none-eabi/lib/armv6k/fpu\libg.a(libc_a-__call_atexit.o)
                0x00118058                __call_exitprocs
 .text._malloc_trim_r
                0x00118168       0xf8 c:/devkitpro/devkitarm/bin/../lib/gcc/arm-none-eabi/12.2.0/../../../../arm-none-eabi/lib/armv6k/fpu\libg.a(libc_a-freer.o)
                0x00118168                _malloc_trim_r
 .text._free_r  0x00118260      0x2e8 c:/devkitpro/devkitarm/bin/../lib/gcc/arm-none-eabi/12.2.0/../../../../arm-none-eabi/lib/armv6k/fpu\libg.a(libc_a-freer.o)
                0x00118260                _free_r
 .text.get_arg  0x00118548       0x50 c:/devkitpro/devkitarm/bin/../lib/gcc/arm-none-eabi/12.2.0/../../../../arm-none-eabi/lib/armv6k/fpu\libg.a(libc_a-svfscanf.o)
 .text.__ssvfscanf_r
                0x00118598     0x2c44 c:/devkitpro/devkitarm/bin/../lib/gcc/arm-none-eabi/12.2.0/../../../../arm-none-eabi/lib/armv6k/fpu\libg.a(libc_a-svfscanf.o)
                0x00118598                __ssvfscanf_r
 .text.__sflags
                0x0011b1dc       0xc8 c:/devkitpro/devkitarm/bin/../lib/gcc/arm-none-eabi/12.2.0/../../../../arm-none-eabi/lib/armv6k/fpu\libg.a(libc_a-flags.o)
                0x0011b1dc                __sflags
 .text.__sccl   0x0011b2a4       0xf4 c:/devkitpro/devkitarm/bin/../lib/gcc/arm-none-eabi/12.2.0/../../../../arm-none-eabi/lib/armv6k/fpu\libg.a(libc_a-sccl.o)
                0x0011b2a4                __sccl
 .text.sprintf  0x0011b398       0x64 c:/devkitpro/devkitarm/bin/../lib/gcc/arm-none-eabi/12.2.0/../../../../arm-none-eabi/lib/armv6k/fpu\libg.a(libc_a-sprintf.o)
                0x0011b398                sprintf
 .text.stpncpy  0x0011b3fc       0xcc c:/devkitpro/devkitarm/bin/../lib/gcc/arm-none-eabi/12.2.0/../../../../arm-none-eabi/lib/armv6k/fpu\libg.a(libc_a-stpncpy.o)
                0x0011b3fc                stpncpy
 .text.__locale_mb_cur_max
                0x0011b4c8       0x24 c:/devkitpro/devkitarm/bin/../lib/gcc/arm-none-eabi/12.2.0/../../../../arm-none-eabi/lib/armv6k/fpu\libg.a(libc_a-locale.o)
                0x0011b4c8                __locale_mb_cur_max
 .text._localeconv_r
                0x0011b4ec       0x24 c:/devkitpro/devkitarm/bin/../lib/gcc/arm-none-eabi/12.2.0/../../../../arm-none-eabi/lib/armv6k/fpu\libg.a(libc_a-localeconv.o)
                0x0011b4ec                _localeconv_r
 .text.nanf     0x0011b510        0xc c:/devkitpro/devkitarm/bin/../lib/gcc/arm-none-eabi/12.2.0/../../../../arm-none-eabi/lib/armv6k/fpu\libg.a(libm_a-sf_nan.o)
                0x0011b510                nanf
 .text.__utf8_mbtowc
                0x0011b51c      0x2f8 c:/devkitpro/devkitarm/bin/../lib/gcc/arm-none-eabi/12.2.0/../../../../arm-none-eabi/lib/armv6k/fpu\libg.a(libc_a-mbtowc_r.o)
                0x0011b51c                __utf8_mbtowc
 .text.realloc  0x0011b814       0x20 c:/devkitpro/devkitarm/bin/../lib/gcc/arm-none-eabi/12.2.0/../../../../arm-none-eabi/lib/armv6k/fpu\libg.a(libc_a-realloc.o)
                0x0011b814                realloc
 .text._realloc_r
                0x0011b834      0x4a0 c:/devkitpro/devkitarm/bin/../lib/gcc/arm-none-eabi/12.2.0/../../../../arm-none-eabi/lib/armv6k/fpu\libg.a(libc_a-reallocr.o)
                0x0011b834                _realloc_r
 .text.sulp     0x0011bcd4       0x64 c:/devkitpro/devkitarm/bin/../lib/gcc/arm-none-eabi/12.2.0/../../../../arm-none-eabi/lib/armv6k/fpu\libg.a(libc_a-strtod.o)
 .text._strtod_l
                0x0011bd38     0x13a8 c:/devkitpro/devkitarm/bin/../lib/gcc/arm-none-eabi/12.2.0/../../../../arm-none-eabi/lib/armv6k/fpu\libg.a(libc_a-strtod.o)
                0x0011bd38                _strtod_l
 .text._strtod_r
                0x0011d0e0       0x40 c:/devkitpro/devkitarm/bin/../lib/gcc/arm-none-eabi/12.2.0/../../../../arm-none-eabi/lib/armv6k/fpu\libg.a(libc_a-strtod.o)
                0x0011d0e0                _strtod_r
 .text._strtol_l.part.0
                0x0011d120      0x1a4 c:/devkitpro/devkitarm/bin/../lib/gcc/arm-none-eabi/12.2.0/../../../../arm-none-eabi/lib/armv6k/fpu\libg.a(libc_a-strtol.o)
 .text._strtol_r
                0x0011d2c4       0x60 c:/devkitpro/devkitarm/bin/../lib/gcc/arm-none-eabi/12.2.0/../../../../arm-none-eabi/lib/armv6k/fpu\libg.a(libc_a-strtol.o)
                0x0011d2c4                _strtol_r
 .text.__utf8_wctomb
                0x0011d324       0xf0 c:/devkitpro/devkitarm/bin/../lib/gcc/arm-none-eabi/12.2.0/../../../../arm-none-eabi/lib/armv6k/fpu\libg.a(libc_a-wctomb_r.o)
                0x0011d324                __utf8_wctomb
 .text._strtoll_l.constprop.0
                0x0011d414      0x22c c:/devkitpro/devkitarm/bin/../lib/gcc/arm-none-eabi/12.2.0/../../../../arm-none-eabi/lib/armv6k/fpu\libg.a(libc_a-strtoll.o)
 .text._strtoll_r
                0x0011d640       0x30 c:/devkitpro/devkitarm/bin/../lib/gcc/arm-none-eabi/12.2.0/../../../../arm-none-eabi/lib/armv6k/fpu\libg.a(libc_a-strtoll.o)
                0x0011d640                _strtoll_r
 .text._strtoull_l.constprop.0
                0x0011d670      0x244 c:/devkitpro/devkitarm/bin/../lib/gcc/arm-none-eabi/12.2.0/../../../../arm-none-eabi/lib/armv6k/fpu\libg.a(libc_a-strtoull.o)
 .text._strtoull_r
                0x0011d8b4       0x30 c:/devkitpro/devkitarm/bin/../lib/gcc/arm-none-eabi/12.2.0/../../../../arm-none-eabi/lib/armv6k/fpu\libg.a(libc_a-strtoull.o)
                0x0011d8b4                _strtoull_r
 .text._mbrtowc_r
                0x0011d8e4       0xbc c:/devkitpro/devkitarm/bin/../lib/gcc/arm-none-eabi/12.2.0/../../../../arm-none-eabi/lib/armv6k/fpu\libg.a(libc_a-mbrtowc.o)
                0x0011d8e4                _mbrtowc_r
 .text.iswspace
                0x0011d9a0        0x8 c:/devkitpro/devkitarm/bin/../lib/gcc/arm-none-eabi/12.2.0/../../../../arm-none-eabi/lib/armv6k/fpu\libg.a(libc_a-iswspace.o)
                0x0011d9a0                iswspace
 .text.iswspace_l
                0x0011d9a8       0x38 c:/devkitpro/devkitarm/bin/../lib/gcc/arm-none-eabi/12.2.0/../../../../arm-none-eabi/lib/armv6k/fpu\libg.a(libc_a-iswspace_l.o)
                0x0011d9a8                iswspace_l
 .text._sungetc_r
                0x0011d9e0       0xd4 c:/devkitpro/devkitarm/bin/../lib/gcc/arm-none-eabi/12.2.0/../../../../arm-none-eabi/lib/armv6k/fpu\libg.a(libc_a-svfiscanf.o)
                0x0011d9e0                _sungetc_r
 .text.__ssrefill_r
                0x0011dab4       0x6c c:/devkitpro/devkitarm/bin/../lib/gcc/arm-none-eabi/12.2.0/../../../../arm-none-eabi/lib/armv6k/fpu\libg.a(libc_a-svfiscanf.o)
                0x0011dab4                __ssrefill_r
 .text._sfread_r
                0x0011db20       0xc4 c:/devkitpro/devkitarm/bin/../lib/gcc/arm-none-eabi/12.2.0/../../../../arm-none-eabi/lib/armv6k/fpu\libg.a(libc_a-svfiscanf.o)
                0x0011db20                _sfread_r
 .text.get_arg  0x0011dbe4      0x67c c:/devkitpro/devkitarm/bin/../lib/gcc/arm-none-eabi/12.2.0/../../../../arm-none-eabi/lib/armv6k/fpu\libg.a(libc_a-svfprintf.o)
 .text._svfprintf_r
                0x0011e260     0x3344 c:/devkitpro/devkitarm/bin/../lib/gcc/arm-none-eabi/12.2.0/../../../../arm-none-eabi/lib/armv6k/fpu\libg.a(libc_a-svfprintf.o)
                0x0011e260                _svfprintf_r
 .text.__submore
                0x001215a4       0xa8 c:/devkitpro/devkitarm/bin/../lib/gcc/arm-none-eabi/12.2.0/../../../../arm-none-eabi/lib/armv6k/fpu\libg.a(libc_a-ungetc.o)
                0x001215a4                __submore
 .text.memmove  0x0012164c      0x150 c:/devkitpro/devkitarm/bin/../lib/gcc/arm-none-eabi/12.2.0/../../../../arm-none-eabi/lib/armv6k/fpu\libg.a(libc_a-memmove.o)
                0x0012164c                memmove
 *fill*         0x0012179c        0x4 
 .text.nan      0x001217a0       0x10 c:/devkitpro/devkitarm/bin/../lib/gcc/arm-none-eabi/12.2.0/../../../../arm-none-eabi/lib/armv6k/fpu\libg.a(libm_a-s_nan.o)
                0x001217a0                nan
 .text.frexp    0x001217b0       0x88 c:/devkitpro/devkitarm/bin/../lib/gcc/arm-none-eabi/12.2.0/../../../../arm-none-eabi/lib/armv6k/fpu\libg.a(libm_a-s_frexp.o)
                0x001217b0                frexp
 .text.quorem   0x00121838      0x1b0 c:/devkitpro/devkitarm/bin/../lib/gcc/arm-none-eabi/12.2.0/../../../../arm-none-eabi/lib/armv6k/fpu\libg.a(libc_a-dtoa.o)
 .text._dtoa_r  0x001219e8     0x11f8 c:/devkitpro/devkitarm/bin/../lib/gcc/arm-none-eabi/12.2.0/../../../../arm-none-eabi/lib/armv6k/fpu\libg.a(libc_a-dtoa.o)
                0x001219e8                _dtoa_r
 .text.rshift   0x00122be0       0xf0 c:/devkitpro/devkitarm/bin/../lib/gcc/arm-none-eabi/12.2.0/../../../../arm-none-eabi/lib/armv6k/fpu\libg.a(libc_a-gdtoa-gethex.o)
 .text.__gethex
                0x00122cd0      0x814 c:/devkitpro/devkitarm/bin/../lib/gcc/arm-none-eabi/12.2.0/../../../../arm-none-eabi/lib/armv6k/fpu\libg.a(libc_a-gdtoa-gethex.o)
                0x00122cd0                __gethex
 .text.__match  0x001234e4       0x4c c:/devkitpro/devkitarm/bin/../lib/gcc/arm-none-eabi/12.2.0/../../../../arm-none-eabi/lib/armv6k/fpu\libg.a(libc_a-gdtoa-hexnan.o)
                0x001234e4                __match
 .text.__hexnan
                0x00123530      0x29c c:/devkitpro/devkitarm/bin/../lib/gcc/arm-none-eabi/12.2.0/../../../../arm-none-eabi/lib/armv6k/fpu\libg.a(libc_a-gdtoa-hexnan.o)
                0x00123530                __hexnan
 .text._Balloc  0x001237cc       0x88 c:/devkitpro/devkitarm/bin/../lib/gcc/arm-none-eabi/12.2.0/../../../../arm-none-eabi/lib/armv6k/fpu\libg.a(libc_a-mprec.o)
                0x001237cc                _Balloc
 .text._Bfree   0x00123854       0x1c c:/devkitpro/devkitarm/bin/../lib/gcc/arm-none-eabi/12.2.0/../../../../arm-none-eabi/lib/armv6k/fpu\libg.a(libc_a-mprec.o)
                0x00123854                _Bfree
 .text.__multadd
                0x00123870       0xf4 c:/devkitpro/devkitarm/bin/../lib/gcc/arm-none-eabi/12.2.0/../../../../arm-none-eabi/lib/armv6k/fpu\libg.a(libc_a-mprec.o)
                0x00123870                __multadd
 .text.__s2b    0x00123964      0x110 c:/devkitpro/devkitarm/bin/../lib/gcc/arm-none-eabi/12.2.0/../../../../arm-none-eabi/lib/armv6k/fpu\libg.a(libc_a-mprec.o)
                0x00123964                __s2b
 .text.__hi0bits
                0x00123a74       0x60 c:/devkitpro/devkitarm/bin/../lib/gcc/arm-none-eabi/12.2.0/../../../../arm-none-eabi/lib/armv6k/fpu\libg.a(libc_a-mprec.o)
                0x00123a74                __hi0bits
 .text.__lo0bits
                0x00123ad4       0x9c c:/devkitpro/devkitarm/bin/../lib/gcc/arm-none-eabi/12.2.0/../../../../arm-none-eabi/lib/armv6k/fpu\libg.a(libc_a-mprec.o)
                0x00123ad4                __lo0bits
 .text.__i2b    0x00123b70       0xac c:/devkitpro/devkitarm/bin/../lib/gcc/arm-none-eabi/12.2.0/../../../../arm-none-eabi/lib/armv6k/fpu\libg.a(libc_a-mprec.o)
                0x00123b70                __i2b
 .text.__multiply
                0x00123c1c      0x204 c:/devkitpro/devkitarm/bin/../lib/gcc/arm-none-eabi/12.2.0/../../../../arm-none-eabi/lib/armv6k/fpu\libg.a(libc_a-mprec.o)
                0x00123c1c                __multiply
 .text.__pow5mult
                0x00123e20      0x128 c:/devkitpro/devkitarm/bin/../lib/gcc/arm-none-eabi/12.2.0/../../../../arm-none-eabi/lib/armv6k/fpu\libg.a(libc_a-mprec.o)
                0x00123e20                __pow5mult
 .text.__lshift
                0x00123f48      0x140 c:/devkitpro/devkitarm/bin/../lib/gcc/arm-none-eabi/12.2.0/../../../../arm-none-eabi/lib/armv6k/fpu\libg.a(libc_a-mprec.o)
                0x00123f48                __lshift
 .text.__mcmp   0x00124088       0x58 c:/devkitpro/devkitarm/bin/../lib/gcc/arm-none-eabi/12.2.0/../../../../arm-none-eabi/lib/armv6k/fpu\libg.a(libc_a-mprec.o)
                0x00124088                __mcmp
 .text.__mdiff  0x001240e0      0x1f0 c:/devkitpro/devkitarm/bin/../lib/gcc/arm-none-eabi/12.2.0/../../../../arm-none-eabi/lib/armv6k/fpu\libg.a(libc_a-mprec.o)
                0x001240e0                __mdiff
 .text.__ulp    0x001242d0       0x68 c:/devkitpro/devkitarm/bin/../lib/gcc/arm-none-eabi/12.2.0/../../../../arm-none-eabi/lib/armv6k/fpu\libg.a(libc_a-mprec.o)
                0x001242d0                __ulp
 .text.__b2d    0x00124338       0xd0 c:/devkitpro/devkitarm/bin/../lib/gcc/arm-none-eabi/12.2.0/../../../../arm-none-eabi/lib/armv6k/fpu\libg.a(libc_a-mprec.o)
                0x00124338                __b2d
 .text.__d2b    0x00124408      0x120 c:/devkitpro/devkitarm/bin/../lib/gcc/arm-none-eabi/12.2.0/../../../../arm-none-eabi/lib/armv6k/fpu\libg.a(libc_a-mprec.o)
                0x00124408                __d2b
 .text.__ratio  0x00124528       0x78 c:/devkitpro/devkitarm/bin/../lib/gcc/arm-none-eabi/12.2.0/../../../../arm-none-eabi/lib/armv6k/fpu\libg.a(libc_a-mprec.o)
                0x00124528                __ratio
 .text.__copybits
                0x001245a0       0x88 c:/devkitpro/devkitarm/bin/../lib/gcc/arm-none-eabi/12.2.0/../../../../arm-none-eabi/lib/armv6k/fpu\libg.a(libc_a-mprec.o)
                0x001245a0                __copybits
 .text.__any_on
                0x00124628       0x5c c:/devkitpro/devkitarm/bin/../lib/gcc/arm-none-eabi/12.2.0/../../../../arm-none-eabi/lib/armv6k/fpu\libg.a(libc_a-mprec.o)
                0x00124628                __any_on
 .text._wcrtomb_r
                0x00124684       0x94 c:/devkitpro/devkitarm/bin/../lib/gcc/arm-none-eabi/12.2.0/../../../../arm-none-eabi/lib/armv6k/fpu\libg.a(libc_a-wcrtomb.o)
                0x00124684                _wcrtomb_r
 .text._wcsrtombs_r
                0x00124718       0x28 c:/devkitpro/devkitarm/bin/../lib/gcc/arm-none-eabi/12.2.0/../../../../arm-none-eabi/lib/armv6k/fpu\libg.a(libc_a-wcsrtombs.o)
                0x00124718                _wcsrtombs_r
 .text.category
                0x00124740       0x8c c:/devkitpro/devkitarm/bin/../lib/gcc/arm-none-eabi/12.2.0/../../../../arm-none-eabi/lib/armv6k/fpu\libg.a(libc_a-categories.o)
                0x00124740                category
 .text.__ssprint_r
                0x001247cc      0x188 c:/devkitpro/devkitarm/bin/../lib/gcc/arm-none-eabi/12.2.0/../../../../arm-none-eabi/lib/armv6k/fpu\libg.a(libc_a-svfiprintf.o)
                0x001247cc                __ssprint_r
 .text.__assert_func
                0x00124954       0x5c c:/devkitpro/devkitarm/bin/../lib/gcc/arm-none-eabi/12.2.0/../../../../arm-none-eabi/lib/armv6k/fpu\libg.a(libc_a-assert.o)
                0x00124954                __assert_func
 .text._wcsnrtombs_l
                0x001249b0      0x188 c:/devkitpro/devkitarm/bin/../lib/gcc/arm-none-eabi/12.2.0/../../../../arm-none-eabi/lib/armv6k/fpu\libg.a(libc_a-wcsnrtombs.o)
                0x001249b0                _wcsnrtombs_l
 .text._wcsnrtombs_r
                0x00124b38       0x68 c:/devkitpro/devkitarm/bin/../lib/gcc/arm-none-eabi/12.2.0/../../../../arm-none-eabi/lib/armv6k/fpu\libg.a(libc_a-wcsnrtombs.o)
                0x00124b38                _wcsnrtombs_r
 .text.fiprintf
                0x00124ba0       0x3c c:/devkitpro/devkitarm/bin/../lib/gcc/arm-none-eabi/12.2.0/../../../../arm-none-eabi/lib/armv6k/fpu\libg.a(libc_a-fiprintf.o)
                0x00124ba0                fiprintf
 .text.get_arg  0x00124bdc      0x67c c:/devkitpro/devkitarm/bin/../lib/gcc/arm-none-eabi/12.2.0/../../../../arm-none-eabi/lib/armv6k/fpu\libg.a(libc_a-vfiprintf.o)
 .text.__sprint_r
                0x00125258       0x30 c:/devkitpro/devkitarm/bin/../lib/gcc/arm-none-eabi/12.2.0/../../../../arm-none-eabi/lib/armv6k/fpu\libg.a(libc_a-vfiprintf.o)
                0x00125258                __sprint_r
 .text._vfiprintf_r
                0x00125288     0x230c c:/devkitpro/devkitarm/bin/../lib/gcc/arm-none-eabi/12.2.0/../../../../arm-none-eabi/lib/armv6k/fpu\libg.a(libc_a-vfiprintf.o)
                0x00125288                _vfiprintf_r
 .text.__sbprintf
                0x00127594       0xb8 c:/devkitpro/devkitarm/bin/../lib/gcc/arm-none-eabi/12.2.0/../../../../arm-none-eabi/lib/armv6k/fpu\libg.a(libc_a-vfiprintf.o)