Archive member included to satisfy reference by file (symbol)

C:/devkitPro/libctru/lib\libcitro2d.a(base.o)
                              main.o (C2D_Init)
C:/devkitPro/libctru/lib\libcitro2d.a(spritesheet.o)
                              main.o (C2D_SpriteSheetLoad)
C:/devkitPro/libctru/lib\libcitro2d.a(render2d.shbin.o)
                              C:/devkitPro/libctru/lib\libcitro2d.a(base.o) (render2d_shbin)
C:/devkitPro/libctru/lib\libcitro3d.a(base.o)
                              main.o (C3D_Init)
C:/devkitPro/libctru/lib\libcitro3d.a(renderqueue.o)
                              C:/devkitPro/libctru/lib\libcitro3d.a(base.o) (C3Di_RenderQueueEnableVBlank)
C:/devkitPro/libctru/lib\libcitro3d.a(texture.o)
                              C:/devkitPro/libctru/lib\libcitro2d.a(base.o) (C3D_TexBind)
C:/devkitPro/libctru/lib\libcitro3d.a(tex3ds.o)
                              C:/devkitPro/libctru/lib\libcitro2d.a(spritesheet.o) (Tex3DS_TextureImport)
C:/devkitPro/libctru/lib\libcitro3d.a(framebuffer.o)
                              C:/devkitPro/libctru/lib\libcitro3d.a(renderqueue.o) (C3D_CalcColorBufSize)
C:/devkitPro/libctru/lib\libcitro3d.a(texenv.o)
                              C:/devkitPro/libctru/lib\libcitro2d.a(base.o) (C3D_GetTexEnv)
C:/devkitPro/libctru/lib\libcitro3d.a(drawElements.o)
                              C:/devkitPro/libctru/lib\libcitro2d.a(base.o) (C3D_DrawElements)
C:/devkitPro/libctru/lib\libcitro3d.a(proctex.o)
                              C:/devkitPro/libctru/lib\libcitro2d.a(base.o) (C3D_ProcTexInit)
C:/devkitPro/libctru/lib\libcitro3d.a(buffers.o)
                              C:/devkitPro/libctru/lib\libcitro2d.a(base.o) (BufInfo_Init)
C:/devkitPro/libctru/lib\libcitro3d.a(effect.o)
                              C:/devkitPro/libctru/lib\libcitro3d.a(base.o) (C3D_DepthMap)
C:/devkitPro/libctru/lib\libcitro3d.a(attribs.o)
                              C:/devkitPro/libctru/lib\libcitro2d.a(base.o) (AttrInfo_Init)
C:/devkitPro/libctru/lib\libcitro3d.a(immediate.o)
                              C:/devkitPro/libctru/lib\libcitro3d.a(base.o) (C3D_ImmSendAttrib)
C:/devkitPro/libctru/lib\libcitro3d.a(uniforms.o)
                              C:/devkitPro/libctru/lib\libcitro3d.a(base.o) (C3D_UpdateUniforms)
C:/devkitPro/libctru/lib\libcitro3d.a(mtx_ortho.o)
                              C:/devkitPro/libctru/lib\libcitro2d.a(base.o) (Mtx_Ortho)
C:/devkitPro/libctru/lib\libcitro3d.a(mtx_scale.o)
                              C:/devkitPro/libctru/lib\libcitro2d.a(base.o) (Mtx_Scale)
C:/devkitPro/libctru/lib\libcitro3d.a(mtx_multiply.o)
                              C:/devkitPro/libctru/lib\libcitro2d.a(base.o) (Mtx_Multiply)
C:/devkitPro/libctru/lib\libcitro3d.a(mtx_orthotilt.o)
                              C:/devkitPro/libctru/lib\libcitro2d.a(base.o) (Mtx_OrthoTilt)
C:/devkitPro/libctru/lib\libcitro3d.a(mtx_translate.o)
                              C:/devkitPro/libctru/lib\libcitro2d.a(base.o) (Mtx_Translate)
C:/devkitPro/libctru/lib\libcitro3d.a(mtx_rotatez.o)
                              C:/devkitPro/libctru/lib\libcitro2d.a(base.o) (Mtx_RotateZ)
C:/devkitPro/libctru/lib\libctru.a(vram.o)
                              C:/devkitPro/libctru/lib\libcitro3d.a(renderqueue.o) (vramAlloc)
C:/devkitPro/libctru/lib\libctru.a(linear.o)
                              C:/devkitPro/libctru/lib\libcitro2d.a(base.o) (linearAlloc)
C:/devkitPro/libctru/lib\libctru.a(mem_pool.o)
                              C:/devkitPro/libctru/lib\libctru.a(vram.o) (MemPool::Allocate(MemChunk&, unsigned long, int))
C:/devkitPro/libctru/lib\libctru.a(romfs_dev.o)
                              main.o (romfsMountSelf)
C:/devkitPro/libctru/lib\libctru.a(os.o)
                              C:/devkitPro/libctru/lib\libcitro3d.a(texture.o) (osConvertVirtToPhys)
C:/devkitPro/libctru/lib\libctru.a(console.o)
                              main.o (consoleInit)
C:/devkitPro/libctru/lib\libctru.a(path_buf.o)
                              C:/devkitPro/libctru/lib\libctru.a(romfs_dev.o) (__ctru_dev_utf16_buf)
C:/devkitPro/libctru/lib\libctru.a(gfx.o)
                              C:/devkitPro/libctru/lib\libcitro2d.a(base.o) (gfxIsWide)
C:/devkitPro/libctru/lib\libctru.a(shaderProgram.o)
                              C:/devkitPro/libctru/lib\libcitro2d.a(base.o) (shaderInstanceGetUniformLocation)
C:/devkitPro/libctru/lib\libctru.a(shbin.o)
                              C:/devkitPro/libctru/lib\libcitro2d.a(base.o) (DVLB_ParseFile)
C:/devkitPro/libctru/lib\libctru.a(gx.o)
                              C:/devkitPro/libctru/lib\libcitro3d.a(renderqueue.o) (GX_BindQueue)
C:/devkitPro/libctru/lib\libctru.a(gxqueue.o)
                              C:/devkitPro/libctru/lib\libcitro3d.a(renderqueue.o) (gxCmdQueueClear)
C:/devkitPro/libctru/lib\libctru.a(gpu.o)
                              C:/devkitPro/libctru/lib\libcitro3d.a(base.o) (gpuCmdBufOffset)
C:/devkitPro/libctru/lib\libctru.a(gspgpu.o)
[...]
Memory Configuration

Name             Origin             Length             Attributes
*default*        0x00000000         0xffffffff

Linker script and memory map

                0x00100000                        PROVIDE (__start__ = 0x100000)
                0x00100000                        . = __start__

.text           0x00100000    0x274d8
 *(.crt0)
 .crt0          0x00100000       0x94 c:/devkitpro/devkitarm/bin/../lib/gcc/arm-none-eabi/12.2.0/../../../../arm-none-eabi/lib/armv6k/fpu/3dsx_crt0.o
                0x00100000                _start
                0x00100008                __service_ptr
                0x0010000c                __apt_appid
                0x00100010                __heap_size
                0x00100014                __linear_heap_size
                0x00100018                __system_arglist
                0x0010001c                __system_runflags
 *(.init)
 .init          0x00100094        0xc c:/devkitpro/devkitarm/bin/../lib/gcc/arm-none-eabi/12.2.0/armv6k/fpu/crti.o
                0x00100094                _init
 .init          0x001000a0        0xc c:/devkitpro/devkitarm/bin/../lib/gcc/arm-none-eabi/12.2.0/armv6k/fpu/crtn.o
                0x001000ac                        . = ALIGN (0x4)
 *(.text)
 .text          0x001000ac      0x20c c:/devkitpro/devkitarm/bin/../lib/gcc/arm-none-eabi/12.2.0/armv6k/fpu\libgcc.a(_udivsi3.o)
                0x001000ac                __aeabi_uidiv
                0x001000ac                __udivsi3
                0x00100298                __aeabi_uidivmod
 .text          0x001002b8      0x240 c:/devkitpro/devkitarm/bin/../lib/gcc/arm-none-eabi/12.2.0/armv6k/fpu\libgcc.a(_divsi3.o)
                0x001002b8                __divsi3
                0x001002b8                __aeabi_idiv
                0x001004d8                __aeabi_idivmod
 .text          0x001004f8        0x4 c:/devkitpro/devkitarm/bin/../lib/gcc/arm-none-eabi/12.2.0/armv6k/fpu\libgcc.a(_dvmd_tls.o)
                0x001004f8                __aeabi_idiv0
                0x001004f8                __aeabi_ldiv0
 .text          0x001004fc      0x3c0 c:/devkitpro/devkitarm/bin/../lib/gcc/arm-none-eabi/12.2.0/armv6k/fpu\libgcc.a(_arm_addsubdf3.o)
                0x001004fc                __aeabi_drsub
                0x00100504                __aeabi_dsub
                0x00100504                __subdf3
                0x00100508                __aeabi_dadd
                0x00100508                __adddf3
                0x001007b4                __floatunsidf
                0x001007b4                __aeabi_ui2d
                0x001007d8                __floatsidf
                0x001007d8                __aeabi_i2d
                0x00100800                __aeabi_f2d
                0x00100800                __extendsfdf2
                0x00100848                __floatundidf
                0x00100848                __aeabi_ul2d
                0x0010085c                __floatdidf
                0x0010085c                __aeabi_l2d
 .text          0x001008bc       0xd4 c:/devkitpro/devkitarm/bin/../lib/gcc/arm-none-eabi/12.2.0/armv6k/fpu\libgcc.a(_aeabi_ldivmod.o)
                0x001008bc                __aeabi_ldivmod
 .text          0x00100990       0x3c c:/devkitpro/devkitarm/bin/../lib/gcc/arm-none-eabi/12.2.0/armv6k/fpu\libgcc.a(_aeabi_uldivmod.o)
                0x00100990                __aeabi_uldivmod
 *fill*         0x001009cc       0x14 
 .text          0x001009e0      0x390 c:/devkitpro/devkitarm/bin/../lib/gcc/arm-none-eabi/12.2.0/../../../../arm-none-eabi/lib/armv6k/fpu\libg.a(libc_a-strcmp.o)
                0x001009e8                strcmp
 *(.text.*)
 .text.__do_global_dtors_aux
                0x00100d70       0x40 c:/devkitpro/devkitarm/bin/../lib/gcc/arm-none-eabi/12.2.0/armv6k/fpu/crtbegin.o
 .text.frame_dummy
                0x00100db0       0x2c c:/devkitpro/devkitarm/bin/../lib/gcc/arm-none-eabi/12.2.0/armv6k/fpu/crtbegin.o
 *fill*         0x00100ddc        0x4 
 .text.startup.main
                0x00100de0      0x37c main.o
                0x00100de0                main
 .text.C2Di_FrameEndHook
                0x0010115c       0x44 C:/devkitPro/libctru/lib\libcitro2d.a(base.o)
 .text.C2D_Init
                0x001011a0      0x36c C:/devkitPro/libctru/lib\libcitro2d.a(base.o)
                0x001011a0                C2D_Init
 .text.C2D_Fini
                0x0010150c       0x4c C:/devkitPro/libctru/lib\libcitro2d.a(base.o)
                0x0010150c                C2D_Fini
 .text.C2D_Prepare
                0x00101558       0xb8 C:/devkitPro/libctru/lib\libcitro2d.a(base.o)
                0x00101558                C2D_Prepare
 .text.C2D_Flush
                0x00101610       0x48 C:/devkitPro/libctru/lib\libcitro2d.a(base.o)
                0x00101610                C2D_Flush
 .text.C2D_SceneSize
                0x00101658      0x104 C:/devkitPro/libctru/lib\libcitro2d.a(base.o)
                0x00101658                C2D_SceneSize
 .text.C2D_CreateScreenTarget
                0x0010175c       0x58 C:/devkitPro/libctru/lib\libcitro2d.a(base.o)
                0x0010175c                C2D_CreateScreenTarget
 .text.C2D_TargetClear
                0x001017b4       0x64 C:/devkitPro/libctru/lib\libcitro2d.a(base.o)
                0x001017b4                C2D_TargetClear
 .text.C2Di_CalcQuad
                0x00101818      0x13c C:/devkitPro/libctru/lib\libcitro2d.a(base.o)
                0x00101818                C2Di_CalcQuad
 .text.C2Di_AppendQuad
                0x00101954       0x58 C:/devkitPro/libctru/lib\libcitro2d.a(base.o)
                0x00101954                C2Di_AppendQuad
 .text.C2Di_Update
                0x001019ac      0x550 C:/devkitPro/libctru/lib\libcitro2d.a(base.o)
                0x001019ac                C2Di_Update
 .text.C2D_DrawImage
                0x00101efc      0x2b0 C:/devkitPro/libctru/lib\libcitro2d.a(base.o)
                0x00101efc                C2D_DrawImage
 .text.C2D_SpriteSheetLoadFromHandle
                0x001021ac       0x6c C:/devkitPro/libctru/lib\libcitro2d.a(spritesheet.o)
                0x001021ac                C2D_SpriteSheetLoadFromHandle
 .text.C2D_SpriteSheetLoad
                0x00102218       0x48 C:/devkitPro/libctru/lib\libcitro2d.a(spritesheet.o)
                0x00102218                C2D_SpriteSheetLoad
 .text.C2D_SpriteSheetFree
                0x00102260       0x28 C:/devkitPro/libctru/lib\libcitro2d.a(spritesheet.o)
                0x00102260                C2D_SpriteSheetFree
 .text.C2D_SpriteSheetCount
                0x00102288        0x8 C:/devkitPro/libctru/lib\libcitro2d.a(spritesheet.o)
                0x00102288                C2D_SpriteSheetCount
 .text.C2D_SpriteSheetGetImage
                0x00102290       0x2c C:/devkitPro/libctru/lib\libcitro2d.a(spritesheet.o)
                0x00102290                C2D_SpriteSheetGetImage
 .text.C3Di_LightEnvUpdate
                0x001022bc        0x4 C:/devkitPro/libctru/lib\libcitro3d.a(base.o)
                0x001022bc                C3Di_LightEnvUpdate
 .text.C3Di_LightEnvDirty
                0x001022c0        0x4 C:/devkitPro/libctru/lib\libcitro3d.a(base.o)
                0x001022c0                C3Di_LightEnvDirty
 .text.C3Di_AptEventHook
                0x001022c4       0xb4 C:/devkitPro/libctru/lib\libcitro3d.a(base.o)
 .text.C3Di_GasUpdate
                0x00102378        0x4 C:/devkitPro/libctru/lib\libcitro3d.a(base.o)
                0x00102378                C3Di_GasUpdate
 .text.C3D_Init
                0x0010237c      0x1e0 C:/devkitPro/libctru/lib\libcitro3d.a(base.o)
                0x0010237c                C3D_Init
 .text.C3D_SetViewport
                0x0010255c       0x98 C:/devkitPro/libctru/lib\libcitro3d.a(base.o)
                0x0010255c                C3D_SetViewport
 .text.C3Di_UpdateContext
                0x001025f4      0x4e8 C:/devkitPro/libctru/lib\libcitro3d.a(base.o)
                0x001025f4                C3Di_UpdateContext
 .text.C3Di_SplitFrame
                0x00102adc       0xe0 C:/devkitPro/libctru/lib\libcitro3d.a(base.o)
                0x00102adc                C3Di_SplitFrame
 .text.C3D_Fini
                0x00102bbc       0x44 C:/devkitPro/libctru/lib\libcitro3d.a(base.o)
                0x00102bbc                C3D_Fini
 .text.C3D_BindProgram
                0x00102c00      0x114 C:/devkitPro/libctru/lib\libcitro3d.a(base.o)
                0x00102c00                C3D_BindProgram
 .text.onVBlank0
                0x00102d14       0x4c C:/devkitPro/libctru/lib\libcitro3d.a(renderqueue.o)
 .text.onVBlank1
                0x00102d60       0x4c C:/devkitPro/libctru/lib\libcitro3d.a(renderqueue.o)
 .text.C3Di_RenderTargetDestroy
                0x00102dac       0x80 C:/devkitPro/libctru/lib\libcitro3d.a(renderqueue.o)
 .text.onQueueFinish
                0x00102e2c       0xf4 C:/devkitPro/libctru/lib\libcitro3d.a(renderqueue.o)
 .text.C3Di_RenderQueueEnableVBlank
                0x00102f20       0x38 C:/devkitPro/libctru/lib\libcitro3d.a(renderqueue.o)
                0x00102f20                C3Di_RenderQueueEnableVBlank
 .text.C3Di_RenderQueueDisableVBlank
                0x00102f58       0x30 C:/devkitPro/libctru/lib\libcitro3d.a(renderqueue.o)
                0x00102f58                C3Di_RenderQueueDisableVBlank
 .text.C3Di_RenderQueueInit
                0x00102f88       0x60 C:/devkitPro/libctru/lib\libcitro3d.a(renderqueue.o)
                0x00102f88                C3Di_RenderQueueInit
 .text.C3Di_RenderQueueExit
                0x00102fe8       0xb0 C:/devkitPro/libctru/lib\libcitro3d.a(renderqueue.o)
                0x00102fe8                C3Di_RenderQueueExit
 .text.C3Di_RenderQueueWaitDone
                0x00103098       0x34 C:/devkitPro/libctru/lib\libcitro3d.a(renderqueue.o)
                0x00103098                C3Di_RenderQueueWaitDone
 .text.C3D_FrameBegin
                0x001030cc       0xe4 C:/devkitPro/libctru/lib\libcitro3d.a(renderqueue.o)
                0x001030cc                C3D_FrameBegin
 .text.C3D_FrameDrawOn
                0x001031b0       0x48 C:/devkitPro/libctru/lib\libcitro3d.a(renderqueue.o)
                0x001031b0                C3D_FrameDrawOn
 .text.C3D_FrameSplit
                0x001031f8       0x58 C:/devkitPro/libctru/lib\libcitro3d.a(renderqueue.o)
                0x001031f8                C3D_FrameSplit
 .text.C3D_FrameEnd
                0x00103250      0x1d8 C:/devkitPro/libctru/lib\libcitro3d.a(renderqueue.o)
                0x00103250                C3D_FrameEnd
 .text.C3D_FrameEndHook
                0x00103428       0x1c C:/devkitPro/libctru/lib\libcitro3d.a(renderqueue.o)
                0x00103428                C3D_FrameEndHook
 .text.C3D_RenderTargetCreate
                0x00103444      0x184 C:/devkitPro/libctru/lib\libcitro3d.a(renderqueue.o)
                0x00103444                C3D_RenderTargetCreate
 .text.C3D_RenderTargetSetOutput
                0x001035c8       0xa8 C:/devkitPro/libctru/lib\libcitro3d.a(renderqueue.o)
                0x001035c8                C3D_RenderTargetSetOutput
 .text.C3D_SyncTextureCopy
                0x00103670       0xfc C:/devkitPro/libctru/lib\libcitro3d.a(renderqueue.o)
                0x00103670                C3D_SyncTextureCopy
 .text.C3D_TexInitWithParams
                0x0010376c      0x294 C:/devkitPro/libctru/lib\libcitro3d.a(texture.o)
                0x0010376c                C3D_TexInitWithParams
 .text.C3D_TexLoadImage
                0x00103a00       0xc8 C:/devkitPro/libctru/lib\libcitro3d.a(texture.o)
                0x00103a00                C3D_TexLoadImage
 .text.C3D_TexBind
                0x00103ac8       0x44 C:/devkitPro/libctru/lib\libcitro3d.a(texture.o)
                0x00103ac8                C3D_TexBind
 .text.C3D_TexDelete
                0x00103b0c       0x74 C:/devkitPro/libctru/lib\libcitro3d.a(texture.o)
                0x00103b0c                C3D_TexDelete
 .text.C3Di_SetTex
                0x00103b80      0x16c C:/devkitPro/libctru/lib\libcitro3d.a(texture.o)
                0x00103b80                C3Di_SetTex
 .text.Tex3DSi_ImportCommon
                0x00103cec      0x3f4 C:/devkitPro/libctru/lib\libcitro3d.a(tex3ds.o)
 .text.Tex3DS_TextureImportStdio
                0x001040e0       0x38 C:/devkitPro/libctru/lib\libcitro3d.a(tex3ds.o)
                0x001040e0                Tex3DS_TextureImportStdio
 .text.Tex3DS_GetNumSubTextures
                0x00104118        0x8 C:/devkitPro/libctru/lib\libcitro3d.a(tex3ds.o)
                0x00104118                Tex3DS_GetNumSubTextures
 .text.Tex3DS_GetSubTexture
                0x00104120       0x1c C:/devkitPro/libctru/lib\libcitro3d.a(tex3ds.o)
                0x00104120                Tex3DS_GetSubTexture
 .text.Tex3DS_TextureFree
                0x0010413c        0x4 C:/devkitPro/libctru/lib\libcitro3d.a(tex3ds.o)
                0x0010413c                Tex3DS_TextureFree
 .text.C3D_CalcColorBufSize
                0x00104140       0x1c C:/devkitPro/libctru/lib\libcitro3d.a(framebuffer.o)
                0x00104140                C3D_CalcColorBufSize
 .text.C3D_CalcDepthBufSize
                0x0010415c       0x1c C:/devkitPro/libctru/lib\libcitro3d.a(framebuffer.o)
                0x0010415c                C3D_CalcDepthBufSize
 .text.C3D_SetFrameBuf
                0x00104178       0x44 C:/devkitPro/libctru/lib\libcitro3d.a(framebuffer.o)
                0x00104178                C3D_SetFrameBuf
 .text.C3Di_FrameBufBind
                0x001041bc      0x16c C:/devkitPro/libctru/lib\libcitro3d.a(framebuffer.o)
                0x001041bc                C3Di_FrameBufBind
 .text.C3D_FrameBufClear
                0x00104328       0xc8 C:/devkitPro/libctru/lib\libcitro3d.a(framebuffer.o)
                0x00104328                C3D_FrameBufClear
 .text.C3D_FrameBufTransfer
                0x001043f0       0x44 C:/devkitPro/libctru/lib\libcitro3d.a(framebuffer.o)
                0x001043f0                C3D_FrameBufTransfer
 .text.C3D_GetTexEnv
                0x00104434       0x34 C:/devkitPro/libctru/lib\libcitro3d.a(texenv.o)
                0x00104434                C3D_GetTexEnv
 .text.C3Di_TexEnvBind
                0x00104468       0x24 C:/devkitPro/libctru/lib\libcitro3d.a(texenv.o)
                0x00104468                C3Di_TexEnvBind
 .text.C3D_DrawElements
                0x0010448c      0x218 C:/devkitPro/libctru/lib\libcitro3d.a(drawElements.o)
                0x0010448c                C3D_DrawElements
 .text.C3D_ProcTexInit
                0x001046a4       0x70 C:/devkitPro/libctru/lib\libcitro3d.a(proctex.o)
                0x001046a4                C3D_ProcTexInit
 .text.C3D_ProcTexBind
                0x00104714       0x54 C:/devkitPro/libctru/lib\libcitro3d.a(proctex.o)
                0x00104714                C3D_ProcTexBind
 .text.C3D_ProcTexLutBind
                0x00104768       0x5c C:/devkitPro/libctru/lib\libcitro3d.a(proctex.o)
                0x00104768                C3D_ProcTexLutBind
 .text.ProcTexLut_FromArray
                0x001047c4       0xa4 C:/devkitPro/libctru/lib\libcitro3d.a(proctex.o)
                0x001047c4                ProcTexLut_FromArray
 .text.C3Di_ProcTexUpdate
                0x00104868      0x17c C:/devkitPro/libctru/lib\libcitro3d.a(proctex.o)
                0x00104868                C3Di_ProcTexUpdate
 .text.C3Di_ProcTexDirty
                0x001049e4       0x68 C:/devkitPro/libctru/lib\libcitro3d.a(proctex.o)
                0x001049e4                C3Di_ProcTexDirty
 .text.BufInfo_Init
                0x00104a4c       0x24 C:/devkitPro/libctru/lib\libcitro3d.a(buffers.o)
                0x00104a4c                BufInfo_Init
 .text.BufInfo_Add
                0x00104a70       0x80 C:/devkitPro/libctru/lib\libcitro3d.a(buffers.o)
                0x00104a70                BufInfo_Add
 .text.C3D_SetBufInfo
                0x00104af0       0x40 C:/devkitPro/libctru/lib\libcitro3d.a(buffers.o)
                0x00104af0                C3D_SetBufInfo
 .text.C3Di_BufInfoBind
                0x00104b30       0x48 C:/devkitPro/libctru/lib\libcitro3d.a(buffers.o)
                0x00104b30                C3Di_BufInfoBind
 .text.C3D_DepthMap
                0x00104b78       0x40 C:/devkitPro/libctru/lib\libcitro3d.a(effect.o)
                0x00104b78                C3D_DepthMap
 .text.C3D_CullFace
                0x00104bb8       0x1c C:/devkitPro/libctru/lib\libcitro3d.a(effect.o)
                0x00104bb8                C3D_CullFace
 .text.C3D_StencilTest
                0x00104bd4       0x40 C:/devkitPro/libctru/lib\libcitro3d.a(effect.o)
                0x00104bd4                C3D_StencilTest
 .text.C3D_StencilOp
                0x00104c14       0x24 C:/devkitPro/libctru/lib\libcitro3d.a(effect.o)
                0x00104c14                C3D_StencilOp
 .text.C3D_BlendingColor
                0x00104c38       0x1c C:/devkitPro/libctru/lib\libcitro3d.a(effect.o)
                0x00104c38                C3D_BlendingColor
 .text.C3D_EarlyDepthTest
                0x00104c54       0x24 C:/devkitPro/libctru/lib\libcitro3d.a(effect.o)
                0x00104c54                C3D_EarlyDepthTest
 .text.C3D_DepthTest
                0x00104c78       0x2c C:/devkitPro/libctru/lib\libcitro3d.a(effect.o)
                0x00104c78                C3D_DepthTest
 .text.C3D_AlphaTest
                0x00104ca4       0x2c C:/devkitPro/libctru/lib\libcitro3d.a(effect.o)
                0x00104ca4                C3D_AlphaTest
 .text.C3D_AlphaBlend
                0x00104cd0       0x50 C:/devkitPro/libctru/lib\libcitro3d.a(effect.o)
                0x00104cd0                C3D_AlphaBlend
 .text.C3D_FragOpMode
                0x00104d20       0x30 C:/devkitPro/libctru/lib\libcitro3d.a(effect.o)
                0x00104d20                C3D_FragOpMode
 .text.C3D_FragOpShadow
                0x00104d50       0x44 C:/devkitPro/libctru/lib\libcitro3d.a(effect.o)
                0x00104d50                C3D_FragOpShadow
 .text.C3Di_EffectBind
                0x00104d94      0x1ac C:/devkitPro/libctru/lib\libcitro3d.a(effect.o)
                0x00104d94                C3Di_EffectBind
 .text.AttrInfo_Init
                0x00104f40       0x28 C:/devkitPro/libctru/lib\libcitro3d.a(attribs.o)
                0x00104f40                AttrInfo_Init
 .text.AttrInfo_AddLoader
                0x00104f68       0x94 C:/devkitPro/libctru/lib\libcitro3d.a(attribs.o)
                0x00104f68                AttrInfo_AddLoader
 .text.C3D_SetAttrInfo
                0x00104ffc       0x54 C:/devkitPro/libctru/lib\libcitro3d.a(attribs.o)
                0x00104ffc                C3D_SetAttrInfo
 .text.C3Di_AttrInfoBind
                0x00105050       0x80 C:/devkitPro/libctru/lib\libcitro3d.a(attribs.o)
                0x00105050                C3Di_AttrInfoBind
 .text.C3D_ImmSendAttrib
                0x001050d0       0xa8 C:/devkitPro/libctru/lib\libcitro3d.a(immediate.o)
                0x001050d0                C3D_ImmSendAttrib
 .text.C3D_UpdateUniforms
                0x00105178      0x280 C:/devkitPro/libctru/lib\libcitro3d.a(uniforms.o)
                0x00105178                C3D_UpdateUniforms
 .text.C3Di_DirtyUniforms
                0x001053f8       0xc0 C:/devkitPro/libctru/lib\libcitro3d.a(uniforms.o)
                0x001053f8                C3Di_DirtyUniforms
 .text.C3Di_LoadShaderUniforms
                0x001054b8       0xd8 C:/devkitPro/libctru/lib\libcitro3d.a(uniforms.o)
                0x001054b8                C3Di_LoadShaderUniforms
 .text.C3Di_ClearShaderUniforms
                0x00105590       0x28 C:/devkitPro/libctru/lib\libcitro3d.a(uniforms.o)
                0x00105590                C3Di_ClearShaderUniforms
 .text.Mtx_Ortho
                0x001055b8       0xcc C:/devkitPro/libctru/lib\libcitro3d.a(mtx_ortho.o)
                0x001055b8                Mtx_Ortho
 .text.Mtx_OrthoTilt
                0x00105684       0xcc C:/devkitPro/libctru/lib\libcitro3d.a(mtx_orthotilt.o)
                0x00105684                Mtx_OrthoTilt
 .text._ZL21addrMapNodeComparatorPK11rbtree_nodeS1_
                0x00105750       0x24 C:/devkitPro/libctru/lib\libctru.a(vram.o)
 .text._ZL21addrMapNodeDestructorP11rbtree_node
                0x00105774        0x4 C:/devkitPro/libctru/lib\libctru.a(vram.o)
 .text.vramMemAlignAt
                0x00105778      0x250 C:/devkitPro/libctru/lib\libctru.a(vram.o)
                0x00105778                vramMemAlignAt
 .text.vramAlloc
                0x001059c8        0xc C:/devkitPro/libctru/lib\libctru.a(vram.o)
                0x001059c8                vramAlloc
 .text.vramAllocAt
                0x001059d4        0xc C:/devkitPro/libctru/lib\libctru.a(vram.o)
                0x001059d4                vramAllocAt
 .text.vramFree
                0x001059e0       0x90 C:/devkitPro/libctru/lib\libctru.a(vram.o)
                0x001059e0                vramFree
 .text._ZL21addrMapNodeComparatorPK11rbtree_nodeS1_
                0x00105a70       0x24 C:/devkitPro/libctru/lib\libctru.a(linear.o)
 .text._ZL21addrMapNodeDestructorP11rbtree_node
                0x00105a94        0x4 C:/devkitPro/libctru/lib\libctru.a(linear.o)
 .text.linearMemAlign
                0x00105a98      0x120 C:/devkitPro/libctru/lib\libctru.a(linear.o)
                0x00105a98                linearMemAlign
 .text.linearAlloc
                0x00105bb8        0x8 C:/devkitPro/libctru/lib\libctru.a(linear.o)
                0x00105bb8                linearAlloc
 .text.linearFree
                0x00105bc0       0x5c C:/devkitPro/libctru/lib\libctru.a(linear.o)
                0x00105bc0                linearFree
 .text._ZN7MemPool13CoalesceRightEP8MemBlock
                0x00105c1c       0x80 C:/devkitPro/libctru/lib\libctru.a(mem_pool.o)
                0x00105c1c                MemPool::CoalesceRight(MemBlock*)
 .text._ZN7MemPool8AllocateER8MemChunkmi
                0x00105c9c      0x16c C:/devkitPro/libctru/lib\libctru.a(mem_pool.o)
                0x00105c9c                MemPool::Allocate(MemChunk&, unsigned long, int)
 .text._ZN7MemPool10DeallocateERK8MemChunk
                0x00105e08       0xfc C:/devkitPro/libctru/lib\libctru.a(mem_pool.o)
                0x00105e08                MemPool::Deallocate(MemChunk const&)
 .text._ZN7MemPool12GetFreeSpaceEv
                0x00105f04       0x30 C:/devkitPro/libctru/lib\libctru.a(mem_pool.o)
                0x00105f04                MemPool::GetFreeSpace()
 .text.romfs_close
                0x00105f34        0x8 C:/devkitPro/libctru/lib\libctru.a(romfs_dev.o)
 .text.romfs_seek
                0x00105f3c       0xc0 C:/devkitPro/libctru/lib\libctru.a(romfs_dev.o)
 .text.romfs_dirreset
                0x00105ffc       0x24 C:/devkitPro/libctru/lib\libctru.a(romfs_dev.o)
 .text.fill_dir
                0x00106020       0xc8 C:/devkitPro/libctru/lib\libctru.a(romfs_dev.o)
 .text.romfs_dirnext
                0x001060e8      0x28c C:/devkitPro/libctru/lib\libctru.a(romfs_dev.o)
 .text.romfs_free
                0x00106374       0x84 C:/devkitPro/libctru/lib\libctru.a(romfs_dev.o)
 .text.searchForFile.constprop.0
                0x001063f8       0xd4 C:/devkitPro/libctru/lib\libctru.a(romfs_dev.o)
 .text.searchForDir.constprop.0
                0x001064cc       0xd8 C:/devkitPro/libctru/lib\libctru.a(romfs_dev.o)
 .text.navigateToDir.constprop.0
                0x001065a4      0x1c0 C:/devkitPro/libctru/lib\libctru.a(romfs_dev.o)
 .text.romfs_open
                0x00106764      0x10c C:/devkitPro/libctru/lib\libctru.a(romfs_dev.o)
 .text.romfs_chdir
                0x00106870       0x4c C:/devkitPro/libctru/lib\libctru.a(romfs_dev.o)
 .text.romfs_diropen
                0x001068bc       0x70 C:/devkitPro/libctru/lib\libctru.a(romfs_dev.o)
 .text.romfs_stat
                0x0010692c      0x174 C:/devkitPro/libctru/lib\libctru.a(romfs_dev.o)
 .text.romfs_dirclose
                0x00106aa0        0x8 C:/devkitPro/libctru/lib\libctru.a(romfs_dev.o)
 .text.romfs_fstat
                0x00106aa8       0x84 C:/devkitPro/libctru/lib\libctru.a(romfs_dev.o)
 .text.romfs_read
                0x00106b2c       0xd0 C:/devkitPro/libctru/lib\libctru.a(romfs_dev.o)
 .text.romfsMountFromFile
                0x00106bfc      0x28c C:/devkitPro/libctru/lib\libctru.a(romfs_dev.o)
                0x00106bfc                romfsMountFromFile
 .text.romfsMountFromCurrentProcess
                0x00106e88       0x98 C:/devkitPro/libctru/lib\libctru.a(romfs_dev.o)
                0x00106e88                romfsMountFromCurrentProcess
 .text.romfsMountSelf
                0x00106f20      0x260 C:/devkitPro/libctru/lib\libctru.a(romfs_dev.o)
                0x00106f20                romfsMountSelf
 .text.romfsUnmount
                0x00107180       0xa0 C:/devkitPro/libctru/lib\libctru.a(romfs_dev.o)
                0x00107180                romfsUnmount
 .text.osConvertVirtToPhys
                0x00107220       0x74 C:/devkitPro/libctru/lib\libctru.a(os.o)
                0x00107220                osConvertVirtToPhys
 .text.osGetTimeRef
                0x00107294       0x54 C:/devkitPro/libctru/lib\libctru.a(os.o)
                0x00107294                osGetTimeRef
 .text.osGetTime
                0x001072e8       0xec C:/devkitPro/libctru/lib\libctru.a(os.o)
                0x001072e8                osGetTime
 .text.__ctru_speedup_config
                0x001073d4       0x34 C:/devkitPro/libctru/lib\libctru.a(os.o)
                0x001073d4                __ctru_speedup_config
 .text.parseColor
                0x00107408      0x1e8 C:/devkitPro/libctru/lib\libctru.a(console.o)
 .text.consoleDrawChar
                0x001075f0      0x1ac C:/devkitPro/libctru/lib\libctru.a(console.o)
                0x001075f0                consoleDrawChar
 .text.consolePrintChar
                0x0010779c      0x124 C:/devkitPro/libctru/lib\libctru.a(console.o)
                0x0010779c                consolePrintChar
 .text.con_write
                0x001078c0      0xb94 C:/devkitPro/libctru/lib\libctru.a(console.o)
                0x001078c0                con_write
 .text.newRow   0x00108454       0xfc C:/devkitPro/libctru/lib\libctru.a(console.o)
 .text.consoleInit
                0x00108550      0x170 C:/devkitPro/libctru/lib\libctru.a(console.o)
                0x00108550                consoleInit
 .text.gfxPresentFramebuffer
                0x001086c0       0xd0 C:/devkitPro/libctru/lib\libctru.a(gfx.o)
 .text.gfxIsWide
                0x00108790       0x1c C:/devkitPro/libctru/lib\libctru.a(gfx.o)
                0x00108790                gfxIsWide
 .text.gfxSetScreenFormat
                0x001087ac       0xec C:/devkitPro/libctru/lib\libctru.a(gfx.o)
                0x001087ac                gfxSetScreenFormat
 .text.gfxSetDoubleBuffering
                0x00108898       0x10 C:/devkitPro/libctru/lib\libctru.a(gfx.o)
                0x00108898                gfxSetDoubleBuffering
 .text.gfxInit  0x001088a8       0xe0 C:/devkitPro/libctru/lib\libctru.a(gfx.o)
                0x001088a8                gfxInit
 .text.gfxInitDefault
                0x00108988       0x10 C:/devkitPro/libctru/lib\libctru.a(gfx.o)
                0x00108988                gfxInitDefault
 .text.gfxExit  0x00108998       0xb4 C:/devkitPro/libctru/lib\libctru.a(gfx.o)
                0x00108998                gfxExit
 .text.gfxGetFramebuffer
                0x00108a4c       0xa0 C:/devkitPro/libctru/lib\libctru.a(gfx.o)
                0x00108a4c                gfxGetFramebuffer
 .text.gfxFlushBuffers
                0x00108aec      0x104 C:/devkitPro/libctru/lib\libctru.a(gfx.o)
                0x00108aec                gfxFlushBuffers
 .text.gfxScreenSwapBuffers
                0x00108bf0       0x30 C:/devkitPro/libctru/lib\libctru.a(gfx.o)
                0x00108bf0                gfxScreenSwapBuffers
 .text.gfxSwapBuffersGpu
                0x00108c20       0x50 C:/devkitPro/libctru/lib\libctru.a(gfx.o)
                0x00108c20                gfxSwapBuffersGpu
 .text.shaderInstanceInit
                0x00108c70      0x1d4 C:/devkitPro/libctru/lib\libctru.a(shaderProgram.o)
                0x00108c70                shaderInstanceInit
 .text.shaderInstanceGetUniformLocation
                0x00108e44       0x18 C:/devkitPro/libctru/lib\libctru.a(shaderProgram.o)
                0x00108e44                shaderInstanceGetUniformLocation
 .text.shaderProgramInit
                0x00108e5c       0x1c C:/devkitPro/libctru/lib\libctru.a(shaderProgram.o)
                0x00108e5c                shaderProgramInit
 .text.shaderProgramFree
                0x00108e78       0x64 C:/devkitPro/libctru/lib\libctru.a(shaderProgram.o)
                0x00108e78                shaderProgramFree
 .text.shaderProgramSetVsh
                0x00108edc       0x80 C:/devkitPro/libctru/lib\libctru.a(shaderProgram.o)
                0x00108edc                shaderProgramSetVsh
 .text.shaderProgramConfigure
                0x00108f5c      0x8e0 C:/devkitPro/libctru/lib\libctru.a(shaderProgram.o)
                0x00108f5c                shaderProgramConfigure
 .text.DVLE_GenerateOutmap.part.0
                0x0010983c      0x1cc C:/devkitPro/libctru/lib\libctru.a(shbin.o)
 .text.DVLB_ParseFile
                0x00109a08      0x1b4 C:/devkitPro/libctru/lib\libctru.a(shbin.o)
                0x00109a08                DVLB_ParseFile
 .text.DVLB_Free
                0x00109bbc       0x38 C:/devkitPro/libctru/lib\libctru.a(shbin.o)
                0x00109bbc                DVLB_Free
 .text.DVLE_GetUniformRegister
                0x00109bf4       0x74 C:/devkitPro/libctru/lib\libctru.a(shbin.o)
                0x00109bf4                DVLE_GetUniformRegister
 .text.GX_BindQueue
                0x00109c68       0x10 C:/devkitPro/libctru/lib\libctru.a(gx.o)
                0x00109c68                GX_BindQueue
 .text.GX_ProcessCommandList
                0x00109c78       0x78 C:/devkitPro/libctru/lib\libctru.a(gx.o)
                0x00109c78                GX_ProcessCommandList
 .text.GX_MemoryFill
                0x00109cf0       0x74 C:/devkitPro/libctru/lib\libctru.a(gx.o)
                0x00109cf0                GX_MemoryFill
 .text.GX_DisplayTransfer
                0x00109d64       0x70 C:/devkitPro/libctru/lib\libctru.a(gx.o)
                0x00109d64                GX_DisplayTransfer
 .text.GX_TextureCopy
                0x00109dd4       0x74 C:/devkitPro/libctru/lib\libctru.a(gx.o)
                0x00109dd4                GX_TextureCopy
 .text.gxCmdQueueDoCommands.part.0
                0x00109e48       0x68 C:/devkitPro/libctru/lib\libctru.a(gxqueue.o)
 .text.gxCmdQueueInterrupt
                0x00109eb0       0xc8 C:/devkitPro/libctru/lib\libctru.a(gxqueue.o)
                0x00109eb0                gxCmdQueueInterrupt
 .text.gxCmdQueueClear
                0x00109f78       0x4c C:/devkitPro/libctru/lib\libctru.a(gxqueue.o)
                0x00109f78                gxCmdQueueClear
 .text.gxCmdQueueAdd
                0x00109fc4       0xf8 C:/devkitPro/libctru/lib\libctru.a(gxqueue.o)
                0x00109fc4                gxCmdQueueAdd
 .text.gxCmdQueueRun
                0x0010a0bc       0x80 C:/devkitPro/libctru/lib\libctru.a(gxqueue.o)
                0x0010a0bc                gxCmdQueueRun
 .text.gxCmdQueueStop
                0x0010a13c       0x60 C:/devkitPro/libctru/lib\libctru.a(gxqueue.o)
                0x0010a13c                gxCmdQueueStop
 .text.gxCmdQueueWait
                0x0010a19c       0x74 C:/devkitPro/libctru/lib\libctru.a(gxqueue.o)
                0x0010a19c                gxCmdQueueWait
 .text.GPUCMD_Add
                0x0010a210      0x13c C:/devkitPro/libctru/lib\libctru.a(gpu.o)
                0x0010a210                GPUCMD_Add
 .text.GPUCMD_Split
                0x0010a34c       0xb0 C:/devkitPro/libctru/lib\libctru.a(gpu.o)
                0x0010a34c                GPUCMD_Split
 .text.f32tof16
                0x0010a3fc       0x34 C:/devkitPro/libctru/lib\libctru.a(gpu.o)
                0x0010a3fc                f32tof16
 .text.f32tof24
                0x0010a430       0x34 C:/devkitPro/libctru/lib\libctru.a(gpu.o)
                0x0010a430                f32tof24
 .text.f32tof31
                0x0010a464       0x38 C:/devkitPro/libctru/lib\libctru.a(gpu.o)
                0x0010a464                f32tof31
 .text.gspHardwareInit
                0x0010a49c      0xc58 C:/devkitPro/libctru/lib\libctru.a(gspgpu.o)
 .text.gspInit  0x0010b0f4      0x248 C:/devkitPro/libctru/lib\libctru.a(gspgpu.o)
                0x0010b0f4                gspInit
 .text.gspExit  0x0010b33c       0xf0 C:/devkitPro/libctru/lib\libctru.a(gspgpu.o)
                0x0010b33c                gspExit
 .text.gspHasGpuRight
                0x0010b42c       0x10 C:/devkitPro/libctru/lib\libctru.a(gspgpu.o)
                0x0010b42c                gspHasGpuRight
 .text.gspPresentBuffer
                0x0010b43c       0xa0 C:/devkitPro/libctru/lib\libctru.a(gspgpu.o)
                0x0010b43c                gspPresentBuffer
 .text.gspSetEventCallback
                0x0010b4dc       0x30 C:/devkitPro/libctru/lib\libctru.a(gspgpu.o)
                0x0010b4dc                gspSetEventCallback
 .text.gspWaitForEvent
                0x0010b50c       0x44 C:/devkitPro/libctru/lib\libctru.a(gspgpu.o)
                0x0010b50c                gspWaitForEvent
 .text.gspWaitForAnyEvent
                0x0010b550       0x4c C:/devkitPro/libctru/lib\libctru.a(gspgpu.o)
                0x0010b550                gspWaitForAnyEvent
 .text.gspEventThreadMain
                0x0010b59c      0x158 C:/devkitPro/libctru/lib\libctru.a(gspgpu.o)
 .text.gspSubmitGxCommand
                0x0010b6f4      0x130 C:/devkitPro/libctru/lib\libctru.a(gspgpu.o)
                0x0010b6f4                gspSubmitGxCommand
 .text.GSPGPU_FlushDataCache
                0x0010b824       0x50 C:/devkitPro/libctru/lib\libctru.a(gspgpu.o)
                0x0010b824                GSPGPU_FlushDataCache
 .text.GSPGPU_SetLcdForceBlack
                0x0010b874       0x34 C:/devkitPro/libctru/lib\libctru.a(gspgpu.o)
                0x0010b874                GSPGPU_SetLcdForceBlack
 .text.GSPGPU_AcquireRight
                0x0010b8a8       0x68 C:/devkitPro/libctru/lib\libctru.a(gspgpu.o)
                0x0010b8a8                GSPGPU_AcquireRight
 .text.GSPGPU_ReleaseRight
                0x0010b910       0x48 C:/devkitPro/libctru/lib\libctru.a(gspgpu.o)
                0x0010b910                GSPGPU_ReleaseRight
 .text.GSPGPU_ImportDisplayCaptureInfo
                0x0010b958       0x7c C:/devkitPro/libctru/lib\libctru.a(gspgpu.o)
                0x0010b958                GSPGPU_ImportDisplayCaptureInfo
 .text.GSPGPU_SaveVramSysArea
                0x0010b9d4       0x2c C:/devkitPro/libctru/lib\libctru.a(gspgpu.o)
                0x0010b9d4                GSPGPU_SaveVramSysArea
 .text.GSPGPU_RestoreVramSysArea
                0x0010ba00       0x2c C:/devkitPro/libctru/lib\libctru.a(gspgpu.o)
                0x0010ba00                GSPGPU_RestoreVramSysArea
 .text.hidShouldUseIrrst
                0x0010ba2c       0x24 C:/devkitPro/libctru/lib\libctru.a(hid.o)
                0x0010ba2c                hidShouldUseIrrst
 .text.hidInit  0x0010ba50      0x18c C:/devkitPro/libctru/lib\libctru.a(hid.o)
                0x0010ba50                hidInit
 .text.hidExit  0x0010bbdc       0xe8 C:/devkitPro/libctru/lib\libctru.a(hid.o)
                0x0010bbdc                hidExit
 .text.hidScanInput
                0x0010bcc4      0x2a4 C:/devkitPro/libctru/lib\libctru.a(hid.o)
                0x0010bcc4                hidScanInput
 .text.hidKeysDown
                0x0010bf68       0x10 C:/devkitPro/libctru/lib\libctru.a(hid.o)
                0x0010bf68                hidKeysDown
 .text.aptConvertScreenForCapture
                0x0010bf78      0x1a4 C:/devkitPro/libctru/lib\libctru.a(apt.o)
 .text.aptDspSleep
                0x0010c11c        0x8 C:/devkitPro/libctru/lib\libctru.a(apt.o)
                0x0010c11c                aptDspSleep
 .text.aptDspWakeup
                0x0010c124        0x4 C:/devkitPro/libctru/lib\libctru.a(apt.o)
                0x0010c124                aptDspWakeup
 .text.aptDspCancel
                0x0010c128        0x4 C:/devkitPro/libctru/lib\libctru.a(apt.o)
                0x0010c128                aptDspCancel
 .text.aptSendCommand
                0x0010c12c      0x158 C:/devkitPro/libctru/lib\libctru.a(apt.o)
                0x0010c12c                aptSendCommand
 *fill*         0x0010c284        0x4 
 .text.aptExitProcess
                0x0010c288       0x44 C:/devkitPro/libctru/lib\libctru.a(apt.o)
 .text.aptExit  0x0010c2cc      0x38c C:/devkitPro/libctru/lib\libctru.a(apt.o)
                0x0010c2cc                aptExit
 .text.aptHandleSleep
                0x0010c658       0xe0 C:/devkitPro/libctru/lib\libctru.a(apt.o)
                0x0010c658                aptHandleSleep
 .text.aptHook  0x0010c738       0x30 C:/devkitPro/libctru/lib\libctru.a(apt.o)
                0x0010c738                aptHook
 .text.aptUnhook
                0x0010c768       0x30 C:/devkitPro/libctru/lib\libctru.a(apt.o)
                0x0010c768                aptUnhook
 .text.APT_SleepIfShellClosed
                0x0010c798       0x84 C:/devkitPro/libctru/lib\libctru.a(apt.o)
                0x0010c798                APT_SleepIfShellClosed
 .text.aptSetSleepAllowed
                0x0010c81c       0x84 C:/devkitPro/libctru/lib\libctru.a(apt.o)
                0x0010c81c                aptSetSleepAllowed
 .text.APT_UnlockTransition
                0x0010c8a0       0x84 C:/devkitPro/libctru/lib\libctru.a(apt.o)
                0x0010c8a0                APT_UnlockTransition
 *fill*         0x0010c924        0x4 
 .text.aptEventHandler
                0x0010c928      0x4a4 C:/devkitPro/libctru/lib\libctru.a(apt.o)
 .text.APT_ReceiveParameter
                0x0010cdcc       0xb0 C:/devkitPro/libctru/lib\libctru.a(apt.o)
                0x0010cdcc                APT_ReceiveParameter
 .text.aptReceiveParameter.constprop.0
                0x0010ce7c       0xb0 C:/devkitPro/libctru/lib\libctru.a(apt.o)
 *fill*         0x0010cf2c        0x4 
 .text.aptScreenTransfer
                0x0010cf30      0x2ac C:/devkitPro/libctru/lib\libctru.a(apt.o)
 .text.aptWaitForWakeUp.isra.0
                0x0010d1dc      0x344 C:/devkitPro/libctru/lib\libctru.a(apt.o)
 .text.aptJumpToHomeMenu
                0x0010d520      0x100 C:/devkitPro/libctru/lib\libctru.a(apt.o)
                0x0010d520                aptJumpToHomeMenu
 .text.aptMainLoop
                0x0010d620       0x48 C:/devkitPro/libctru/lib\libctru.a(apt.o)
                0x0010d620                aptMainLoop
 .text.aptInit  0x0010d668      0x22c C:/devkitPro/libctru/lib\libctru.a(apt.o)
                0x0010d668                aptInit
 .text.APT_CheckNew3DS
                0x0010d894       0x7c C:/devkitPro/libctru/lib\libctru.a(apt.o)
                0x0010d894                APT_CheckNew3DS
 .text.ptmSysmInit
                0x0010d910       0x74 C:/devkitPro/libctru/lib\libctru.a(ptmsysm.o)
                0x0010d910                ptmSysmInit
 .text.ptmSysmExit
                0x0010d984       0x3c C:/devkitPro/libctru/lib\libctru.a(ptmsysm.o)
                0x0010d984                ptmSysmExit
 .text.PTMSYSM_ConfigureNew3DSCPU
                0x0010d9c0       0x34 C:/devkitPro/libctru/lib\libctru.a(ptmsysm.o)
                0x0010d9c0                PTMSYSM_ConfigureNew3DSCPU
 .text.fsInit   0x0010d9f4       0xcc C:/devkitPro/libctru/lib\libctru.a(fs.o)
                0x0010d9f4                fsInit
 .text.fsExit   0x0010dac0       0x3c C:/devkitPro/libctru/lib\libctru.a(fs.o)
                0x0010dac0                fsExit
 .text.fsExemptFromSession
                0x0010dafc       0x60 C:/devkitPro/libctru/lib\libctru.a(fs.o)
                0x0010dafc                fsExemptFromSession
 .text.fsUnexemptFromSession
                0x0010db5c       0x50 C:/devkitPro/libctru/lib\libctru.a(fs.o)
                0x0010db5c                fsUnexemptFromSession
 .text.FSUSER_OpenFile
                0x0010dbac       0xcc C:/devkitPro/libctru/lib\libctru.a(fs.o)
                0x0010dbac                FSUSER_OpenFile
 .text.FSUSER_OpenFileDirectly
                0x0010dc78       0xd4 C:/devkitPro/libctru/lib\libctru.a(fs.o)
                0x0010dc78                FSUSER_OpenFileDirectly
 .text.FSUSER_DeleteFile
                0x0010dd4c       0xbc C:/devkitPro/libctru/lib\libctru.a(fs.o)
                0x0010dd4c                FSUSER_DeleteFile
 .text.FSUSER_RenameFile
                0x0010de08       0xf8 C:/devkitPro/libctru/lib\libctru.a(fs.o)
                0x0010de08                FSUSER_RenameFile
 .text.FSUSER_DeleteDirectory
                0x0010df00       0xbc C:/devkitPro/libctru/lib\libctru.a(fs.o)
                0x0010df00                FSUSER_DeleteDirectory
 .text.FSUSER_CreateFile
                0x0010dfbc       0xd4 C:/devkitPro/libctru/lib\libctru.a(fs.o)
                0x0010dfbc                FSUSER_CreateFile
 .text.FSUSER_CreateDirectory
                0x0010e090       0xc4 C:/devkitPro/libctru/lib\libctru.a(fs.o)
                0x0010e090                FSUSER_CreateDirectory
 .text.FSUSER_RenameDirectory
                0x0010e154       0xf8 C:/devkitPro/libctru/lib\libctru.a(fs.o)
                0x0010e154                FSUSER_RenameDirectory
 .text.FSUSER_OpenDirectory
                0x0010e24c       0xb4 C:/devkitPro/libctru/lib\libctru.a(fs.o)
                0x0010e24c                FSUSER_OpenDirectory
 .text.FSUSER_OpenArchive
                0x0010e300       0x98 C:/devkitPro/libctru/lib\libctru.a(fs.o)
                0x0010e300                FSUSER_OpenArchive
 .text.FSUSER_CloseArchive
                0x0010e398       0x8c C:/devkitPro/libctru/lib\libctru.a(fs.o)
                0x0010e398                FSUSER_CloseArchive
 .text.FSUSER_GetSdmcArchiveResource
                0x0010e424       0x74 C:/devkitPro/libctru/lib\libctru.a(fs.o)
                0x0010e424                FSUSER_GetSdmcArchiveResource
 .text.FSUSER_IsSdmcWritable
                0x0010e498       0x64 C:/devkitPro/libctru/lib\libctru.a(fs.o)
                0x0010e498                FSUSER_IsSdmcWritable
 .text.FSFILE_Read
                0x0010e4fc       0x58 C:/devkitPro/libctru/lib\libctru.a(fs.o)
                0x0010e4fc                FSFILE_Read
 .text.FSFILE_Write
                0x0010e554       0x60 C:/devkitPro/libctru/lib\libctru.a(fs.o)
                0x0010e554                FSFILE_Write
 .text.FSFILE_GetSize
                0x0010e5b4       0x3c C:/devkitPro/libctru/lib\libctru.a(fs.o)
                0x0010e5b4                FSFILE_GetSize
 .text.FSFILE_SetSize
                0x0010e5f0       0x28 C:/devkitPro/libctru/lib\libctru.a(fs.o)
                0x0010e5f0                FSFILE_SetSize
 .text.FSFILE_Close
                0x0010e618       0x3c C:/devkitPro/libctru/lib\libctru.a(fs.o)
                0x0010e618                FSFILE_Close
 .text.FSFILE_Flush
                0x0010e654       0x24 C:/devkitPro/libctru/lib\libctru.a(fs.o)
                0x0010e654                FSFILE_Flush
 .text.FSDIR_Read
                0x0010e678       0x50 C:/devkitPro/libctru/lib\libctru.a(fs.o)
                0x0010e678                FSDIR_Read
 .text.FSDIR_Close
                0x0010e6c8       0x3c C:/devkitPro/libctru/lib\libctru.a(fs.o)
                0x0010e6c8                FSDIR_Close
 .text.buffer_read
                0x0010e704       0xc4 C:/devkitPro/libctru/lib\libctru.a(decompress.o)
 .text.iov_read
                0x0010e7c8       0xd0 C:/devkitPro/libctru/lib\libctru.a(decompress.o)
 .text.iov_memmove
                0x0010e898      0x138 C:/devkitPro/libctru/lib\libctru.a(decompress.o)
 .text.decompress_rle
                0x0010e9d0      0x1dc C:/devkitPro/libctru/lib\libctru.a(decompress.o)
 .text.decompress_lzss
                0x0010ebac      0x244 C:/devkitPro/libctru/lib\libctru.a(decompress.o)
 .text.decompress_lz11
                0x0010edf0      0x424 C:/devkitPro/libctru/lib\libctru.a(decompress.o)
 .text.decompress_huff
                0x0010f214      0x2d8 C:/devkitPro/libctru/lib\libctru.a(decompress.o)
 .text.decompressCallback_Stdio
                0x0010f4ec       0x10 C:/devkitPro/libctru/lib\libctru.a(decompress.o)
                0x0010f4ec                decompressCallback_Stdio
 .text.decompressHeader
                0x0010f4fc       0xdc C:/devkitPro/libctru/lib\libctru.a(decompress.o)
                0x0010f4fc                decompressHeader
 .text.decompressV
                0x0010f5d8      0x240 C:/devkitPro/libctru/lib\libctru.a(decompress.o)
                0x0010f5d8                decompressV
 .text.rbtree_init
                0x0010f818       0x10 C:/devkitPro/libctru/lib\libctru.a(rbtree_init.o)
                0x0010f818                rbtree_init
 .text.do_insert
                0x0010f828      0x1b4 C:/devkitPro/libctru/lib\libctru.a(rbtree_insert.o)
 .text.rbtree_insert
                0x0010f9dc        0x8 C:/devkitPro/libctru/lib\libctru.a(rbtree_insert.o)
                0x0010f9dc                rbtree_insert
 .text.rbtree_rotate
                0x0010f9e4       0x90 C:/devkitPro/libctru/lib\libctru.a(rbtree_rotate.o)
                0x0010f9e4                rbtree_rotate
 .text.rbtree_remove
                0x0010fa74      0x318 C:/devkitPro/libctru/lib\libctru.a(rbtree_remove.o)
                0x0010fa74                rbtree_remove
 .text.rbtree_find
                0x0010fd8c       0x74 C:/devkitPro/libctru/lib\libctru.a(rbtree_find.o)
                0x0010fd8c                rbtree_find
 .text.utf8_to_utf16
                0x0010fe00       0xc0 C:/devkitPro/libctru/lib\libctru.a(utf8_to_utf16.o)
                0x0010fe00                utf8_to_utf16
 .text.decode_utf8
                0x0010fec0      0x13c C:/devkitPro/libctru/lib\libctru.a(decode_utf8.o)
                0x0010fec0                decode_utf8
 .text.utf16_to_utf8
                0x0010fffc       0xe8 C:/devkitPro/libctru/lib\libctru.a(utf16_to_utf8.o)
                0x0010fffc                utf16_to_utf8
 *fill*         0x001100e4        0x4 
 .text.__system_allocateHeaps
                0x001100e8      0x1e0 C:/devkitPro/libctru/lib\libctru.a(allocateHeaps.o)
                0x001100e8                __system_allocateHeaps
 .text.__libctru_init
                0x001102c8       0x38 C:/devkitPro/libctru/lib\libctru.a(ctru_init.o)
                0x001102c8                __libctru_init
 .text.__system_initArgv
                0x00110300      0x170 C:/devkitPro/libctru/lib\libctru.a(initArgv.o)
                0x00110300                __system_initArgv
 .text.svcControlMemory
                0x00110470       0x20 C:/devkitPro/libctru/lib\libctru.a(svc.o)
                0x00110470                svcControlMemory
 .text.svcQueryMemory
                0x00110490       0x30 C:/devkitPro/libctru/lib\libctru.a(svc.o)
                0x00110490                svcQueryMemory
 .text.svcExitProcess
                0x001104c0        0x8 C:/devkitPro/libctru/lib\libctru.a(svc.o)
                0x001104c0                svcExitProcess
 .text.svcCreateThread
                0x001104c8       0x20 C:/devkitPro/libctru/lib\libctru.a(svc.o)
                0x001104c8                svcCreateThread
 .text.svcExitThread
                0x001104e8        0x8 C:/devkitPro/libctru/lib\libctru.a(svc.o)
                0x001104e8                svcExitThread
 .text.svcSleepThread
                0x001104f0        0x8 C:/devkitPro/libctru/lib\libctru.a(svc.o)
                0x001104f0                svcSleepThread
 .text.svcReleaseMutex
                0x001104f8        0x8 C:/devkitPro/libctru/lib\libctru.a(svc.o)
                0x001104f8                svcReleaseMutex
 .text.svcCreateEvent
                0x00110500       0x14 C:/devkitPro/libctru/lib\libctru.a(svc.o)
                0x00110500                svcCreateEvent
 .text.svcSignalEvent
                0x00110514        0x8 C:/devkitPro/libctru/lib\libctru.a(svc.o)
                0x00110514                svcSignalEvent
 .text.svcClearEvent
                0x0011051c        0x8 C:/devkitPro/libctru/lib\libctru.a(svc.o)
                0x0011051c                svcClearEvent
 .text.svcMapMemoryBlock
                0x00110524        0x8 C:/devkitPro/libctru/lib\libctru.a(svc.o)
                0x00110524                svcMapMemoryBlock
 .text.svcUnmapMemoryBlock
                0x0011052c        0x8 C:/devkitPro/libctru/lib\libctru.a(svc.o)
                0x0011052c                svcUnmapMemoryBlock
 .text.svcCreateAddressArbiter
                0x00110534       0x14 C:/devkitPro/libctru/lib\libctru.a(svc.o)
                0x00110534                svcCreateAddressArbiter
 .text.svcArbitrateAddressNoTimeout
                0x00110548        0x8 C:/devkitPro/libctru/lib\libctru.a(svc.o)
                0x00110548                svcArbitrateAddressNoTimeout
 .text.svcCloseHandle
                0x00110550        0x8 C:/devkitPro/libctru/lib\libctru.a(svc.o)
                0x00110550                svcCloseHandle
 .text.svcWaitSynchronization
                0x00110558        0x8 C:/devkitPro/libctru/lib\libctru.a(svc.o)
                0x00110558                svcWaitSynchronization
 .text.svcWaitSynchronizationN
                0x00110560       0x28 C:/devkitPro/libctru/lib\libctru.a(svc.o)
                0x00110560                svcWaitSynchronizationN
 .text.svcDuplicateHandle
                0x00110588       0x14 C:/devkitPro/libctru/lib\libctru.a(svc.o)
                0x00110588                svcDuplicateHandle
 .text.svcGetSystemTick
                0x0011059c        0x8 C:/devkitPro/libctru/lib\libctru.a(svc.o)
                0x0011059c                svcGetSystemTick
 .text.svcConnectToPort
                0x001105a4       0x14 C:/devkitPro/libctru/lib\libctru.a(svc.o)
                0x001105a4                svcConnectToPort
 .text.svcSendSyncRequest
                0x001105b8        0x8 C:/devkitPro/libctru/lib\libctru.a(svc.o)
                0x001105b8                svcSendSyncRequest
 .text.svcGetResourceLimit
                0x001105c0       0x14 C:/devkitPro/libctru/lib\libctru.a(svc.o)
                0x001105c0                svcGetResourceLimit
 .text.svcGetResourceLimitLimitValues
                0x001105d4        0x8 C:/devkitPro/libctru/lib\libctru.a(svc.o)
                0x001105d4                svcGetResourceLimitLimitValues
 .text.svcGetResourceLimitCurrentValues
                0x001105dc        0x8 C:/devkitPro/libctru/lib\libctru.a(svc.o)
                0x001105dc                svcGetResourceLimitCurrentValues
 .text.svcBreak
                0x001105e4        0x8 C:/devkitPro/libctru/lib\libctru.a(svc.o)
                0x001105e4                svcBreak
 .text.initSystem
                0x001105ec       0x50 C:/devkitPro/libctru/lib\libctru.a(stack_adjust.o)
                0x001105ec                initSystem
 .text.__ctru_exit
                0x0011063c       0x18 C:/devkitPro/libctru/lib\libctru.a(stack_adjust.o)
                0x0011063c                __ctru_exit
 .text.__aeabi_read_tp
                0x00110654        0xc C:/devkitPro/libctru/lib\libctru.a(readtp.o)
                0x00110654                __aeabi_read_tp
 .text.envGetHandle
                0x00110660       0x84 C:/devkitPro/libctru/lib\libctru.a(env.o)
                0x00110660                envGetHandle
 .text.envDestroyHandles
                0x001106e4       0x50 C:/devkitPro/libctru/lib\libctru.a(env.o)
                0x001106e4                envDestroyHandles
 .text.__sync_init
                0x00110734        0xc C:/devkitPro/libctru/lib\libctru.a(synchronization.o)
                0x00110734                __sync_init
 .text.__sync_fini
                0x00110740       0x18 C:/devkitPro/libctru/lib\libctru.a(synchronization.o)
                0x00110740                __sync_fini
 .text.syncArbitrateAddress
                0x00110758       0x2c C:/devkitPro/libctru/lib\libctru.a(synchronization.o)
                0x00110758                syncArbitrateAddress
 .text.LightLock_Lock
                0x00110784       0xb0 C:/devkitPro/libctru/lib\libctru.a(synchronization.o)
                0x00110784                LightLock_Lock
 .text.LightLock_Unlock
                0x00110834       0x40 C:/devkitPro/libctru/lib\libctru.a(synchronization.o)
                0x00110834                LightLock_Unlock
 .text.RecursiveLock_Lock
                0x00110874       0x30 C:/devkitPro/libctru/lib\libctru.a(synchronization.o)
                0x00110874                RecursiveLock_Lock
 .text.RecursiveLock_Unlock
                0x001108a4       0x54 C:/devkitPro/libctru/lib\libctru.a(synchronization.o)
                0x001108a4                RecursiveLock_Unlock
 .text.LightEvent_Init
                0x001108f8       0x40 C:/devkitPro/libctru/lib\libctru.a(synchronization.o)
                0x001108f8                LightEvent_Init
 .text.LightEvent_Clear
                0x00110938       0xa4 C:/devkitPro/libctru/lib\libctru.a(synchronization.o)
                0x00110938                LightEvent_Clear
 .text.LightEvent_Signal
                0x001109dc       0xc8 C:/devkitPro/libctru/lib\libctru.a(synchronization.o)
                0x001109dc                LightEvent_Signal
 .text.LightEvent_TryWait
                0x00110aa4       0x50 C:/devkitPro/libctru/lib\libctru.a(synchronization.o)
                0x00110aa4                LightEvent_TryWait
 .text.LightEvent_Wait
                0x00110af4       0xb0 C:/devkitPro/libctru/lib\libctru.a(synchronization.o)
                0x00110af4                LightEvent_Wait
 .text.srvInit  0x00110ba4      0x130 C:/devkitPro/libctru/lib\libctru.a(srv.o)
                0x00110ba4                srvInit
 .text.srvExit  0x00110cd4       0x58 C:/devkitPro/libctru/lib\libctru.a(srv.o)
                0x00110cd4                srvExit
 .text.srvEnableNotification
                0x00110d2c       0x60 C:/devkitPro/libctru/lib\libctru.a(srv.o)
                0x00110d2c                srvEnableNotification
 .text.srvGetServiceHandleDirect
                0x00110d8c       0xa0 C:/devkitPro/libctru/lib\libctru.a(srv.o)
                0x00110d8c                srvGetServiceHandleDirect
 .text.srvGetServiceHandle
                0x00110e2c       0x38 C:/devkitPro/libctru/lib\libctru.a(srv.o)
                0x00110e2c                srvGetServiceHandle
 .text.srvSubscribe
                0x00110e64       0x34 C:/devkitPro/libctru/lib\libctru.a(srv.o)
                0x00110e64                srvSubscribe
 .text.srvReceiveNotification
                0x00110e98       0x60 C:/devkitPro/libctru/lib\libctru.a(srv.o)
                0x00110e98                srvReceiveNotification
 .text.srvPublishToSubscriber
                0x00110ef8       0x38 C:/devkitPro/libctru/lib\libctru.a(srv.o)
                0x00110ef8                srvPublishToSubscriber
 .text.threadCreate
                0x00110f30      0x1d4 C:/devkitPro/libctru/lib\libctru.a(thread.o)
                0x00110f30                threadCreate
 .text.threadFree
                0x00111104       0x2c C:/devkitPro/libctru/lib\libctru.a(thread.o)
                0x00111104                threadFree
 .text.threadJoin
                0x00111130       0x24 C:/devkitPro/libctru/lib\libctru.a(thread.o)
                0x00111130                threadJoin
 .text.threadGetCurrent
                0x00111154       0x30 C:/devkitPro/libctru/lib\libctru.a(thread.o)
                0x00111154                threadGetCurrent
 .text.threadExit
                0x00111184       0x40 C:/devkitPro/libctru/lib\libctru.a(thread.o)
                0x00111184                threadExit
 .text._thread_begin
                0x001111c4       0x20 C:/devkitPro/libctru/lib\libctru.a(thread.o)
 .text.mappableFindAddressWithin
                0x001111e4       0xb4 C:/devkitPro/libctru/lib\libctru.a(mappable.o)
 .text.mappableInit
                0x00111298       0x28 C:/devkitPro/libctru/lib\libctru.a(mappable.o)
                0x00111298                mappableInit
 .text.mappableAlloc
                0x001112c0       0x80 C:/devkitPro/libctru/lib\libctru.a(mappable.o)
                0x001112c0                mappableAlloc
 .text.mappableFree
                0x00111340        0x4 C:/devkitPro/libctru/lib\libctru.a(mappable.o)
                0x00111340                mappableFree
 .text.irrstInit
                0x00111344      0x164 C:/devkitPro/libctru/lib\libctru.a(irrst.o)
                0x00111344                irrstInit
 .text.irrstExit
                0x001114a8       0xcc C:/devkitPro/libctru/lib\libctru.a(irrst.o)
                0x001114a8                irrstExit
 .text.irrstScanInput
                0x00111574       0xb4 C:/devkitPro/libctru/lib\libctru.a(irrst.o)
                0x00111574                irrstScanInput
 .text.irrstKeysHeld
                0x00111628       0x24 C:/devkitPro/libctru/lib\libctru.a(irrst.o)
                0x00111628                irrstKeysHeld
 .text.srvPmGetSessionHandle
                0x0011164c        0xc C:/devkitPro/libctru/lib\libctru.a(srvpm.o)
                0x0011164c                srvPmGetSessionHandle
 .text.rbtree_node_next
                0x00111658       0x5c C:/devkitPro/libctru/lib\libctru.a(rbtree_iterator.o)
                0x00111658                rbtree_node_next
 .text.encode_utf16
                0x001116b4       0x54 C:/devkitPro/libctru/lib\libctru.a(encode_utf16.o)
                0x001116b4                encode_utf16
 .text.encode_utf8
                0x00111708       0xe0 C:/devkitPro/libctru/lib\libctru.a(encode_utf8.o)
                0x00111708                encode_utf8
 .text.decode_utf16
                0x001117e8       0x64 C:/devkitPro/libctru/lib\libctru.a(decode_utf16.o)
                0x001117e8                decode_utf16
 .text.__appInit
                0x0011184c       0x30 C:/devkitPro/libctru/lib\libctru.a(appInit.o)
                0x0011184c                __appInit
 .text.__syscall_getreent
                0x0011187c       0x30 C:/devkitPro/libctru/lib\libctru.a(syscalls.o)
                0x0011187c                __syscall_getreent
 .text.__syscall_gettod_r
                0x001118ac       0x64 C:/devkitPro/libctru/lib\libctru.a(syscalls.o)
                0x001118ac                __syscall_gettod_r
 .text.__syscall_lock_acquire
                0x00111910        0x4 C:/devkitPro/libctru/lib\libctru.a(syscalls.o)
                0x00111910                __syscall_lock_acquire
 .text.__syscall_lock_release
                0x00111914        0x4 C:/devkitPro/libctru/lib\libctru.a(syscalls.o)
                0x00111914                __syscall_lock_release
 .text.__syscall_lock_acquire_recursive
                0x00111918        0x4 C:/devkitPro/libctru/lib\libctru.a(syscalls.o)
                0x00111918                __syscall_lock_acquire_recursive
 .text.__syscall_lock_release_recursive
                0x0011191c        0x4 C:/devkitPro/libctru/lib\libctru.a(syscalls.o)
                0x0011191c                __syscall_lock_release_recursive
 .text.__syscall_exit
                0x00111920        0x4 C:/devkitPro/libctru/lib\libctru.a(syscalls.o)
                0x00111920                __syscall_exit
 .text.initThreadVars
                0x00111924       0x50 C:/devkitPro/libctru/lib\libctru.a(syscalls.o)
                0x00111924                initThreadVars
 .text.__system_initSyscalls
                0x00111974       0x80 C:/devkitPro/libctru/lib\libctru.a(syscalls.o)
                0x00111974                __system_initSyscalls
 .text.__appExit
                0x001119f4       0x30 C:/devkitPro/libctru/lib\libctru.a(appExit.o)
                0x001119f4                __appExit
 .text.__libctru_exit
                0x00111a24       0x90 C:/devkitPro/libctru/lib\libctru.a(ctru_exit.o)
                0x00111a24                __libctru_exit
 .text.archive_link
                0x00111ab4       0x14 C:/devkitPro/libctru/lib\libctru.a(archive_dev.o)
 .text.archive_dirreset
                0x00111ac8       0x14 C:/devkitPro/libctru/lib\libctru.a(archive_dev.o)
 .text.archive_chmod
                0x00111adc       0x14 C:/devkitPro/libctru/lib\libctru.a(archive_dev.o)
 .text.error_cmp
                0x00111af0       0x24 C:/devkitPro/libctru/lib\libctru.a(archive_dev.o)
 .text.archive_translate_error
                0x00111b14       0x50 C:/devkitPro/libctru/lib\libctru.a(archive_dev.o)
 .text.archive_seek
                0x00111b64       0xc8 C:/devkitPro/libctru/lib\libctru.a(archive_dev.o)
 .text._archiveInit.part.0
                0x00111c2c       0x7c C:/devkitPro/libctru/lib\libctru.a(archive_dev.o)
 .text.archiveFindDevice.part.0
                0x00111ca8       0xc4 C:/devkitPro/libctru/lib\libctru.a(archive_dev.o)
 .text.archive_utf16path
                0x00111d6c      0x25c C:/devkitPro/libctru/lib\libctru.a(archive_dev.o)
 .text._archiveUnmountDeviceStruct.part.0
                0x00111fc8       0xa0 C:/devkitPro/libctru/lib\libctru.a(archive_dev.o)
 .text.archive_fchmod
                0x00112068       0x14 C:/devkitPro/libctru/lib\libctru.a(archive_dev.o)
 .text.archive_statvfs
                0x0011207c       0x14 C:/devkitPro/libctru/lib\libctru.a(archive_dev.o)
 .text._archiveMountDevice
                0x00112090      0x164 C:/devkitPro/libctru/lib\libctru.a(archive_dev.o)
 .text.archive_diropen
                0x001121f4       0xe8 C:/devkitPro/libctru/lib\libctru.a(archive_dev.o)
 .text.archive_fstat
                0x001122dc       0xa4 C:/devkitPro/libctru/lib\libctru.a(archive_dev.o)
 .text.archive_close
                0x00112380       0x6c C:/devkitPro/libctru/lib\libctru.a(archive_dev.o)
 .text.archive_fsync
                0x001123ec       0x6c C:/devkitPro/libctru/lib\libctru.a(archive_dev.o)
 .text.archive_dirclose
                0x00112458       0x70 C:/devkitPro/libctru/lib\libctru.a(archive_dev.o)
 .text.sdmc_statvfs
                0x001124c8       0xe8 C:/devkitPro/libctru/lib\libctru.a(archive_dev.o)
 .text.archive_chdir
                0x001125b0       0xec C:/devkitPro/libctru/lib\libctru.a(archive_dev.o)
 .text.archive_ftruncate
                0x0011269c       0x7c C:/devkitPro/libctru/lib\libctru.a(archive_dev.o)
 .text.archive_read
                0x00112718       0xac C:/devkitPro/libctru/lib\libctru.a(archive_dev.o)
 .text.archive_unlink
                0x001127c4       0xa4 C:/devkitPro/libctru/lib\libctru.a(archive_dev.o)
 .text.archive_rmdir
                0x00112868       0xbc C:/devkitPro/libctru/lib\libctru.a(archive_dev.o)
 .text.archive_mkdir
                0x00112924       0xdc C:/devkitPro/libctru/lib\libctru.a(archive_dev.o)
 .text.archive_stat
                0x00112a00      0x19c C:/devkitPro/libctru/lib\libctru.a(archive_dev.o)
 .text.archive_dirnext
                0x00112b9c      0x15c C:/devkitPro/libctru/lib\libctru.a(archive_dev.o)
 .text.archive_write
                0x00112cf8       0xec C:/devkitPro/libctru/lib\libctru.a(archive_dev.o)
 .text.archive_open
                0x00112de4      0x1d4 C:/devkitPro/libctru/lib\libctru.a(archive_dev.o)
 .text.archive_rename
                0x00112fb8      0x278 C:/devkitPro/libctru/lib\libctru.a(archive_dev.o)
 .text.archiveMountSdmc
                0x00113230      0x19c C:/devkitPro/libctru/lib\libctru.a(archive_dev.o)
                0x00113230                archiveMountSdmc
 .text.archiveUnmountAll
                0x001133cc       0x54 C:/devkitPro/libctru/lib\libctru.a(archive_dev.o)
                0x001133cc                archiveUnmountAll
 .text.sinf     0x00113420      0x24c c:/devkitpro/devkitarm/bin/../lib/gcc/arm-none-eabi/12.2.0/../../../../arm-none-eabi/lib/armv6k/fpu\libm.a(libm_a-sinf.o)
                0x00113420                sinf
 *fill*         0x0011366c        0x4 
 .text.cosf     0x00113670      0x22c c:/devkitpro/devkitarm/bin/../lib/gcc/arm-none-eabi/12.2.0/../../../../arm-none-eabi/lib/armv6k/fpu\libm.a(libm_a-cosf.o)
                0x00113670                cosf
 .text.with_errnof
                0x0011389c       0x24 c:/devkitpro/devkitarm/bin/../lib/gcc/arm-none-eabi/12.2.0/../../../../arm-none-eabi/lib/armv6k/fpu\libm.a(libm_a-math_errf.o)
 .text.__math_invalidf
                0x001138c0       0x1c c:/devkitpro/devkitarm/bin/../lib/gcc/arm-none-eabi/12.2.0/../../../../arm-none-eabi/lib/armv6k/fpu\libm.a(libm_a-math_errf.o)
                0x001138c0                __math_invalidf
 .text.__udivmoddi4
                0x001138dc      0x120 c:/devkitpro/devkitarm/bin/../lib/gcc/arm-none-eabi/12.2.0/armv6k/fpu\libgcc.a(_udivmoddi4.o)
                0x001138dc                __udivmoddi4
 .text.calloc   0x001139fc       0x20 c:/devkitpro/devkitarm/bin/../lib/gcc/arm-none-eabi/12.2.0/../../../../arm-none-eabi/lib/armv6k/fpu\libg.a(libc_a-calloc.o)
                0x001139fc                calloc
 .text._calloc_r
                0x00113a1c       0xc0 c:/devkitpro/devkitarm/bin/../lib/gcc/arm-none-eabi/12.2.0/../../../../arm-none-eabi/lib/armv6k/fpu\libg.a(libc_a-callocr.o)
                0x00113a1c                _calloc_r
 .text.exit     0x00113adc       0x30 c:/devkitpro/devkitarm/bin/../lib/gcc/arm-none-eabi/12.2.0/../../../../arm-none-eabi/lib/armv6k/fpu\libg.a(libc_a-exit.o)
                0x00113adc                exit
 .text.malloc   0x00113b0c       0x18 c:/devkitpro/devkitarm/bin/../lib/gcc/arm-none-eabi/12.2.0/../../../../arm-none-eabi/lib/armv6k/fpu\libg.a(libc_a-malloc.o)
                0x00113b0c                malloc
 .text.free     0x00113b24       0x18 c:/devkitpro/devkitarm/bin/../lib/gcc/arm-none-eabi/12.2.0/../../../../arm-none-eabi/lib/armv6k/fpu\libg.a(libc_a-malloc.o)
                0x00113b24                free
 .text._malloc_r
                0x00113b3c      0x7e4 c:/devkitpro/devkitarm/bin/../lib/gcc/arm-none-eabi/12.2.0/../../../../arm-none-eabi/lib/armv6k/fpu\libg.a(libc_a-mallocr.o)
                0x00113b3c                _malloc_r
 .text.__malloc_lock
                0x00114320        0xc c:/devkitpro/devkitarm/bin/../lib/gcc/arm-none-eabi/12.2.0/../../../../arm-none-eabi/lib/armv6k/fpu\libg.a(libc_a-mlock.o)
                0x00114320                __malloc_lock
 .text.__malloc_unlock
                0x0011432c        0xc c:/devkitpro/devkitarm/bin/../lib/gcc/arm-none-eabi/12.2.0/../../../../arm-none-eabi/lib/armv6k/fpu\libg.a(libc_a-mlock.o)
                0x0011432c                __malloc_unlock
 .text.srand    0x00114338       0x1c c:/devkitpro/devkitarm/bin/../lib/gcc/arm-none-eabi/12.2.0/../../../../arm-none-eabi/lib/armv6k/fpu\libg.a(libc_a-rand.o)
                0x00114338                srand
 .text.rand     0x00114354       0x44 c:/devkitpro/devkitarm/bin/../lib/gcc/arm-none-eabi/12.2.0/../../../../arm-none-eabi/lib/armv6k/fpu\libg.a(libc_a-rand.o)
                0x00114354                rand
 .text._strtoul_l.constprop.0
                0x00114398      0x1c4 c:/devkitpro/devkitarm/bin/../lib/gcc/arm-none-eabi/12.2.0/../../../../arm-none-eabi/lib/armv6k/fpu\libg.a(libc_a-strtoul.o)
 .text._strtoul_r
                0x0011455c       0x30 c:/devkitpro/devkitarm/bin/../lib/gcc/arm-none-eabi/12.2.0/../../../../arm-none-eabi/lib/armv6k/fpu\libg.a(libc_a-strtoul.o)
                0x0011455c                _strtoul_r
 .text.strtoul  0x0011458c       0x34 c:/devkitpro/devkitarm/bin/../lib/gcc/arm-none-eabi/12.2.0/../../../../arm-none-eabi/lib/armv6k/fpu\libg.a(libc_a-strtoul.o)
                0x0011458c                strtoul
 .text.memalign
                0x001145c0       0x20 c:/devkitpro/devkitarm/bin/../lib/gcc/arm-none-eabi/12.2.0/../../../../arm-none-eabi/lib/armv6k/fpu\libg.a(libc_a-malign.o)
                0x001145c0                memalign
 .text._memalign_r
                0x001145e0      0x14c c:/devkitpro/devkitarm/bin/../lib/gcc/arm-none-eabi/12.2.0/../../../../arm-none-eabi/lib/armv6k/fpu\libg.a(libc_a-malignr.o)
                0x001145e0                _memalign_r
 .text.bsearch  0x0011472c       0x78 c:/devkitpro/devkitarm/bin/../lib/gcc/arm-none-eabi/12.2.0/../../../../arm-none-eabi/lib/armv6k/fpu\libg.a(libc_a-bsearch.o)
                0x0011472c                bsearch
 .text._fclose_r
                0x001147a4      0x148 c:/devkitpro/devkitarm/bin/../lib/gcc/arm-none-eabi/12.2.0/../../../../arm-none-eabi/lib/armv6k/fpu\libg.a(libc_a-fclose.o)
                0x001147a4                _fclose_r
 .text.fclose   0x001148ec       0x18 c:/devkitpro/devkitarm/bin/../lib/gcc/arm-none-eabi/12.2.0/../../../../arm-none-eabi/lib/armv6k/fpu\libg.a(libc_a-fclose.o)
                0x001148ec                fclose
 .text.__sflush_r
                0x00114904      0x234 c:/devkitpro/devkitarm/bin/../lib/gcc/arm-none-eabi/12.2.0/../../../../arm-none-eabi/lib/armv6k/fpu\libg.a(libc_a-fflush.o)
                0x00114904                __sflush_r
 .text._fflush_r
                0x00114b38       0x94 c:/devkitpro/devkitarm/bin/../lib/gcc/arm-none-eabi/12.2.0/../../../../arm-none-eabi/lib/armv6k/fpu\libg.a(libc_a-fflush.o)
                0x00114b38                _fflush_r
 .text.stdio_exit_handler
                0x00114bcc       0x1c c:/devkitpro/devkitarm/bin/../lib/gcc/arm-none-eabi/12.2.0/../../../../arm-none-eabi/lib/armv6k/fpu\libg.a(libc_a-findfp.o)
 .text.cleanup_stdio
                0x00114be8       0x5c c:/devkitpro/devkitarm/bin/../lib/gcc/arm-none-eabi/12.2.0/../../../../arm-none-eabi/lib/armv6k/fpu\libg.a(libc_a-findfp.o)
 .text.global_stdio_init.part.0
                0x00114c44      0x154 c:/devkitpro/devkitarm/bin/../lib/gcc/arm-none-eabi/12.2.0/../../../../arm-none-eabi/lib/armv6k/fpu\libg.a(libc_a-findfp.o)
 .text.__sfp    0x00114d98      0x134 c:/devkitpro/devkitarm/bin/../lib/gcc/arm-none-eabi/12.2.0/../../../../arm-none-eabi/lib/armv6k/fpu\libg.a(libc_a-findfp.o)
                0x00114d98                __sfp
 .text.__sinit  0x00114ecc       0x5c c:/devkitpro/devkitarm/bin/../lib/gcc/arm-none-eabi/12.2.0/../../../../arm-none-eabi/lib/armv6k/fpu\libg.a(libc_a-findfp.o)
                0x00114ecc                __sinit
 .text.__sfp_lock_acquire
                0x00114f28        0xc c:/devkitpro/devkitarm/bin/../lib/gcc/arm-none-eabi/12.2.0/../../../../arm-none-eabi/lib/armv6k/fpu\libg.a(libc_a-findfp.o)
                0x00114f28                __sfp_lock_acquire
 .text.__sfp_lock_release
                0x00114f34        0xc c:/devkitpro/devkitarm/bin/../lib/gcc/arm-none-eabi/12.2.0/../../../../arm-none-eabi/lib/armv6k/fpu\libg.a(libc_a-findfp.o)
                0x00114f34                __sfp_lock_release
 .text._fopen_r
                0x00114f40      0x12c c:/devkitpro/devkitarm/bin/../lib/gcc/arm-none-eabi/12.2.0/../../../../arm-none-eabi/lib/armv6k/fpu\libg.a(libc_a-fopen.o)
                0x00114f40                _fopen_r
 .text.fopen    0x0011506c       0x20 c:/devkitpro/devkitarm/bin/../lib/gcc/arm-none-eabi/12.2.0/../../../../arm-none-eabi/lib/armv6k/fpu\libg.a(libc_a-fopen.o)
                0x0011506c                fopen
 .text._fread_r
                0x0011508c      0x344 c:/devkitpro/devkitarm/bin/../lib/gcc/arm-none-eabi/12.2.0/../../../../arm-none-eabi/lib/armv6k/fpu\libg.a(libc_a-fread.o)
                0x0011508c                _fread_r
 .text.fread    0x001153d0       0x38 c:/devkitpro/devkitarm/bin/../lib/gcc/arm-none-eabi/12.2.0/../../../../arm-none-eabi/lib/armv6k/fpu\libg.a(libc_a-fread.o)
                0x001153d0                fread
 .text._fseek_r
                0x00115408       0x1c c:/devkitpro/devkitarm/bin/../lib/gcc/arm-none-eabi/12.2.0/../../../../arm-none-eabi/lib/armv6k/fpu\libg.a(libc_a-fseek.o)
                0x00115408                _fseek_r
 .text._fwalk_sglue
                0x00115424       0x70 c:/devkitpro/devkitarm/bin/../lib/gcc/arm-none-eabi/12.2.0/../../../../arm-none-eabi/lib/armv6k/fpu\libg.a(libc_a-fwalk.o)
                0x00115424                _fwalk_sglue
 .text.__smakebuf_r
                0x00115494      0x130 c:/devkitpro/devkitarm/bin/../lib/gcc/arm-none-eabi/12.2.0/../../../../arm-none-eabi/lib/armv6k/fpu\libg.a(libc_a-makebuf.o)
                0x00115494                __smakebuf_r
 .text.__swhatbuf_r
                0x001155c4       0x8c c:/devkitpro/devkitarm/bin/../lib/gcc/arm-none-eabi/12.2.0/../../../../arm-none-eabi/lib/armv6k/fpu\libg.a(libc_a-makebuf.o)
                0x001155c4                __swhatbuf_r
 .text._puts_r  0x00115650       0xe0 c:/devkitpro/devkitarm/bin/../lib/gcc/arm-none-eabi/12.2.0/../../../../arm-none-eabi/lib/armv6k/fpu\libg.a(libc_a-puts.o)
                0x00115650                _puts_r
 .text.puts     0x00115730       0x18 c:/devkitpro/devkitarm/bin/../lib/gcc/arm-none-eabi/12.2.0/../../../../arm-none-eabi/lib/armv6k/fpu\libg.a(libc_a-puts.o)
                0x00115730                puts
 .text.lflush   0x00115748       0x38 c:/devkitpro/devkitarm/bin/../lib/gcc/arm-none-eabi/12.2.0/../../../../arm-none-eabi/lib/armv6k/fpu\libg.a(libc_a-refill.o)
 .text.__srefill_r
                0x00115780      0x19c c:/devkitpro/devkitarm/bin/../lib/gcc/arm-none-eabi/12.2.0/../../../../arm-none-eabi/lib/armv6k/fpu\libg.a(libc_a-refill.o)
                0x00115780                __srefill_r
 .text.setvbuf  0x0011591c      0x264 c:/devkitpro/devkitarm/bin/../lib/gcc/arm-none-eabi/12.2.0/../../../../arm-none-eabi/lib/armv6k/fpu\libg.a(libc_a-setvbuf.o)
                0x0011591c                setvbuf
 .text.sscanf   0x00115b80       0x74 c:/devkitpro/devkitarm/bin/../lib/gcc/arm-none-eabi/12.2.0/../../../../arm-none-eabi/lib/armv6k/fpu\libg.a(libc_a-sscanf.o)
                0x00115b80                sscanf
 .text.__sread  0x00115bf4       0x44 c:/devkitpro/devkitarm/bin/../lib/gcc/arm-none-eabi/12.2.0/../../../../arm-none-eabi/lib/armv6k/fpu\libg.a(libc_a-stdio.o)
                0x00115bf4                __sread
 .text.__seofread
                0x00115c38        0x8 c:/devkitpro/devkitarm/bin/../lib/gcc/arm-none-eabi/12.2.0/../../../../arm-none-eabi/lib/armv6k/fpu\libg.a(libc_a-stdio.o)
                0x00115c38                __seofread
 .text.__swrite
                0x00115c40       0x68 c:/devkitpro/devkitarm/bin/../lib/gcc/arm-none-eabi/12.2.0/../../../../arm-none-eabi/lib/armv6k/fpu\libg.a(libc_a-stdio.o)
                0x00115c40                __swrite
 .text.__sseek  0x00115ca8       0x44 c:/devkitpro/devkitarm/bin/../lib/gcc/arm-none-eabi/12.2.0/../../../../arm-none-eabi/lib/armv6k/fpu\libg.a(libc_a-stdio.o)
                0x00115ca8                __sseek
 .text.__sclose
                0x00115cec        0x8 c:/devkitpro/devkitarm/bin/../lib/gcc/arm-none-eabi/12.2.0/../../../../arm-none-eabi/lib/armv6k/fpu\libg.a(libc_a-stdio.o)
                0x00115cec                __sclose
 .text._fseeko_r
                0x00115cf4      0x5a0 c:/devkitpro/devkitarm/bin/../lib/gcc/arm-none-eabi/12.2.0/../../../../arm-none-eabi/lib/armv6k/fpu\libg.a(libc_a-fseeko.o)
                0x00115cf4                _fseeko_r
 .text.memcmp   0x00116294       0xb0 c:/devkitpro/devkitarm/bin/../lib/gcc/arm-none-eabi/12.2.0/../../../../arm-none-eabi/lib/armv6k/fpu\libg.a(libc_a-memcmp.o)
                0x00116294                memcmp
 .text.memset   0x00116344       0xf4 c:/devkitpro/devkitarm/bin/../lib/gcc/arm-none-eabi/12.2.0/../../../../arm-none-eabi/lib/armv6k/fpu\libg.a(libc_a-memset.o)
                0x00116344                memset
 .text.strchr   0x00116438      0x130 c:/devkitpro/devkitarm/bin/../lib/gcc/arm-none-eabi/12.2.0/../../../../arm-none-eabi/lib/armv6k/fpu\libg.a(libc_a-strchr.o)
                0x00116438                strchr
 .text.strlen   0x00116568       0x90 c:/devkitpro/devkitarm/bin/../lib/gcc/arm-none-eabi/12.2.0/../../../../arm-none-eabi/lib/armv6k/fpu\libg.a(libc_a-strlen.o)
                0x00116568                strlen
 .text.strncat  0x001165f8       0xe4 c:/devkitpro/devkitarm/bin/../lib/gcc/arm-none-eabi/12.2.0/../../../../arm-none-eabi/lib/armv6k/fpu\libg.a(libc_a-strncat.o)
                0x001165f8                strncat
 .text.strncmp  0x001166dc       0xe4 c:/devkitpro/devkitarm/bin/../lib/gcc/arm-none-eabi/12.2.0/../../../../arm-none-eabi/lib/armv6k/fpu\libg.a(libc_a-strncmp.o)
                0x001166dc                strncmp
 .text.strncpy  0x001167c0       0xc4 c:/devkitpro/devkitarm/bin/../lib/gcc/arm-none-eabi/12.2.0/../../../../arm-none-eabi/lib/armv6k/fpu\libg.a(libc_a-strncpy.o)
                0x001167c0                strncpy
 .text.strnlen  0x00116884       0x48 c:/devkitpro/devkitarm/bin/../lib/gcc/arm-none-eabi/12.2.0/../../../../arm-none-eabi/lib/armv6k/fpu\libg.a(libc_a-strnlen.o)
                0x00116884                strnlen
 .text.time     0x001168cc       0x4c c:/devkitpro/devkitarm/bin/../lib/gcc/arm-none-eabi/12.2.0/../../../../arm-none-eabi/lib/armv6k/fpu\libg.a(libc_a-time.o)
                0x001168cc                time
 .text.__errno  0x00116918        0xc c:/devkitpro/devkitarm/bin/../lib/gcc/arm-none-eabi/12.2.0/../../../../arm-none-eabi/lib/armv6k/fpu\libg.a(libc_a-errno.o)
                0x00116918                __errno
 .text.__libc_init_array
                0x00116924       0x84 c:/devkitpro/devkitarm/bin/../lib/gcc/arm-none-eabi/12.2.0/../../../../arm-none-eabi/lib/armv6k/fpu\libg.a(libc_a-init.o)
                0x00116924                __libc_init_array
 .text.__libc_fini_array
                0x001169a8       0x3c c:/devkitpro/devkitarm/bin/../lib/gcc/arm-none-eabi/12.2.0/../../../../arm-none-eabi/lib/armv6k/fpu\libg.a(libc_a-fini.o)
                0x001169a8                __libc_fini_array
 .text.memchr   0x001169e4       0xe4 c:/devkitpro/devkitarm/bin/../lib/gcc/arm-none-eabi/12.2.0/../../../../arm-none-eabi/lib/armv6k/fpu\libg.a(libc_a-memchr-stub.o)
                0x001169e4                memchr
 .text.memcpy   0x00116ac8      0x118 c:/devkitpro/devkitarm/bin/../lib/gcc/arm-none-eabi/12.2.0/../../../../arm-none-eabi/lib/armv6k/fpu\libg.a(libc_a-memcpy-stub.o)
                0x00116ac8                memcpy
 .text.__call_exitprocs
                0x00116be0      0x110 c:/devkitpro/devkitarm/bin/../lib/gcc/arm-none-eabi/12.2.0/../../../../arm-none-eabi/lib/armv6k/fpu\libg.a(libc_a-__call_atexit.o)
                0x00116be0                __call_exitprocs
 .text._malloc_trim_r
                0x00116cf0       0xf8 c:/devkitpro/devkitarm/bin/../lib/gcc/arm-none-eabi/12.2.0/../../../../arm-none-eabi/lib/armv6k/fpu\libg.a(libc_a-freer.o)
                0x00116cf0                _malloc_trim_r
 .text._free_r  0x00116de8      0x2e8 c:/devkitpro/devkitarm/bin/../lib/gcc/arm-none-eabi/12.2.0/../../../../arm-none-eabi/lib/armv6k/fpu\libg.a(libc_a-freer.o)
                0x00116de8                _free_r
 .text.get_arg  0x001170d0       0x50 c:/devkitpro/devkitarm/bin/../lib/gcc/arm-none-eabi/12.2.0/../../../../arm-none-eabi/lib/armv6k/fpu\libg.a(libc_a-svfscanf.o)
 .text.__ssvfscanf_r
                0x00117120     0x2c44 c:/devkitpro/devkitarm/bin/../lib/gcc/arm-none-eabi/12.2.0/../../../../arm-none-eabi/lib/armv6k/fpu\libg.a(libc_a-svfscanf.o)
                0x00117120                __ssvfscanf_r
 .text.__sflags
                0x00119d64       0xc8 c:/devkitpro/devkitarm/bin/../lib/gcc/arm-none-eabi/12.2.0/../../../../arm-none-eabi/lib/armv6k/fpu\libg.a(libc_a-flags.o)
                0x00119d64                __sflags
 .text.__sfvwrite_r
                0x00119e2c      0x4b4 c:/devkitpro/devkitarm/bin/../lib/gcc/arm-none-eabi/12.2.0/../../../../arm-none-eabi/lib/armv6k/fpu\libg.a(libc_a-fvwrite.o)
                0x00119e2c                __sfvwrite_r
 .text.__sccl   0x0011a2e0       0xf4 c:/devkitpro/devkitarm/bin/../lib/gcc/arm-none-eabi/12.2.0/../../../../arm-none-eabi/lib/armv6k/fpu\libg.a(libc_a-sccl.o)
                0x0011a2e0                __sccl
 .text.sprintf  0x0011a3d4       0x64 c:/devkitpro/devkitarm/bin/../lib/gcc/arm-none-eabi/12.2.0/../../../../arm-none-eabi/lib/armv6k/fpu\libg.a(libc_a-sprintf.o)
                0x0011a3d4                sprintf
 .text.__swsetup_r
                0x0011a438      0x134 c:/devkitpro/devkitarm/bin/../lib/gcc/arm-none-eabi/12.2.0/../../../../arm-none-eabi/lib/armv6k/fpu\libg.a(libc_a-wsetup.o)
                0x0011a438                __swsetup_r
 .text.memmove  0x0011a56c      0x150 c:/devkitpro/devkitarm/bin/../lib/gcc/arm-none-eabi/12.2.0/../../../../arm-none-eabi/lib/armv6k/fpu\libg.a(libc_a-memmove.o)
                0x0011a56c                memmove
 .text.stpncpy  0x0011a6bc       0xcc c:/devkitpro/devkitarm/bin/../lib/gcc/arm-none-eabi/12.2.0/../../../../arm-none-eabi/lib/armv6k/fpu\libg.a(libc_a-stpncpy.o)
                0x0011a6bc                stpncpy
 .text.__locale_mb_cur_max
                0x0011a788       0x24 c:/devkitpro/devkitarm/bin/../lib/gcc/arm-none-eabi/12.2.0/../../../../arm-none-eabi/lib/armv6k/fpu\libg.a(libc_a-locale.o)
                0x0011a788                __locale_mb_cur_max
 .text._localeconv_r
                0x0011a7ac       0x24 c:/devkitpro/devkitarm/bin/../lib/gcc/arm-none-eabi/12.2.0/../../../../arm-none-eabi/lib/armv6k/fpu\libg.a(libc_a-localeconv.o)
                0x0011a7ac                _localeconv_r
 .text.nanf     0x0011a7d0        0xc c:/devkitpro/devkitarm/bin/../lib/gcc/arm-none-eabi/12.2.0/../../../../arm-none-eabi/lib/armv6k/fpu\libg.a(libm_a-sf_nan.o)
                0x0011a7d0                nanf
 .text.__utf8_mbtowc
                0x0011a7dc      0x2f8 c:/devkitpro/devkitarm/bin/../lib/gcc/arm-none-eabi/12.2.0/../../../../arm-none-eabi/lib/armv6k/fpu\libg.a(libc_a-mbtowc_r.o)
                0x0011a7dc                __utf8_mbtowc
 .text.realloc  0x0011aad4       0x20 c:/devkitpro/devkitarm/bin/../lib/gcc/arm-none-eabi/12.2.0/../../../../arm-none-eabi/lib/armv6k/fpu\libg.a(libc_a-realloc.o)
                0x0011aad4                realloc
 .text._realloc_r
                0x0011aaf4      0x4a0 c:/devkitpro/devkitarm/bin/../lib/gcc/arm-none-eabi/12.2.0/../../../../arm-none-eabi/lib/armv6k/fpu\libg.a(libc_a-reallocr.o)
                0x0011aaf4                _realloc_r
 .text.sulp     0x0011af94       0x64 c:/devkitpro/devkitarm/bin/../lib/gcc/arm-none-eabi/12.2.0/../../../../arm-none-eabi/lib/armv6k/fpu\libg.a(libc_a-strtod.o)
 .text._strtod_l
                0x0011aff8     0x13a8 c:/devkitpro/devkitarm/bin/../lib/gcc/arm-none-eabi/12.2.0/../../../../arm-none-eabi/lib/armv6k/fpu\libg.a(libc_a-strtod.o)
                0x0011aff8                _strtod_l
 .text._strtod_r
                0x0011c3a0       0x40 c:/devkitpro/devkitarm/bin/../lib/gcc/arm-none-eabi/12.2.0/../../../../arm-none-eabi/lib/armv6k/fpu\libg.a(libc_a-strtod.o)
                0x0011c3a0                _strtod_r
 .text._strtol_l.part.0
                0x0011c3e0      0x1a4 c:/devkitpro/devkitarm/bin/../lib/gcc/arm-none-eabi/12.2.0/../../../../arm-none-eabi/lib/armv6k/fpu\libg.a(libc_a-strtol.o)
 .text._strtol_r
                0x0011c584       0x60 c:/devkitpro/devkitarm/bin/../lib/gcc/arm-none-eabi/12.2.0/../../../../arm-none-eabi/lib/armv6k/fpu\libg.a(libc_a-strtol.o)
                0x0011c584                _strtol_r
 .text.__utf8_wctomb
                0x0011c5e4       0xf0 c:/devkitpro/devkitarm/bin/../lib/gcc/arm-none-eabi/12.2.0/../../../../arm-none-eabi/lib/armv6k/fpu\libg.a(libc_a-wctomb_r.o)
                0x0011c5e4                __utf8_wctomb
 .text._strtoll_l.constprop.0
                0x0011c6d4      0x22c c:/devkitpro/devkitarm/bin/../lib/gcc/arm-none-eabi/12.2.0/../../../../arm-none-eabi/lib/armv6k/fpu\libg.a(libc_a-strtoll.o)
 .text._strtoll_r
                0x0011c900       0x30 c:/devkitpro/devkitarm/bin/../lib/gcc/arm-none-eabi/12.2.0/../../../../arm-none-eabi/lib/armv6k/fpu\libg.a(libc_a-strtoll.o)
                0x0011c900                _strtoll_r
 .text._strtoull_l.constprop.0
                0x0011c930      0x244 c:/devkitpro/devkitarm/bin/../lib/gcc/arm-none-eabi/12.2.0/../../../../arm-none-eabi/lib/armv6k/fpu\libg.a(libc_a-strtoull.o)
 .text._strtoull_r
                0x0011cb74       0x30 c:/devkitpro/devkitarm/bin/../lib/gcc/arm-none-eabi/12.2.0/../../../../arm-none-eabi/lib/armv6k/fpu\libg.a(libc_a-strtoull.o)
                0x0011cb74                _strtoull_r
 .text._mbrtowc_r
                0x0011cba4       0xbc c:/devkitpro/devkitarm/bin/../lib/gcc/arm-none-eabi/12.2.0/../../../../arm-none-eabi/lib/armv6k/fpu\libg.a(libc_a-mbrtowc.o)
                0x0011cba4                _mbrtowc_r
 .text.iswspace
                0x0011cc60        0x8 c:/devkitpro/devkitarm/bin/../lib/gcc/arm-none-eabi/12.2.0/../../../../arm-none-eabi/lib/armv6k/fpu\libg.a(libc_a-iswspace.o)
                0x0011cc60                iswspace
 .text.iswspace_l
                0x0011cc68       0x38 c:/devkitpro/devkitarm/bin/../lib/gcc/arm-none-eabi/12.2.0/../../../../arm-none-eabi/lib/armv6k/fpu\libg.a(libc_a-iswspace_l.o)
                0x0011cc68                iswspace_l
 .text._sungetc_r
                0x0011cca0       0xd4 c:/devkitpro/devkitarm/bin/../lib/gcc/arm-none-eabi/12.2.0/../../../../arm-none-eabi/lib/armv6k/fpu\libg.a(libc_a-svfiscanf.o)
                0x0011cca0                _sungetc_r
 .text.__ssrefill_r
                0x0011cd74       0x6c c:/devkitpro/devkitarm/bin/../lib/gcc/arm-none-eabi/12.2.0/../../../../arm-none-eabi/lib/armv6k/fpu\libg.a(libc_a-svfiscanf.o)
                0x0011cd74                __ssrefill_r
 .text._sfread_r
                0x0011cde0       0xc4 c:/devkitpro/devkitarm/bin/../lib/gcc/arm-none-eabi/12.2.0/../../../../arm-none-eabi/lib/armv6k/fpu\libg.a(libc_a-svfiscanf.o)
                0x0011cde0                _sfread_r
 .text.get_arg  0x0011cea4      0x67c c:/devkitpro/devkitarm/bin/../lib/gcc/arm-none-eabi/12.2.0/../../../../arm-none-eabi/lib/armv6k/fpu\libg.a(libc_a-svfprintf.o)
 .text._svfprintf_r
                0x0011d520     0x3344 c:/devkitpro/devkitarm/bin/../lib/gcc/arm-none-eabi/12.2.0/../../../../arm-none-eabi/lib/armv6k/fpu\libg.a(libc_a-svfprintf.o)
                0x0011d520                _svfprintf_r
 .text.__submore
                0x00120864       0xa8 c:/devkitpro/devkitarm/bin/../lib/gcc/arm-none-eabi/12.2.0/../../../../arm-none-eabi/lib/armv6k/fpu\libg.a(libc_a-ungetc.o)
                0x00120864                __submore
 *fill*         0x0012090c        0x4 
 .text.nan      0x00120910       0x10 c:/devkitpro/devkitarm/bin/../lib/gcc/arm-none-eabi/12.2.0/../../../../arm-none-eabi/lib/armv6k/fpu\libg.a(libm_a-s_nan.o)
                0x00120910                nan
 .text.frexp    0x00120920       0x88 c:/devkitpro/devkitarm/bin/../lib/gcc/arm-none-eabi/12.2.0/../../../../arm-none-eabi/lib/armv6k/fpu\libg.a(libm_a-s_frexp.o)
                0x00120920                frexp
 .text.quorem   0x001209a8      0x1b0 c:/devkitpro/devkitarm/bin/../lib/gcc/arm-none-eabi/12.2.0/../../../../arm-none-eabi/lib/armv6k/fpu\libg.a(libc_a-dtoa.o)
 .text._dtoa_r  0x00120b58     0x11f8 c:/devkitpro/devkitarm/bin/../lib/gcc/arm-none-eabi/12.2.0/../../../../arm-none-eabi/lib/armv6k/fpu\libg.a(libc_a-dtoa.o)
                0x00120b58                _dtoa_r
 .text.rshift   0x00121d50       0xf0 c:/devkitpro/devkitarm/bin/../lib/gcc/arm-none-eabi/12.2.0/../../../../arm-none-eabi/lib/armv6k/fpu\libg.a(libc_a-gdtoa-gethex.o)
 .text.__gethex
                0x00121e40      0x814 c:/devkitpro/devkitarm/bin/../lib/gcc/arm-none-eabi/12.2.0/../../../../arm-none-eabi/lib/armv6k/fpu\libg.a(libc_a-gdtoa-gethex.o)
                0x00121e40                __gethex
 .text.__match  0x00122654       0x4c c:/devkitpro/devkitarm/bin/../lib/gcc/arm-none-eabi/12.2.0/../../../../arm-none-eabi/lib/armv6k/fpu\libg.a(libc_a-gdtoa-hexnan.o)
                0x00122654                __match
 .text.__hexnan
                0x001226a0      0x29c c:/devkitpro/devkitarm/bin/../lib/gcc/arm-none-eabi/12.2.0/../../../../arm-none-eabi/lib/armv6k/fpu\libg.a(libc_a-gdtoa-hexnan.o)
                0x001226a0                __hexnan
 .text._Balloc  0x0012293c       0x88 c:/devkitpro/devkitarm/bin/../lib/gcc/arm-none-eabi/12.2.0/../../../../arm-none-eabi/lib/armv6k/fpu\libg.a(libc_a-mprec.o)
                0x0012293c                _Balloc
 .text._Bfree   0x001229c4       0x1c c:/devkitpro/devkitarm/bin/../lib/gcc/arm-none-eabi/12.2.0/../../../../arm-none-eabi/lib/armv6k/fpu\libg.a(libc_a-mprec.o)
                0x001229c4                _Bfree
 .text.__multadd
                0x001229e0       0xf4 c:/devkitpro/devkitarm/bin/../lib/gcc/arm-none-eabi/12.2.0/../../../../arm-none-eabi/lib/armv6k/fpu\libg.a(libc_a-mprec.o)
                0x001229e0                __multadd
 .text.__s2b    0x00122ad4      0x110 c:/devkitpro/devkitarm/bin/../lib/gcc/arm-none-eabi/12.2.0/../../../../arm-none-eabi/lib/armv6k/fpu\libg.a(libc_a-mprec.o)
                0x00122ad4                __s2b
 .text.__hi0bits
                0x00122be4       0x60 c:/devkitpro/devkitarm/bin/../lib/gcc/arm-none-eabi/12.2.0/../../../../arm-none-eabi/lib/armv6k/fpu\libg.a(libc_a-mprec.o)
                0x00122be4                __hi0bits
 .text.__lo0bits
                0x00122c44       0x9c c:/devkitpro/devkitarm/bin/../lib/gcc/arm-none-eabi/12.2.0/../../../../arm-none-eabi/lib/armv6k/fpu\libg.a(libc_a-mprec.o)
                0x00122c44                __lo0bits
 .text.__i2b    0x00122ce0       0xac c:/devkitpro/devkitarm/bin/../lib/gcc/arm-none-eabi/12.2.0/../../../../arm-none-eabi/lib/armv6k/fpu\libg.a(libc_a-mprec.o)
                0x00122ce0                __i2b
 .text.__multiply
                0x00122d8c      0x204 c:/devkitpro/devkitarm/bin/../lib/gcc/arm-none-eabi/12.2.0/../../../../arm-none-eabi/lib/armv6k/fpu\libg.a(libc_a-mprec.o)
                0x00122d8c                __multiply
 .text.__pow5mult
                0x00122f90      0x128 c:/devkitpro/devkitarm/bin/../lib/gcc/arm-none-eabi/12.2.0/../../../../arm-none-eabi/lib/armv6k/fpu\libg.a(libc_a-mprec.o)
                0x00122f90                __pow5mult
 .text.__lshift
                0x001230b8      0x140 c:/devkitpro/devkitarm/bin/../lib/gcc/arm-none-eabi/12.2.0/../../../../arm-none-eabi/lib/armv6k/fpu\libg.a(libc_a-mprec.o)
                0x001230b8                __lshift
 .text.__mcmp   0x001231f8       0x58 c:/devkitpro/devkitarm/bin/../lib/gcc/arm-none-eabi/12.2.0/../../../../arm-none-eabi/lib/armv6k/fpu\libg.a(libc_a-mprec.o)
                0x001231f8                __mcmp
 .text.__mdiff  0x00123250      0x1f0 c:/devkitpro/devkitarm/bin/../lib/gcc/arm-none-eabi/12.2.0/../../../../arm-none-eabi/lib/armv6k/fpu\libg.a(libc_a-mprec.o)
                0x00123250                __mdiff
 .text.__ulp    0x00123440       0x68 c:/devkitpro/devkitarm/bin/../lib/gcc/arm-none-eabi/12.2.0/../../../../arm-none-eabi/lib/armv6k/fpu\libg.a(libc_a-mprec.o)
                0x00123440                __ulp
 .text.__b2d    0x001234a8       0xd0 c:/devkitpro/devkitarm/bin/../lib/gcc/arm-none-eabi/12.2.0/../../../../arm-none-eabi/lib/armv6k/fpu\libg.a(libc_a-mprec.o)
                0x001234a8                __b2d
 .text.__d2b    0x00123578      0x120 c:/devkitpro/devkitarm/bin/../lib/gcc/arm-none-eabi/12.2.0/../../../../arm-none-eabi/lib/armv6k/fpu\libg.a(libc_a-mprec.o)
                0x00123578                __d2b
 .text.__ratio  0x00123698       0x78 c:/devkitpro/devkitarm/bin/../lib/gcc/arm-none-eabi/12.2.0/../../../../arm-none-eabi/lib/armv6k/fpu\libg.a(libc_a-mprec.o)
                0x00123698                __ratio
 .text.__copybits
                0x00123710       0x88 c:/devkitpro/devkitarm/bin/../lib/gcc/arm-none-eabi/12.2.0/../../../../arm-none-eabi/lib/armv6k/fpu\libg.a(libc_a-mprec.o)
                0x00123710                __copybits
 .text.__any_on
                0x00123798       0x5c c:/devkitpro/devkitarm/bin/../lib/gcc/arm-none-eabi/12.2.0/../../../../arm-none-eabi/lib/armv6k/fpu\libg.a(libc_a-mprec.o)
                0x00123798                __any_on
 .text._wcrtomb_r
                0x001237f4       0x94 c:/devkitpro/devkitarm/bin/../lib/gcc/arm-none-eabi/12.2.0/../../../../arm-none-eabi/lib/armv6k/fpu\libg.a(libc_a-wcrtomb.o)
                0x001237f4                _wcrtomb_r
 .text._wcsrtombs_r
                0x00123888       0x28 c:/devkitpro/devkitarm/bin/../lib/gcc/arm-none-eabi/12.2.0/../../../../arm-none-eabi/lib/armv6k/fpu\libg.a(libc_a-wcsrtombs.o)
                0x00123888                _wcsrtombs_r
 .text.category
                0x001238b0       0x8c c:/devkitpro/devkitarm/bin/../lib/gcc/arm-none-eabi/12.2.0/../../../../arm-none-eabi/lib/armv6k/fpu\libg.a(libc_a-categories.o)
                0x001238b0                category
 .text.__ssprint_r
                0x0012393c      0x188 c:/devkitpro/devkitarm/bin/../lib/gcc/arm-none-eabi/12.2.0/../../../../arm-none-eabi/lib/armv6k/fpu\libg.a(libc_a-svfiprintf.o)
                0x0012393c                __ssprint_r
 .text.__assert_func
                0x00123ac4       0x5c c:/devkitpro/devkitarm/bin/../lib/gcc/arm-none-eabi/12.2.0/../../../../arm-none-eabi/lib/armv6k/fpu\libg.a(libc_a-assert.o)
                0x00123ac4                __assert_func
 .text._wcsnrtombs_l
                0x00123b20      0x188 c:/devkitpro/devkitarm/bin/../lib/gcc/arm-none-eabi/12.2.0/../../../../arm-none-eabi/lib/armv6k/fpu\libg.a(libc_a-wcsnrtombs.o)
                0x00123b20                _wcsnrtombs_l
 .text._wcsnrtombs_r
                0x00123ca8       0x68 c:/devkitpro/devkitarm/bin/../lib/gcc/arm-none-eabi/12.2.0/../../../../arm-none-eabi/lib/armv6k/fpu\libg.a(libc_a-wcsnrtombs.o)
                0x00123ca8                _wcsnrtombs_r
 .text.fiprintf
                0x00123d10       0x3c c:/devkitpro/devkitarm/bin/../lib/gcc/arm-none-eabi/12.2.0/../../../../arm-none-eabi/lib/armv6k/fpu\libg.a(libc_a-fiprintf.o)
                0x00123d10                fiprintf
 .text.get_arg  0x00123d4c      0x67c c:/devkitpro/devkitarm/bin/../lib/gcc/arm-none-eabi/12.2.0/../../../../arm-none-eabi/lib/armv6k/fpu\libg.a(libc_a-vfiprintf.o)
 .text.__sprint_r
                0x001243c8       0x30 c:/devkitpro/devkitarm/bin/../lib/gcc/arm-none-eabi/12.2.0/../../../../arm-none-eabi/lib/armv6k/fpu\libg.a(libc_a-vfiprintf.o)
                0x001243c8                __sprint_r
 .text._vfiprintf_r
                0x001243f8     0x230c c:/devkitpro/devkitarm/bin/../lib/gcc/arm-none-eabi/12.2.0/../../../../arm-none-eabi/lib/armv6k/fpu\libg.a(libc_a-vfiprintf.o)
                0x001243f8                _vfiprintf_r
 .text.__sbprintf